Archive member included because of file (symbol)

C:\Users\Lee\AppData\Local\arduino15\packages\arduino\hardware\sam\1.6.9\variants\arduino_due_x/libsam_sam3x8e_gcc_rel.a(pio.o)
                              C:\Users\Lee\AppData\Local\Temp\VMicroBuilds\WebServer\arduino_due_x_dbg\SPI\SPI.cpp.o (PIO_Configure)
C:\Users\Lee\AppData\Local\arduino15\packages\arduino\hardware\sam\1.6.9\variants\arduino_due_x/libsam_sam3x8e_gcc_rel.a(spi.o)
                              C:\Users\Lee\AppData\Local\Temp\VMicroBuilds\WebServer\arduino_due_x_dbg\SPI\SPI.cpp.o (SPI_Enable)
C:\Users\Lee\AppData\Local\arduino15\packages\arduino\hardware\sam\1.6.9\variants\arduino_due_x/libsam_sam3x8e_gcc_rel.a(startup_sam3xa.o)
                              (Reset_Handler)
C:\Users\Lee\AppData\Local\arduino15\packages\arduino\hardware\sam\1.6.9\variants\arduino_due_x/libsam_sam3x8e_gcc_rel.a(uotghs.o)
                              C:\Users\Lee\AppData\Local\arduino15\packages\arduino\hardware\sam\1.6.9\variants\arduino_due_x/libsam_sam3x8e_gcc_rel.a(startup_sam3xa.o) (UOTGHS_Handler)
C:\Users\Lee\AppData\Local\arduino15\packages\arduino\hardware\sam\1.6.9\variants\arduino_due_x/libsam_sam3x8e_gcc_rel.a(pmc.o)
                              C:\Users\Lee\AppData\Local\arduino15\packages\arduino\hardware\sam\1.6.9\variants\arduino_due_x/libsam_sam3x8e_gcc_rel.a(spi.o) (pmc_enable_periph_clk)
C:\Users\Lee\AppData\Local\Temp\VMicroBuilds\WebServer\arduino_due_x_dbg/core.a(cortex_handlers.c.o)
                              C:\Users\Lee\AppData\Local\arduino15\packages\arduino\hardware\sam\1.6.9\variants\arduino_due_x/libsam_sam3x8e_gcc_rel.a(startup_sam3xa.o) (NMI_Handler)
C:\Users\Lee\AppData\Local\Temp\VMicroBuilds\WebServer\arduino_due_x_dbg/core.a(hooks.c.o)
                              C:\Users\Lee\AppData\Local\Temp\VMicroBuilds\WebServer\arduino_due_x_dbg\Ethernet\utility\socket.cpp.o (yield)
C:\Users\Lee\AppData\Local\Temp\VMicroBuilds\WebServer\arduino_due_x_dbg/core.a(syscalls_sam3.c.o)
                              (_sbrk)
C:\Users\Lee\AppData\Local\Temp\VMicroBuilds\WebServer\arduino_due_x_dbg/core.a(wiring.c.o)
                              C:\Users\Lee\AppData\Local\Temp\VMicroBuilds\WebServer\arduino_due_x_dbg\SD\utility\Sd2Card.cpp.o (millis)
C:\Users\Lee\AppData\Local\Temp\VMicroBuilds\WebServer\arduino_due_x_dbg/core.a(wiring_digital.c.o)
                              C:\Users\Lee\AppData\Local\Temp\VMicroBuilds\WebServer\arduino_due_x_dbg\SPI\SPI.cpp.o (pinMode)
C:\Users\Lee\AppData\Local\Temp\VMicroBuilds\WebServer\arduino_due_x_dbg/core.a(abi.cpp.o)
                              C:\Users\Lee\AppData\Local\Temp\VMicroBuilds\WebServer\arduino_due_x_dbg\WebServer.cpp.o (__cxa_pure_virtual)
C:\Users\Lee\AppData\Local\Temp\VMicroBuilds\WebServer\arduino_due_x_dbg/core.a(IPAddress.cpp.o)
                              C:\Users\Lee\AppData\Local\Temp\VMicroBuilds\WebServer\arduino_due_x_dbg\Ethernet\Ethernet.cpp.o (IPAddress::IPAddress())
C:\Users\Lee\AppData\Local\Temp\VMicroBuilds\WebServer\arduino_due_x_dbg/core.a(main.cpp.o)
                              c:/users/lee/appdata/local/arduino15/packages/arduino/tools/arm-none-eabi-gcc/4.8.3-2014q1/bin/../lib/gcc/arm-none-eabi/4.8.3/../../../../arm-none-eabi/lib/armv7-m/crt0.o (main)
C:\Users\Lee\AppData\Local\Temp\VMicroBuilds\WebServer\arduino_due_x_dbg/core.a(Print.cpp.o)
                              C:\Users\Lee\AppData\Local\Temp\VMicroBuilds\WebServer\arduino_due_x_dbg\WebServer.cpp.o (Print::write(unsigned char const*, unsigned int))
C:\Users\Lee\AppData\Local\Temp\VMicroBuilds\WebServer\arduino_due_x_dbg/core.a(Reset.cpp.o)
                              C:\Users\Lee\AppData\Local\Temp\VMicroBuilds\WebServer\arduino_due_x_dbg/core.a(cortex_handlers.c.o) (tickReset)
C:\Users\Lee\AppData\Local\Temp\VMicroBuilds\WebServer\arduino_due_x_dbg/core.a(UARTClass.cpp.o)
                              C:\Users\Lee\AppData\Local\Temp\VMicroBuilds\WebServer\arduino_due_x_dbg\SD\utility\SdFile.cpp.o (UARTClass::write(unsigned char))
C:\Users\Lee\AppData\Local\Temp\VMicroBuilds\WebServer\arduino_due_x_dbg/core.a(watchdog.cpp.o)
                              C:\Users\Lee\AppData\Local\Temp\VMicroBuilds\WebServer\arduino_due_x_dbg/core.a(main.cpp.o) (watchdogSetup())
C:\Users\Lee\AppData\Local\Temp\VMicroBuilds\WebServer\arduino_due_x_dbg/core.a(WMath.cpp.o)
                              C:\Users\Lee\AppData\Local\Temp\VMicroBuilds\WebServer\arduino_due_x_dbg\Ethernet\Dhcp.cpp.o (random(long, long))
C:\Users\Lee\AppData\Local\Temp\VMicroBuilds\WebServer\arduino_due_x_dbg/core.a(WString.cpp.o)
                              C:\Users\Lee\AppData\Local\Temp\VMicroBuilds\WebServer\arduino_due_x_dbg\WebServer.cpp.o (String::~String())
C:\Users\Lee\AppData\Local\Temp\VMicroBuilds\WebServer\arduino_due_x_dbg/core.a(USBCore.cpp.o)
                              C:\Users\Lee\AppData\Local\Temp\VMicroBuilds\WebServer\arduino_due_x_dbg/core.a(main.cpp.o) (USBDevice_::attach())
[...]
Memory Configuration

Name             Origin             Length             Attributes
rom              0x00080000         0x00080000         xr
sram0            0x20000000         0x00010000         xrw
sram1            0x20080000         0x00008000         xrw
ram              0x20070000         0x00018000         xrw
*default*        0x00000000         0xffffffff

Linker script and memory map

LOAD c:/users/lee/appdata/local/arduino15/packages/arduino/tools/arm-none-eabi-gcc/4.8.3-2014q1/bin/../lib/gcc/arm-none-eabi/4.8.3/armv7-m/crti.o
LOAD c:/users/lee/appdata/local/arduino15/packages/arduino/tools/arm-none-eabi-gcc/4.8.3-2014q1/bin/../lib/gcc/arm-none-eabi/4.8.3/armv7-m/crtbegin.o
LOAD c:/users/lee/appdata/local/arduino15/packages/arduino/tools/arm-none-eabi-gcc/4.8.3-2014q1/bin/../lib/gcc/arm-none-eabi/4.8.3/../../../../arm-none-eabi/lib/armv7-m/crt0.o
START GROUP
LOAD C:\Users\Lee\AppData\Local\Temp\VMicroBuilds\WebServer\arduino_due_x_dbg\WebServer.cpp.o
LOAD C:\Users\Lee\AppData\Local\Temp\VMicroBuilds\WebServer\arduino_due_x_dbg\SPI\SPI.cpp.o
LOAD C:\Users\Lee\AppData\Local\Temp\VMicroBuilds\WebServer\arduino_due_x_dbg\SD\File.cpp.o
LOAD C:\Users\Lee\AppData\Local\Temp\VMicroBuilds\WebServer\arduino_due_x_dbg\SD\SD.cpp.o
LOAD C:\Users\Lee\AppData\Local\Temp\VMicroBuilds\WebServer\arduino_due_x_dbg\SD\utility\Sd2Card.cpp.o
LOAD C:\Users\Lee\AppData\Local\Temp\VMicroBuilds\WebServer\arduino_due_x_dbg\SD\utility\SdFile.cpp.o
LOAD C:\Users\Lee\AppData\Local\Temp\VMicroBuilds\WebServer\arduino_due_x_dbg\SD\utility\SdVolume.cpp.o
LOAD C:\Users\Lee\AppData\Local\Temp\VMicroBuilds\WebServer\arduino_due_x_dbg\Ethernet\Dhcp.cpp.o
LOAD C:\Users\Lee\AppData\Local\Temp\VMicroBuilds\WebServer\arduino_due_x_dbg\Ethernet\Dns.cpp.o
LOAD C:\Users\Lee\AppData\Local\Temp\VMicroBuilds\WebServer\arduino_due_x_dbg\Ethernet\Ethernet.cpp.o
LOAD C:\Users\Lee\AppData\Local\Temp\VMicroBuilds\WebServer\arduino_due_x_dbg\Ethernet\EthernetClient.cpp.o
LOAD C:\Users\Lee\AppData\Local\Temp\VMicroBuilds\WebServer\arduino_due_x_dbg\Ethernet\EthernetServer.cpp.o
LOAD C:\Users\Lee\AppData\Local\Temp\VMicroBuilds\WebServer\arduino_due_x_dbg\Ethernet\EthernetUdp.cpp.o
LOAD C:\Users\Lee\AppData\Local\Temp\VMicroBuilds\WebServer\arduino_due_x_dbg\Ethernet\utility\socket.cpp.o
LOAD C:\Users\Lee\AppData\Local\Temp\VMicroBuilds\WebServer\arduino_due_x_dbg\Ethernet\utility\w5100.cpp.o
LOAD C:\Users\Lee\AppData\Local\arduino15\packages\arduino\hardware\sam\1.6.9\variants\arduino_due_x/libsam_sam3x8e_gcc_rel.a
LOAD C:\Users\Lee\AppData\Local\Temp\VMicroBuilds\WebServer\arduino_due_x_dbg/core.a
END GROUP
LOAD c:/users/lee/appdata/local/arduino15/packages/arduino/tools/arm-none-eabi-gcc/4.8.3-2014q1/bin/../lib/gcc/arm-none-eabi/4.8.3/../../../../arm-none-eabi/lib/armv7-m\libm.a
START GROUP
LOAD c:/users/lee/appdata/local/arduino15/packages/arduino/tools/arm-none-eabi-gcc/4.8.3-2014q1/bin/../lib/gcc/arm-none-eabi/4.8.3/armv7-m\libgcc.a
LOAD c:/users/lee/appdata/local/arduino15/packages/arduino/tools/arm-none-eabi-gcc/4.8.3-2014q1/bin/../lib/gcc/arm-none-eabi/4.8.3/../../../../arm-none-eabi/lib/armv7-m\libg.a
LOAD c:/users/lee/appdata/local/arduino15/packages/arduino/tools/arm-none-eabi-gcc/4.8.3-2014q1/bin/../lib/gcc/arm-none-eabi/4.8.3/../../../../arm-none-eabi/lib/armv7-m\libc.a
END GROUP
LOAD c:/users/lee/appdata/local/arduino15/packages/arduino/tools/arm-none-eabi-gcc/4.8.3-2014q1/bin/../lib/gcc/arm-none-eabi/4.8.3/armv7-m/crtend.o
LOAD c:/users/lee/appdata/local/arduino15/packages/arduino/tools/arm-none-eabi-gcc/4.8.3-2014q1/bin/../lib/gcc/arm-none-eabi/4.8.3/armv7-m/crtn.o

.text           0x00080000     0xa0e0
                0x00080000                . = ALIGN (0x4)
                0x00080000                _sfixed = .
 *(.vectors .vectors.*)
 .vectors       0x00080000       0xf4 C:\Users\Lee\AppData\Local\arduino15\packages\arduino\hardware\sam\1.6.9\variants\arduino_due_x/libsam_sam3x8e_gcc_rel.a(startup_sam3xa.o)
                0x00080000                exception_table
 *(.text .text.* .gnu.linkonce.t.*)
 .text          0x000800f4       0x54 c:/users/lee/appdata/local/arduino15/packages/arduino/tools/arm-none-eabi-gcc/4.8.3-2014q1/bin/../lib/gcc/arm-none-eabi/4.8.3/armv7-m/crtbegin.o
 .text._ZN12HTTPResponseD2Ev
                0x00080148        0xe C:\Users\Lee\AppData\Local\Temp\VMicroBuilds\WebServer\arduino_due_x_dbg\WebServer.cpp.o
                0x00080148                HTTPResponse::~HTTPResponse()
                0x00080148                HTTPResponse::~HTTPResponse()
 .text._ZN11HTTPRequestD2Ev
                0x00080156        0xe C:\Users\Lee\AppData\Local\Temp\VMicroBuilds\WebServer\arduino_due_x_dbg\WebServer.cpp.o
                0x00080156                HTTPRequest::~HTTPRequest()
                0x00080156                HTTPRequest::~HTTPRequest()
 .text._Z14enableEthernetv
                0x00080164       0x16 C:\Users\Lee\AppData\Local\Temp\VMicroBuilds\WebServer\arduino_due_x_dbg\WebServer.cpp.o
                0x00080164                enableEthernet()
 .text._Z8enableSDv
                0x0008017a       0x16 C:\Users\Lee\AppData\Local\Temp\VMicroBuilds\WebServer\arduino_due_x_dbg\WebServer.cpp.o
                0x0008017a                enableSD()
 .text._Z8readLine14EthernetClient
                0x00080190       0x30 C:\Users\Lee\AppData\Local\Temp\VMicroBuilds\WebServer\arduino_due_x_dbg\WebServer.cpp.o
                0x00080190                readLine(EthernetClient)
 .text._Z12clearRequestv
                0x000801c0       0x1c C:\Users\Lee\AppData\Local\Temp\VMicroBuilds\WebServer\arduino_due_x_dbg\WebServer.cpp.o
                0x000801c0                clearRequest()
 .text._Z13clearResponsev
                0x000801dc       0x24 C:\Users\Lee\AppData\Local\Temp\VMicroBuilds\WebServer\arduino_due_x_dbg\WebServer.cpp.o
                0x000801dc                clearResponse()
 .text._ZN14EthernetClientC2ERKS_
                0x00080200       0x1c C:\Users\Lee\AppData\Local\Temp\VMicroBuilds\WebServer\arduino_due_x_dbg\WebServer.cpp.o
                0x00080200                EthernetClient::EthernetClient(EthernetClient const&)
                0x00080200                EthernetClient::EthernetClient(EthernetClient const&)
 .text._Z15readHTTPRequest14EthernetClient
                0x0008021c      0x1f4 C:\Users\Lee\AppData\Local\Temp\VMicroBuilds\WebServer\arduino_due_x_dbg\WebServer.cpp.o
                0x0008021c                readHTTPRequest(EthernetClient)
 .text._Z17writeHTTPResponse14EthernetClient
                0x00080410      0x114 C:\Users\Lee\AppData\Local\Temp\VMicroBuilds\WebServer\arduino_due_x_dbg\WebServer.cpp.o
                0x00080410                writeHTTPResponse(EthernetClient)
 .text.startup._GLOBAL__sub_I_mac
                0x00080524       0x84 C:\Users\Lee\AppData\Local\Temp\VMicroBuilds\WebServer\arduino_due_x_dbg\WebServer.cpp.o
 .text.setup    0x000805a8       0x84 C:\Users\Lee\AppData\Local\Temp\VMicroBuilds\WebServer\arduino_due_x_dbg\WebServer.cpp.o
                0x000805a8                setup
 .text._Z8dumpFile6String14EthernetClient
                0x0008062c       0x88 C:\Users\Lee\AppData\Local\Temp\VMicroBuilds\WebServer\arduino_due_x_dbg\WebServer.cpp.o
                0x0008062c                dumpFile(String, EthernetClient)
 .text.loop     0x000806b4      0x1ac C:\Users\Lee\AppData\Local\Temp\VMicroBuilds\WebServer\arduino_due_x_dbg\WebServer.cpp.o
                0x000806b4                loop
 .text._ZL10SPI_0_Initv
                0x00080860       0x48 C:\Users\Lee\AppData\Local\Temp\VMicroBuilds\WebServer\arduino_due_x_dbg\SPI\SPI.cpp.o
 .text._ZN8SPIClass4initEv
                0x000808a8       0x36 C:\Users\Lee\AppData\Local\Temp\VMicroBuilds\WebServer\arduino_due_x_dbg\SPI\SPI.cpp.o
                0x000808a8                SPIClass::init()
 *fill*         0x000808de        0x2 
 .text._ZN8SPIClass16beginTransactionEh11SPISettings
                0x000808e0       0x98 C:\Users\Lee\AppData\Local\Temp\VMicroBuilds\WebServer\arduino_due_x_dbg\SPI\SPI.cpp.o
                0x000808e0                SPIClass::beginTransaction(unsigned char, SPISettings)
 .text._ZN8SPIClass14endTransactionEv
                0x00080978       0x50 C:\Users\Lee\AppData\Local\Temp\VMicroBuilds\WebServer\arduino_due_x_dbg\SPI\SPI.cpp.o
                0x00080978                SPIClass::endTransaction()
 .text._ZN8SPIClass11setBitOrderEh8BitOrder
                0x000809c8       0x1e C:\Users\Lee\AppData\Local\Temp\VMicroBuilds\WebServer\arduino_due_x_dbg\SPI\SPI.cpp.o
                0x000809c8                SPIClass::setBitOrder(unsigned char, BitOrder)
 .text._ZN8SPIClass11setDataModeEhh
                0x000809e6       0x34 C:\Users\Lee\AppData\Local\Temp\VMicroBuilds\WebServer\arduino_due_x_dbg\SPI\SPI.cpp.o
                0x000809e6                SPIClass::setDataMode(unsigned char, unsigned char)
 .text._ZN8SPIClass15setClockDividerEhh
                0x00080a1a       0x2e C:\Users\Lee\AppData\Local\Temp\VMicroBuilds\WebServer\arduino_due_x_dbg\SPI\SPI.cpp.o
                0x00080a1a                SPIClass::setClockDivider(unsigned char, unsigned char)
 .text._ZN8SPIClass5beginEv
                0x00080a48       0x22 C:\Users\Lee\AppData\Local\Temp\VMicroBuilds\WebServer\arduino_due_x_dbg\SPI\SPI.cpp.o
                0x00080a48                SPIClass::begin()
 *fill*         0x00080a6a        0x2 
 .text._ZN8SPIClass5beginEh
                0x00080a6c       0x5c C:\Users\Lee\AppData\Local\Temp\VMicroBuilds\WebServer\arduino_due_x_dbg\SPI\SPI.cpp.o
                0x00080a6c                SPIClass::begin(unsigned char)
 .text._ZN8SPIClass8transferEhh15SPITransferMode
                0x00080ac8       0x5e C:\Users\Lee\AppData\Local\Temp\VMicroBuilds\WebServer\arduino_due_x_dbg\SPI\SPI.cpp.o
                0x00080ac8                SPIClass::transfer(unsigned char, unsigned char, SPITransferMode)
 *fill*         0x00080b26        0x2 
 .text.startup._GLOBAL__sub_I__ZN8SPIClassC2EP3SpimPFvvE
                0x00080b28       0x24 C:\Users\Lee\AppData\Local\Temp\VMicroBuilds\WebServer\arduino_due_x_dbg\SPI\SPI.cpp.o
 .text._ZN5SDLib4File5writeEh
                0x00080b4c       0x16 C:\Users\Lee\AppData\Local\Temp\VMicroBuilds\WebServer\arduino_due_x_dbg\SD\File.cpp.o
                0x00080b4c                SDLib::File::write(unsigned char)
 .text._ZN5SDLib4File5writeEPKhj
                0x00080b62       0x26 C:\Users\Lee\AppData\Local\Temp\VMicroBuilds\WebServer\arduino_due_x_dbg\SD\File.cpp.o
                0x00080b62                SDLib::File::write(unsigned char const*, unsigned int)
 .text._ZN5SDLib4File5flushEv
                0x00080b88        0xa C:\Users\Lee\AppData\Local\Temp\VMicroBuilds\WebServer\arduino_due_x_dbg\SD\File.cpp.o
                0x00080b88                SDLib::File::flush()
 .text._ZN6SdFile4readEv
                0x00080b92       0x20 C:\Users\Lee\AppData\Local\Temp\VMicroBuilds\WebServer\arduino_due_x_dbg\SD\File.cpp.o
                0x00080b92                SdFile::read()
 .text._ZN5SDLib4File4readEv
                0x00080bb2       0x12 C:\Users\Lee\AppData\Local\Temp\VMicroBuilds\WebServer\arduino_due_x_dbg\SD\File.cpp.o
                0x00080bb2                SDLib::File::read()
 .text._ZN5SDLib4File4peekEv
                0x00080bc4       0x20 C:\Users\Lee\AppData\Local\Temp\VMicroBuilds\WebServer\arduino_due_x_dbg\SD\File.cpp.o
                0x00080bc4                SDLib::File::peek()
 .text._ZN5SDLib4FileC2E6SdFilePKc
                0x00080be4       0x50 C:\Users\Lee\AppData\Local\Temp\VMicroBuilds\WebServer\arduino_due_x_dbg\SD\File.cpp.o
                0x00080be4                SDLib::File::File(SdFile, char const*)
                0x00080be4                SDLib::File::File(SdFile, char const*)
 .text._ZN5SDLib4FileC2Ev
                0x00080c34       0x18 C:\Users\Lee\AppData\Local\Temp\VMicroBuilds\WebServer\arduino_due_x_dbg\SD\File.cpp.o
                0x00080c34                SDLib::File::File()
                0x00080c34                SDLib::File::File()
 .text._ZN5SDLib4File8positionEv
                0x00080c4c        0xe C:\Users\Lee\AppData\Local\Temp\VMicroBuilds\WebServer\arduino_due_x_dbg\SD\File.cpp.o
                0x00080c4c                SDLib::File::position()
 .text._ZN5SDLib4File4sizeEv
                0x00080c5a        0x8 C:\Users\Lee\AppData\Local\Temp\VMicroBuilds\WebServer\arduino_due_x_dbg\SD\File.cpp.o
                0x00080c5a                SDLib::File::size()
 .text._ZN5SDLib4File9availableEv
                0x00080c62       0x26 C:\Users\Lee\AppData\Local\Temp\VMicroBuilds\WebServer\arduino_due_x_dbg\SD\File.cpp.o
                0x00080c62                SDLib::File::available()
 .text._ZN5SDLib4File5closeEv
                0x00080c88       0x18 C:\Users\Lee\AppData\Local\Temp\VMicroBuilds\WebServer\arduino_due_x_dbg\SD\File.cpp.o
                0x00080c88                SDLib::File::close()
 .text._ZN5SDLib4FilecvbEv
                0x00080ca0        0xe C:\Users\Lee\AppData\Local\Temp\VMicroBuilds\WebServer\arduino_due_x_dbg\SD\File.cpp.o
                0x00080ca0                SDLib::File::operator bool()
 *fill*         0x00080cae        0x2 
 .text._ZN5SDLib19callback_pathExistsER6SdFilePKcbPv
                0x00080cb0       0x38 C:\Users\Lee\AppData\Local\Temp\VMicroBuilds\WebServer\arduino_due_x_dbg\SD\SD.cpp.o
                0x00080cb0                SDLib::callback_pathExists(SdFile&, char const*, bool, void*)
 .text._ZN5SDLib20getNextPathComponentEPKcPjPc
                0x00080ce8       0x40 C:\Users\Lee\AppData\Local\Temp\VMicroBuilds\WebServer\arduino_due_x_dbg\SD\SD.cpp.o
                0x00080ce8                SDLib::getNextPathComponent(char const*, unsigned int*, char*)
 .text._ZN5SDLib8walkPathEPKcR6SdFilePFbS3_S1_bPvES4_
                0x00080d28       0x9c C:\Users\Lee\AppData\Local\Temp\VMicroBuilds\WebServer\arduino_due_x_dbg\SD\SD.cpp.o
                0x00080d28                SDLib::walkPath(char const*, SdFile&, bool (*)(SdFile&, char const*, bool, void*), void*)
 .text._ZN5SDLib7SDClass5beginEh
                0x00080dc4       0x44 C:\Users\Lee\AppData\Local\Temp\VMicroBuilds\WebServer\arduino_due_x_dbg\SD\SD.cpp.o
                0x00080dc4                SDLib::SDClass::begin(unsigned char)
 .text._ZN6SdFileC2ERKS_
                0x00080e08       0x34 C:\Users\Lee\AppData\Local\Temp\VMicroBuilds\WebServer\arduino_due_x_dbg\SD\SD.cpp.o
                0x00080e08                SdFile::SdFile(SdFile const&)
                0x00080e08                SdFile::SdFile(SdFile const&)
 .text._ZN5SDLib7SDClass12getParentDirEPKcPi
                0x00080e3c       0xac C:\Users\Lee\AppData\Local\Temp\VMicroBuilds\WebServer\arduino_due_x_dbg\SD\SD.cpp.o
                0x00080e3c                SDLib::SDClass::getParentDir(char const*, int*)
 .text._ZN5SDLib7SDClass4openEPKch
                0x00080ee8       0xa4 C:\Users\Lee\AppData\Local\Temp\VMicroBuilds\WebServer\arduino_due_x_dbg\SD\SD.cpp.o
                0x00080ee8                SDLib::SDClass::open(char const*, unsigned char)
 .text._ZN5SDLib7SDClass6existsEPKc
                0x00080f8c       0x14 C:\Users\Lee\AppData\Local\Temp\VMicroBuilds\WebServer\arduino_due_x_dbg\SD\SD.cpp.o
                0x00080f8c                SDLib::SDClass::exists(char const*)
 .text.startup._GLOBAL__sub_I__ZN5SDLib20getNextPathComponentEPKcPjPc
                0x00080fa0       0x28 C:\Users\Lee\AppData\Local\Temp\VMicroBuilds\WebServer\arduino_due_x_dbg\SD\SD.cpp.o
 .text._ZL7spiSendh
                0x00080fc8       0x10 C:\Users\Lee\AppData\Local\Temp\VMicroBuilds\WebServer\arduino_due_x_dbg\SD\utility\Sd2Card.cpp.o
 .text._ZL6spiRecv
                0x00080fd8       0x10 C:\Users\Lee\AppData\Local\Temp\VMicroBuilds\WebServer\arduino_due_x_dbg\SD\utility\Sd2Card.cpp.o
 .text._ZN7Sd2Card14chipSelectHighEv
                0x00080fe8       0x28 C:\Users\Lee\AppData\Local\Temp\VMicroBuilds\WebServer\arduino_due_x_dbg\SD\utility\Sd2Card.cpp.o
                0x00080fe8                Sd2Card::chipSelectHigh()
 .text._ZN7Sd2Card13chipSelectLowEv
                0x00081010       0x40 C:\Users\Lee\AppData\Local\Temp\VMicroBuilds\WebServer\arduino_due_x_dbg\SD\utility\Sd2Card.cpp.o
                0x00081010                Sd2Card::chipSelectLow()
 .text._ZN7Sd2Card7readEndEv
                0x00081050       0x2a C:\Users\Lee\AppData\Local\Temp\VMicroBuilds\WebServer\arduino_due_x_dbg\SD\utility\Sd2Card.cpp.o
                0x00081050                Sd2Card::readEnd()
 *fill*         0x0008107a        0x2 
 .text._ZN7Sd2Card10setSckRateEh
                0x0008107c       0x58 C:\Users\Lee\AppData\Local\Temp\VMicroBuilds\WebServer\arduino_due_x_dbg\SD\utility\Sd2Card.cpp.o
                0x0008107c                Sd2Card::setSckRate(unsigned char)
 .text._ZN7Sd2Card11waitNotBusyEt
                0x000810d4       0x28 C:\Users\Lee\AppData\Local\Temp\VMicroBuilds\WebServer\arduino_due_x_dbg\SD\utility\Sd2Card.cpp.o
                0x000810d4                Sd2Card::waitNotBusy(unsigned short)
 .text._ZN7Sd2Card11cardCommandEhm
                0x000810fc       0x60 C:\Users\Lee\AppData\Local\Temp\VMicroBuilds\WebServer\arduino_due_x_dbg\SD\utility\Sd2Card.cpp.o
                0x000810fc                Sd2Card::cardCommand(unsigned char, unsigned long)
 .text._ZN7Sd2Card4initEhh
                0x0008115c      0x150 C:\Users\Lee\AppData\Local\Temp\VMicroBuilds\WebServer\arduino_due_x_dbg\SD\utility\Sd2Card.cpp.o
                0x0008115c                Sd2Card::init(unsigned char, unsigned char)
 .text._ZN7Sd2Card14waitStartBlockEv
                0x000812ac       0x3e C:\Users\Lee\AppData\Local\Temp\VMicroBuilds\WebServer\arduino_due_x_dbg\SD\utility\Sd2Card.cpp.o
                0x000812ac                Sd2Card::waitStartBlock()
 .text._ZN7Sd2Card8readDataEmttPh
                0x000812ea       0xa4 C:\Users\Lee\AppData\Local\Temp\VMicroBuilds\WebServer\arduino_due_x_dbg\SD\utility\Sd2Card.cpp.o
                0x000812ea                Sd2Card::readData(unsigned long, unsigned short, unsigned short, unsigned char*)
 .text._ZN7Sd2Card9readBlockEmPh
                0x0008138e       0x14 C:\Users\Lee\AppData\Local\Temp\VMicroBuilds\WebServer\arduino_due_x_dbg\SD\utility\Sd2Card.cpp.o
                0x0008138e                Sd2Card::readBlock(unsigned long, unsigned char*)
 .text._ZN7Sd2Card9writeDataEhPKh
                0x000813a2       0x48 C:\Users\Lee\AppData\Local\Temp\VMicroBuilds\WebServer\arduino_due_x_dbg\SD\utility\Sd2Card.cpp.o
                0x000813a2                Sd2Card::writeData(unsigned char, unsigned char const*)
 .text._ZN7Sd2Card10writeBlockEmPKh
                0x000813ea       0x6c C:\Users\Lee\AppData\Local\Temp\VMicroBuilds\WebServer\arduino_due_x_dbg\SD\utility\Sd2Card.cpp.o
                0x000813ea                Sd2Card::writeBlock(unsigned long, unsigned char const*)
 *fill*         0x00081456        0x2 
 .text.startup._GLOBAL__sub_I__ZN7Sd2Card11cardCommandEhm
                0x00081458       0x14 C:\Users\Lee\AppData\Local\Temp\VMicroBuilds\WebServer\arduino_due_x_dbg\SD\utility\Sd2Card.cpp.o
 .text._ZN6SdFile10addClusterEv
                0x0008146c       0x26 C:\Users\Lee\AppData\Local\Temp\VMicroBuilds\WebServer\arduino_due_x_dbg\SD\utility\SdFile.cpp.o
                0x0008146c                SdFile::addCluster()
 .text._ZN6SdFile13addDirClusterEv
                0x00081492       0x46 C:\Users\Lee\AppData\Local\Temp\VMicroBuilds\WebServer\arduino_due_x_dbg\SD\utility\SdFile.cpp.o
                0x00081492                SdFile::addDirCluster()
 .text._ZN6SdFile13cacheDirEntryEh
                0x000814d8       0x1c C:\Users\Lee\AppData\Local\Temp\VMicroBuilds\WebServer\arduino_due_x_dbg\SD\utility\SdFile.cpp.o
                0x000814d8                SdFile::cacheDirEntry(unsigned char)
 .text._ZN6SdFile10make83NameEPKcPh
                0x000814f4       0x98 C:\Users\Lee\AppData\Local\Temp\VMicroBuilds\WebServer\arduino_due_x_dbg\SD\utility\SdFile.cpp.o
                0x000814f4                SdFile::make83Name(char const*, unsigned char*)
 .text._ZN6SdFile8openRootEP8SdVolume
                0x0008158c       0x50 C:\Users\Lee\AppData\Local\Temp\VMicroBuilds\WebServer\arduino_due_x_dbg\SD\utility\SdFile.cpp.o
                0x0008158c                SdFile::openRoot(SdVolume*)
 .text._ZN6SdFile4readEPvt
                0x000815dc      0x104 C:\Users\Lee\AppData\Local\Temp\VMicroBuilds\WebServer\arduino_due_x_dbg\SD\utility\SdFile.cpp.o
                0x000815dc                SdFile::read(void*, unsigned short)
 .text._ZN6SdFile12readDirCacheEv
                0x000816e0       0x44 C:\Users\Lee\AppData\Local\Temp\VMicroBuilds\WebServer\arduino_due_x_dbg\SD\utility\SdFile.cpp.o
                0x000816e0                SdFile::readDirCache()
 .text._ZN6SdFile7seekSetEm
                0x00081724       0x5e C:\Users\Lee\AppData\Local\Temp\VMicroBuilds\WebServer\arduino_due_x_dbg\SD\utility\SdFile.cpp.o
                0x00081724                SdFile::seekSet(unsigned long)
 *fill*         0x00081782        0x2 
 .text._ZN6SdFile4syncEv
                0x00081784       0x58 C:\Users\Lee\AppData\Local\Temp\VMicroBuilds\WebServer\arduino_due_x_dbg\SD\utility\SdFile.cpp.o
                0x00081784                SdFile::sync()
 .text._ZN6SdFile5closeEv
                0x000817dc       0x12 C:\Users\Lee\AppData\Local\Temp\VMicroBuilds\WebServer\arduino_due_x_dbg\SD\utility\SdFile.cpp.o
                0x000817dc                SdFile::close()
 *fill*         0x000817ee        0x2 
 .text._ZN6SdFile8truncateEm
                0x000817f0       0xb0 C:\Users\Lee\AppData\Local\Temp\VMicroBuilds\WebServer\arduino_due_x_dbg\SD\utility\SdFile.cpp.o
                0x000817f0                SdFile::truncate(unsigned long)
 .text._ZN6SdFile15openCachedEntryEhh
                0x000818a0       0x7c C:\Users\Lee\AppData\Local\Temp\VMicroBuilds\WebServer\arduino_due_x_dbg\SD\utility\SdFile.cpp.o
                0x000818a0                SdFile::openCachedEntry(unsigned char, unsigned char)
 .text._ZN6SdFile4openEPS_PKch
                0x0008191c      0x110 C:\Users\Lee\AppData\Local\Temp\VMicroBuilds\WebServer\arduino_due_x_dbg\SD\utility\SdFile.cpp.o
                0x0008191c                SdFile::open(SdFile*, char const*, unsigned char)
 .text._ZN6SdFile5writeEPKvt
                0x00081a2c      0x194 C:\Users\Lee\AppData\Local\Temp\VMicroBuilds\WebServer\arduino_due_x_dbg\SD\utility\SdFile.cpp.o
                0x00081a2c                SdFile::write(void const*, unsigned short)
 .text._ZN6SdFile5writeEh
                0x00081bc0       0x16 C:\Users\Lee\AppData\Local\Temp\VMicroBuilds\WebServer\arduino_due_x_dbg\SD\utility\SdFile.cpp.o
                0x00081bc0                SdFile::write(unsigned char)
 *fill*         0x00081bd6        0x2 
 .text._ZN8SdVolume10cacheFlushEv
                0x00081bd8       0x4c C:\Users\Lee\AppData\Local\Temp\VMicroBuilds\WebServer\arduino_due_x_dbg\SD\utility\SdVolume.cpp.o
                0x00081bd8                SdVolume::cacheFlush()
 .text._ZN8SdVolume13cacheRawBlockEmh
                0x00081c24       0x48 C:\Users\Lee\AppData\Local\Temp\VMicroBuilds\WebServer\arduino_due_x_dbg\SD\utility\SdVolume.cpp.o
                0x00081c24                SdVolume::cacheRawBlock(unsigned long, unsigned char)
 .text._ZN8SdVolume14cacheZeroBlockEm
                0x00081c6c       0x38 C:\Users\Lee\AppData\Local\Temp\VMicroBuilds\WebServer\arduino_due_x_dbg\SD\utility\SdVolume.cpp.o
                0x00081c6c                SdVolume::cacheZeroBlock(unsigned long)
 .text._ZNK8SdVolume6fatGetEmPm
                0x00081ca4       0x64 C:\Users\Lee\AppData\Local\Temp\VMicroBuilds\WebServer\arduino_due_x_dbg\SD\utility\SdVolume.cpp.o
                0x00081ca4                SdVolume::fatGet(unsigned long, unsigned long*) const
 .text._ZNK8SdVolume9chainSizeEmPm
                0x00081d08       0x44 C:\Users\Lee\AppData\Local\Temp\VMicroBuilds\WebServer\arduino_due_x_dbg\SD\utility\SdVolume.cpp.o
                0x00081d08                SdVolume::chainSize(unsigned long, unsigned long*) const
 .text._ZN8SdVolume6fatPutEmm
                0x00081d4c       0x84 C:\Users\Lee\AppData\Local\Temp\VMicroBuilds\WebServer\arduino_due_x_dbg\SD\utility\SdVolume.cpp.o
                0x00081d4c                SdVolume::fatPut(unsigned long, unsigned long)
 .text._ZN8SdVolume15allocContiguousEmPm
                0x00081dd0       0xb4 C:\Users\Lee\AppData\Local\Temp\VMicroBuilds\WebServer\arduino_due_x_dbg\SD\utility\SdVolume.cpp.o
                0x00081dd0                SdVolume::allocContiguous(unsigned long, unsigned long*)
 .text._ZN8SdVolume9freeChainEm
                0x00081e84       0x48 C:\Users\Lee\AppData\Local\Temp\VMicroBuilds\WebServer\arduino_due_x_dbg\SD\utility\SdVolume.cpp.o
                0x00081e84                SdVolume::freeChain(unsigned long)
 .text._ZN8SdVolume4initEP7Sd2Cardh
                0x00081ecc       0xf4 C:\Users\Lee\AppData\Local\Temp\VMicroBuilds\WebServer\arduino_due_x_dbg\SD\utility\SdVolume.cpp.o
                0x00081ecc                SdVolume::init(Sd2Card*, unsigned char)
 .text._ZN9DhcpClass16reset_DHCP_leaseEv
                0x00081fc0        0xa C:\Users\Lee\AppData\Local\Temp\VMicroBuilds\WebServer\arduino_due_x_dbg\Ethernet\Dhcp.cpp.o
                0x00081fc0                DhcpClass::reset_DHCP_lease()
 .text._ZN9DhcpClass10getLocalIpEv
                0x00081fca        0xe C:\Users\Lee\AppData\Local\Temp\VMicroBuilds\WebServer\arduino_due_x_dbg\Ethernet\Dhcp.cpp.o
                0x00081fca                DhcpClass::getLocalIp()
 .text._ZN9DhcpClass13getSubnetMaskEv
                0x00081fd8        0xe C:\Users\Lee\AppData\Local\Temp\VMicroBuilds\WebServer\arduino_due_x_dbg\Ethernet\Dhcp.cpp.o
                0x00081fd8                DhcpClass::getSubnetMask()
 .text._ZN9DhcpClass12getGatewayIpEv
                0x00081fe6        0xe C:\Users\Lee\AppData\Local\Temp\VMicroBuilds\WebServer\arduino_due_x_dbg\Ethernet\Dhcp.cpp.o
                0x00081fe6                DhcpClass::getGatewayIp()
 .text._ZN9DhcpClass14getDnsServerIpEv
                0x00081ff4        0xe C:\Users\Lee\AppData\Local\Temp\VMicroBuilds\WebServer\arduino_due_x_dbg\Ethernet\Dhcp.cpp.o
                0x00081ff4                DhcpClass::getDnsServerIp()
 .text._ZN9DhcpClass9printByteEPch
                0x00082002       0x20 C:\Users\Lee\AppData\Local\Temp\VMicroBuilds\WebServer\arduino_due_x_dbg\Ethernet\Dhcp.cpp.o
                0x00082002                DhcpClass::printByte(char*, unsigned char)
 *fill*         0x00082022        0x2 
 .text.startup._GLOBAL__sub_I__ZN9DhcpClass13beginWithDHCPEPhmm
                0x00082024       0x1c C:\Users\Lee\AppData\Local\Temp\VMicroBuilds\WebServer\arduino_due_x_dbg\Ethernet\Dhcp.cpp.o
 .text._ZN9DhcpClass17send_DHCP_MESSAGEEht
                0x00082040      0x1dc C:\Users\Lee\AppData\Local\Temp\VMicroBuilds\WebServer\arduino_due_x_dbg\Ethernet\Dhcp.cpp.o
                0x00082040                DhcpClass::send_DHCP_MESSAGE(unsigned char, unsigned short)
 .text._ZN9DhcpClass17parseDHCPResponseEmRm
                0x0008221c      0x20e C:\Users\Lee\AppData\Local\Temp\VMicroBuilds\WebServer\arduino_due_x_dbg\Ethernet\Dhcp.cpp.o
                0x0008221c                DhcpClass::parseDHCPResponse(unsigned long, unsigned long&)
 .text._ZN9DhcpClass18request_DHCP_leaseEv
                0x0008242a      0x14c C:\Users\Lee\AppData\Local\Temp\VMicroBuilds\WebServer\arduino_due_x_dbg\Ethernet\Dhcp.cpp.o
                0x0008242a                DhcpClass::request_DHCP_lease()
 .text._ZN9DhcpClass10checkLeaseEv
                0x00082576       0x82 C:\Users\Lee\AppData\Local\Temp\VMicroBuilds\WebServer\arduino_due_x_dbg\Ethernet\Dhcp.cpp.o
                0x00082576                DhcpClass::checkLease()
 .text._ZN9DNSClient5beginERK9IPAddress
                0x000825f8        0xa C:\Users\Lee\AppData\Local\Temp\VMicroBuilds\WebServer\arduino_due_x_dbg\Ethernet\Dns.cpp.o
                0x000825f8                DNSClient::begin(IPAddress const&)
 .text._ZN9DNSClient9inet_atonEPKcR9IPAddress
                0x00082602       0x4a C:\Users\Lee\AppData\Local\Temp\VMicroBuilds\WebServer\arduino_due_x_dbg\Ethernet\Dns.cpp.o
                0x00082602                DNSClient::inet_aton(char const*, IPAddress&)
 .text.startup._GLOBAL__sub_I__ZN9DNSClient5beginERK9IPAddress
                0x0008264c       0x1c C:\Users\Lee\AppData\Local\Temp\VMicroBuilds\WebServer\arduino_due_x_dbg\Ethernet\Dns.cpp.o
 .text._ZN9DNSClient12BuildRequestEPKc
                0x00082668       0xe2 C:\Users\Lee\AppData\Local\Temp\VMicroBuilds\WebServer\arduino_due_x_dbg\Ethernet\Dns.cpp.o
                0x00082668                DNSClient::BuildRequest(char const*)
 .text._ZN9DNSClient15ProcessResponseEtR9IPAddress
                0x0008274a      0x22e C:\Users\Lee\AppData\Local\Temp\VMicroBuilds\WebServer\arduino_due_x_dbg\Ethernet\Dns.cpp.o
                0x0008274a                DNSClient::ProcessResponse(unsigned short, IPAddress&)
 .text._ZN9DNSClient13getHostByNameEPKcR9IPAddress
                0x00082978       0x94 C:\Users\Lee\AppData\Local\Temp\VMicroBuilds\WebServer\arduino_due_x_dbg\Ethernet\Dns.cpp.o
                0x00082978                DNSClient::getHostByName(char const*, IPAddress&)
 .text._ZN10W5100Class8writeGAREPh
                0x00082a0c        0xa C:\Users\Lee\AppData\Local\Temp\VMicroBuilds\WebServer\arduino_due_x_dbg\Ethernet\Ethernet.cpp.o
                0x00082a0c                W5100Class::writeGAR(unsigned char*)
 .text._ZN10W5100Class9writeSUBREPh
                0x00082a16        0xa C:\Users\Lee\AppData\Local\Temp\VMicroBuilds\WebServer\arduino_due_x_dbg\Ethernet\Ethernet.cpp.o
                0x00082a16                W5100Class::writeSUBR(unsigned char*)
 .text._ZN10W5100Class9writeSIPREPh
                0x00082a20        0xa C:\Users\Lee\AppData\Local\Temp\VMicroBuilds\WebServer\arduino_due_x_dbg\Ethernet\Ethernet.cpp.o
                0x00082a20                W5100Class::writeSIPR(unsigned char*)
 *fill*         0x00082a2a        0x2 
 .text._ZN13EthernetClass5beginEPh9IPAddressS1_S1_S1_
                0x00082a2c       0x6c C:\Users\Lee\AppData\Local\Temp\VMicroBuilds\WebServer\arduino_due_x_dbg\Ethernet\Ethernet.cpp.o
                0x00082a2c                EthernetClass::begin(unsigned char*, IPAddress, IPAddress, IPAddress, IPAddress)
 .text._ZN13EthernetClass5beginEPh9IPAddressS1_S1_
                0x00082a98       0x5c C:\Users\Lee\AppData\Local\Temp\VMicroBuilds\WebServer\arduino_due_x_dbg\Ethernet\Ethernet.cpp.o
                0x00082a98                EthernetClass::begin(unsigned char*, IPAddress, IPAddress, IPAddress)
 .text._ZN13EthernetClass5beginEPh9IPAddressS1_
                0x00082af4       0x34 C:\Users\Lee\AppData\Local\Temp\VMicroBuilds\WebServer\arduino_due_x_dbg\Ethernet\Ethernet.cpp.o
                0x00082af4                EthernetClass::begin(unsigned char*, IPAddress, IPAddress)
 .text._ZN13EthernetClass5beginEPh9IPAddress
                0x00082b28       0x2c C:\Users\Lee\AppData\Local\Temp\VMicroBuilds\WebServer\arduino_due_x_dbg\Ethernet\Ethernet.cpp.o
                0x00082b28                EthernetClass::begin(unsigned char*, IPAddress)
 .text._ZN13EthernetClass8maintainEv
                0x00082b54       0x80 C:\Users\Lee\AppData\Local\Temp\VMicroBuilds\WebServer\arduino_due_x_dbg\Ethernet\Ethernet.cpp.o
                0x00082b54                EthernetClass::maintain()
 .text._ZN13EthernetClass7localIPEv
                0x00082bd4       0x40 C:\Users\Lee\AppData\Local\Temp\VMicroBuilds\WebServer\arduino_due_x_dbg\Ethernet\Ethernet.cpp.o
                0x00082bd4                EthernetClass::localIP()
 .text._ZN13EthernetClass11dnsServerIPEv
                0x00082c14       0x10 C:\Users\Lee\AppData\Local\Temp\VMicroBuilds\WebServer\arduino_due_x_dbg\Ethernet\Ethernet.cpp.o
                0x00082c14                EthernetClass::dnsServerIP()
 .text.startup._GLOBAL__sub_I__ZN13EthernetClass6_stateE
                0x00082c24       0x24 C:\Users\Lee\AppData\Local\Temp\VMicroBuilds\WebServer\arduino_due_x_dbg\Ethernet\Ethernet.cpp.o
 .text._ZN14EthernetClienteqEb
                0x00082c48        0x6 C:\Users\Lee\AppData\Local\Temp\VMicroBuilds\WebServer\arduino_due_x_dbg\Ethernet\EthernetClient.cpp.o
                0x00082c48                EthernetClient::operator==(bool)
 .text._ZN14EthernetClientneEb
                0x00082c4e        0x4 C:\Users\Lee\AppData\Local\Temp\VMicroBuilds\WebServer\arduino_due_x_dbg\Ethernet\EthernetClient.cpp.o
                0x00082c4e                EthernetClient::operator!=(bool)
 .text._ZN14EthernetClientneERKS_
                0x00082c52       0x10 C:\Users\Lee\AppData\Local\Temp\VMicroBuilds\WebServer\arduino_due_x_dbg\Ethernet\EthernetClient.cpp.o
                0x00082c52                EthernetClient::operator!=(EthernetClient const&)
 .text._ZN14EthernetClient5writeEh
                0x00082c62       0x16 C:\Users\Lee\AppData\Local\Temp\VMicroBuilds\WebServer\arduino_due_x_dbg\Ethernet\EthernetClient.cpp.o
                0x00082c62                EthernetClient::write(unsigned char)
 .text._ZN14EthernetClientcvbEv
                0x00082c78        0xa C:\Users\Lee\AppData\Local\Temp\VMicroBuilds\WebServer\arduino_due_x_dbg\Ethernet\EthernetClient.cpp.o
                0x00082c78                EthernetClient::operator bool()
 .text._ZN14EthernetClienteqERKS_
                0x00082c82       0x14 C:\Users\Lee\AppData\Local\Temp\VMicroBuilds\WebServer\arduino_due_x_dbg\Ethernet\EthernetClient.cpp.o
                0x00082c82                EthernetClient::operator==(EthernetClient const&)
 .text._ZN14EthernetClient5writeEPKhj
                0x00082c96       0x26 C:\Users\Lee\AppData\Local\Temp\VMicroBuilds\WebServer\arduino_due_x_dbg\Ethernet\EthernetClient.cpp.o
                0x00082c96                EthernetClient::write(unsigned char const*, unsigned int)
 .text._ZN14EthernetClient9availableEv
                0x00082cbc       0x12 C:\Users\Lee\AppData\Local\Temp\VMicroBuilds\WebServer\arduino_due_x_dbg\Ethernet\EthernetClient.cpp.o
                0x00082cbc                EthernetClient::available()
 .text._ZN14EthernetClient4readEv
                0x00082cce       0x20 C:\Users\Lee\AppData\Local\Temp\VMicroBuilds\WebServer\arduino_due_x_dbg\Ethernet\EthernetClient.cpp.o
                0x00082cce                EthernetClient::read()
 .text._ZN14EthernetClient4readEPhj
                0x00082cee        0xc C:\Users\Lee\AppData\Local\Temp\VMicroBuilds\WebServer\arduino_due_x_dbg\Ethernet\EthernetClient.cpp.o
                0x00082cee                EthernetClient::read(unsigned char*, unsigned int)
 .text._ZN14EthernetClient4peekEv
                0x00082cfa       0x24 C:\Users\Lee\AppData\Local\Temp\VMicroBuilds\WebServer\arduino_due_x_dbg\Ethernet\EthernetClient.cpp.o
                0x00082cfa                EthernetClient::peek()
 .text._ZN14EthernetClient5flushEv
                0x00082d1e        0x6 C:\Users\Lee\AppData\Local\Temp\VMicroBuilds\WebServer\arduino_due_x_dbg\Ethernet\EthernetClient.cpp.o
                0x00082d1e                EthernetClient::flush()
 .text._ZN14EthernetClient7connectEPKct
                0x00082d24       0x5c C:\Users\Lee\AppData\Local\Temp\VMicroBuilds\WebServer\arduino_due_x_dbg\Ethernet\EthernetClient.cpp.o
                0x00082d24                EthernetClient::connect(char const*, unsigned short)
 .text._ZN14EthernetClientC2Eh
                0x00082d80       0x18 C:\Users\Lee\AppData\Local\Temp\VMicroBuilds\WebServer\arduino_due_x_dbg\Ethernet\EthernetClient.cpp.o
                0x00082d80                EthernetClient::EthernetClient(unsigned char)
                0x00082d80                EthernetClient::EthernetClient(unsigned char)
 .text._ZN14EthernetClient6statusEv
                0x00082d98        0xe C:\Users\Lee\AppData\Local\Temp\VMicroBuilds\WebServer\arduino_due_x_dbg\Ethernet\EthernetClient.cpp.o
                0x00082d98                EthernetClient::status()
 *fill*         0x00082da6        0x2 
 .text._ZN14EthernetClient7connectE9IPAddresst
                0x00082da8       0x8c C:\Users\Lee\AppData\Local\Temp\VMicroBuilds\WebServer\arduino_due_x_dbg\Ethernet\EthernetClient.cpp.o
                0x00082da8                EthernetClient::connect(IPAddress, unsigned short)
 .text._ZN14EthernetClient4stopEv
                0x00082e34       0x4c C:\Users\Lee\AppData\Local\Temp\VMicroBuilds\WebServer\arduino_due_x_dbg\Ethernet\EthernetClient.cpp.o
                0x00082e34                EthernetClient::stop()
 .text._ZN14EthernetClient9connectedEv
                0x00082e80       0x34 C:\Users\Lee\AppData\Local\Temp\VMicroBuilds\WebServer\arduino_due_x_dbg\Ethernet\EthernetClient.cpp.o
                0x00082e80                EthernetClient::connected()
 .text.startup._GLOBAL__sub_I__ZN14EthernetClient8_srcportE
                0x00082eb4       0x1c C:\Users\Lee\AppData\Local\Temp\VMicroBuilds\WebServer\arduino_due_x_dbg\Ethernet\EthernetClient.cpp.o
 .text._ZN14EthernetServer5writeEh
                0x00082ed0       0x16 C:\Users\Lee\AppData\Local\Temp\VMicroBuilds\WebServer\arduino_due_x_dbg\Ethernet\EthernetServer.cpp.o
                0x00082ed0                EthernetServer::write(unsigned char)
 *fill*         0x00082ee6        0x2 
 .text._ZN14EthernetServer5beginEv
                0x00082ee8       0x44 C:\Users\Lee\AppData\Local\Temp\VMicroBuilds\WebServer\arduino_due_x_dbg\Ethernet\EthernetServer.cpp.o
                0x00082ee8                EthernetServer::begin()
 .text._ZN14EthernetServerC2Et
                0x00082f2c       0x10 C:\Users\Lee\AppData\Local\Temp\VMicroBuilds\WebServer\arduino_due_x_dbg\Ethernet\EthernetServer.cpp.o
                0x00082f2c                EthernetServer::EthernetServer(unsigned short)
                0x00082f2c                EthernetServer::EthernetServer(unsigned short)
 .text._ZN14EthernetServer6acceptEv
                0x00082f3c       0x60 C:\Users\Lee\AppData\Local\Temp\VMicroBuilds\WebServer\arduino_due_x_dbg\Ethernet\EthernetServer.cpp.o
                0x00082f3c                EthernetServer::accept()
 .text._ZN14EthernetServer5writeEPKhj
                0x00082f9c       0x54 C:\Users\Lee\AppData\Local\Temp\VMicroBuilds\WebServer\arduino_due_x_dbg\Ethernet\EthernetServer.cpp.o
                0x00082f9c                EthernetServer::write(unsigned char const*, unsigned int)
 .text._ZN14EthernetServer9availableEv
                0x00082ff0       0x70 C:\Users\Lee\AppData\Local\Temp\VMicroBuilds\WebServer\arduino_due_x_dbg\Ethernet\EthernetServer.cpp.o
                0x00082ff0                EthernetServer::available()
 .text.startup._GLOBAL__sub_I__ZN14EthernetServerC2Et
                0x00083060       0x1c C:\Users\Lee\AppData\Local\Temp\VMicroBuilds\WebServer\arduino_due_x_dbg\Ethernet\EthernetServer.cpp.o
 .text._ZN11EthernetUDP4readEPcj
                0x0008307c        0xa C:\Users\Lee\AppData\Local\Temp\VMicroBuilds\WebServer\arduino_due_x_dbg\Ethernet\EthernetUdp.cpp.o
                0x0008307c                EthernetUDP::read(char*, unsigned int)
 *fill*         0x00083086        0x2 
 .text._ZN11EthernetUDP8remoteIPEv
                0x00083088       0x10 C:\Users\Lee\AppData\Local\Temp\VMicroBuilds\WebServer\arduino_due_x_dbg\Ethernet\EthernetUdp.cpp.o
                0x00083088                EthernetUDP::remoteIP()
 .text._ZN11EthernetUDP10remotePortEv
                0x00083098        0x4 C:\Users\Lee\AppData\Local\Temp\VMicroBuilds\WebServer\arduino_due_x_dbg\Ethernet\EthernetUdp.cpp.o
                0x00083098                EthernetUDP::remotePort()
 .text._ZN11EthernetUDP9availableEv
                0x0008309c        0x4 C:\Users\Lee\AppData\Local\Temp\VMicroBuilds\WebServer\arduino_due_x_dbg\Ethernet\EthernetUdp.cpp.o
                0x0008309c                EthernetUDP::available()
 .text._ZN11EthernetUDP5writeEh
                0x000830a0       0x16 C:\Users\Lee\AppData\Local\Temp\VMicroBuilds\WebServer\arduino_due_x_dbg\Ethernet\EthernetUdp.cpp.o
                0x000830a0                EthernetUDP::write(unsigned char)
 .text._ZN11EthernetUDP5flushEv
                0x000830b6        0x2 C:\Users\Lee\AppData\Local\Temp\VMicroBuilds\WebServer\arduino_due_x_dbg\Ethernet\EthernetUdp.cpp.o
                0x000830b6                EthernetUDP::flush()
 .text._ZN11EthernetUDP4stopEv
                0x000830b8       0x28 C:\Users\Lee\AppData\Local\Temp\VMicroBuilds\WebServer\arduino_due_x_dbg\Ethernet\EthernetUdp.cpp.o
                0x000830b8                EthernetUDP::stop()
 .text._ZN11EthernetUDP11beginPacketE9IPAddresst
                0x000830e0        0xe C:\Users\Lee\AppData\Local\Temp\VMicroBuilds\WebServer\arduino_due_x_dbg\Ethernet\EthernetUdp.cpp.o
                0x000830e0                EthernetUDP::beginPacket(IPAddress, unsigned short)
 .text._ZN11EthernetUDP9endPacketEv
                0x000830ee        0x8 C:\Users\Lee\AppData\Local\Temp\VMicroBuilds\WebServer\arduino_due_x_dbg\Ethernet\EthernetUdp.cpp.o
                0x000830ee                EthernetUDP::endPacket()
 .text._ZN11EthernetUDP5writeEPKhj
                0x000830f6       0x1c C:\Users\Lee\AppData\Local\Temp\VMicroBuilds\WebServer\arduino_due_x_dbg\Ethernet\EthernetUdp.cpp.o
                0x000830f6                EthernetUDP::write(unsigned char const*, unsigned int)
 .text._ZN11EthernetUDP4readEv
                0x00083112       0x2e C:\Users\Lee\AppData\Local\Temp\VMicroBuilds\WebServer\arduino_due_x_dbg\Ethernet\EthernetUdp.cpp.o
                0x00083112                EthernetUDP::read()
 .text._ZN11EthernetUDP4readEPhj
                0x00083140       0x2a C:\Users\Lee\AppData\Local\Temp\VMicroBuilds\WebServer\arduino_due_x_dbg\Ethernet\EthernetUdp.cpp.o
                0x00083140                EthernetUDP::read(unsigned char*, unsigned int)
 .text._ZN11EthernetUDP4peekEv
                0x0008316a       0x22 C:\Users\Lee\AppData\Local\Temp\VMicroBuilds\WebServer\arduino_due_x_dbg\Ethernet\EthernetUdp.cpp.o
                0x0008316a                EthernetUDP::peek()
 .text._ZN11EthernetUDP5beginEt
                0x0008318c       0x48 C:\Users\Lee\AppData\Local\Temp\VMicroBuilds\WebServer\arduino_due_x_dbg\Ethernet\EthernetUdp.cpp.o
                0x0008318c                EthernetUDP::begin(unsigned short)
 .text._ZN11EthernetUDP11parsePacketEv
                0x000831d4       0x5e C:\Users\Lee\AppData\Local\Temp\VMicroBuilds\WebServer\arduino_due_x_dbg\Ethernet\EthernetUdp.cpp.o
                0x000831d4                EthernetUDP::parsePacket()
 *fill*         0x00083232        0x2 
 .text._ZN11EthernetUDP14beginMulticastE9IPAddresst
                0x00083234       0xbc C:\Users\Lee\AppData\Local\Temp\VMicroBuilds\WebServer\arduino_due_x_dbg\Ethernet\EthernetUdp.cpp.o
                0x00083234                EthernetUDP::beginMulticast(IPAddress, unsigned short)
 .text._ZN11EthernetUDPC2Ev
                0x000832f0       0x28 C:\Users\Lee\AppData\Local\Temp\VMicroBuilds\WebServer\arduino_due_x_dbg\Ethernet\EthernetUdp.cpp.o
                0x000832f0                EthernetUDP::EthernetUDP()
                0x000832f0                EthernetUDP::EthernetUDP()
 .text._ZN11EthernetUDP11beginPacketEPKct
                0x00083318       0x5c C:\Users\Lee\AppData\Local\Temp\VMicroBuilds\WebServer\arduino_due_x_dbg\Ethernet\EthernetUdp.cpp.o
                0x00083318                EthernetUDP::beginPacket(char const*, unsigned short)
 .text.startup._GLOBAL__sub_I__ZN11EthernetUDPC2Ev
                0x00083374       0x1c C:\Users\Lee\AppData\Local\Temp\VMicroBuilds\WebServer\arduino_due_x_dbg\Ethernet\EthernetUdp.cpp.o
 .text._ZN10W5100Class11writeSnDIPREhPh
                0x00083390        0xe C:\Users\Lee\AppData\Local\Temp\VMicroBuilds\WebServer\arduino_due_x_dbg\Ethernet\utility\socket.cpp.o
                0x00083390                W5100Class::writeSnDIPR(unsigned char, unsigned char*)
 .text._ZN10W5100Class6readSnEht
                0x0008339e        0xc C:\Users\Lee\AppData\Local\Temp\VMicroBuilds\WebServer\arduino_due_x_dbg\Ethernet\utility\socket.cpp.o
                0x0008339e                W5100Class::readSn(unsigned char, unsigned short)
 .text._ZN10W5100Class8readSnIREh
                0x000833aa        0xa C:\Users\Lee\AppData\Local\Temp\VMicroBuilds\WebServer\arduino_due_x_dbg\Ethernet\utility\socket.cpp.o
                0x000833aa                W5100Class::readSnIR(unsigned char)
 .text._ZN10W5100Class7writeSnEhth
                0x000833b4        0xe C:\Users\Lee\AppData\Local\Temp\VMicroBuilds\WebServer\arduino_due_x_dbg\Ethernet\utility\socket.cpp.o
                0x000833b4                W5100Class::writeSn(unsigned char, unsigned short, unsigned char)
 .text._ZN10W5100Class11writeSnPORTEht
                0x000833c2       0x1a C:\Users\Lee\AppData\Local\Temp\VMicroBuilds\WebServer\arduino_due_x_dbg\Ethernet\utility\socket.cpp.o
                0x000833c2                W5100Class::writeSnPORT(unsigned char, unsigned short)
 .text._ZN10W5100Class9writeSnIREhh
                0x000833dc        0xc C:\Users\Lee\AppData\Local\Temp\VMicroBuilds\WebServer\arduino_due_x_dbg\Ethernet\utility\socket.cpp.o
                0x000833dc                W5100Class::writeSnIR(unsigned char, unsigned char)
 .text._ZN10W5100Class12writeSnDPORTEht
                0x000833e8       0x1a C:\Users\Lee\AppData\Local\Temp\VMicroBuilds\WebServer\arduino_due_x_dbg\Ethernet\utility\socket.cpp.o
                0x000833e8                W5100Class::writeSnDPORT(unsigned char, unsigned short)
 *fill*         0x00083402        0x2 
 .text._Z12socketStatush
                0x00083404       0x3c C:\Users\Lee\AppData\Local\Temp\VMicroBuilds\WebServer\arduino_due_x_dbg\Ethernet\utility\socket.cpp.o
                0x00083404                socketStatus(unsigned char)
 .text._Z5closeh
                0x00083440       0x48 C:\Users\Lee\AppData\Local\Temp\VMicroBuilds\WebServer\arduino_due_x_dbg\Ethernet\utility\socket.cpp.o
                0x00083440                close(unsigned char)
 .text._Z6sockethhth
                0x00083488       0x80 C:\Users\Lee\AppData\Local\Temp\VMicroBuilds\WebServer\arduino_due_x_dbg\Ethernet\utility\socket.cpp.o
                0x00083488                socket(unsigned char, unsigned char, unsigned short, unsigned char)
 .text._Z6listenh
                0x00083508       0x54 C:\Users\Lee\AppData\Local\Temp\VMicroBuilds\WebServer\arduino_due_x_dbg\Ethernet\utility\socket.cpp.o
                0x00083508                listen(unsigned char)
 .text._Z7connecthPht
                0x0008355c       0x8c C:\Users\Lee\AppData\Local\Temp\VMicroBuilds\WebServer\arduino_due_x_dbg\Ethernet\utility\socket.cpp.o
                0x0008355c                connect(unsigned char, unsigned char*, unsigned short)
 .text._Z10disconnecth
                0x000835e8       0x40 C:\Users\Lee\AppData\Local\Temp\VMicroBuilds\WebServer\arduino_due_x_dbg\Ethernet\utility\socket.cpp.o
                0x000835e8                disconnect(unsigned char)
 .text._Z4sendhPKht
                0x00083628       0xf4 C:\Users\Lee\AppData\Local\Temp\VMicroBuilds\WebServer\arduino_due_x_dbg\Ethernet\utility\socket.cpp.o
                0x00083628                send(unsigned char, unsigned char const*, unsigned short)
 .text._Z4recvhPhs
                0x0008371c       0x84 C:\Users\Lee\AppData\Local\Temp\VMicroBuilds\WebServer\arduino_due_x_dbg\Ethernet\utility\socket.cpp.o
                0x0008371c                recv(unsigned char, unsigned char*, short)
 .text._Z13recvAvailableh
                0x000837a0       0x40 C:\Users\Lee\AppData\Local\Temp\VMicroBuilds\WebServer\arduino_due_x_dbg\Ethernet\utility\socket.cpp.o
                0x000837a0                recvAvailable(unsigned char)
 .text._Z4peekhPh
                0x000837e0       0x48 C:\Users\Lee\AppData\Local\Temp\VMicroBuilds\WebServer\arduino_due_x_dbg\Ethernet\utility\socket.cpp.o
                0x000837e0                peek(unsigned char, unsigned char*)
 .text._Z5flushh
                0x00083828        0x2 C:\Users\Lee\AppData\Local\Temp\VMicroBuilds\WebServer\arduino_due_x_dbg\Ethernet\utility\socket.cpp.o
                0x00083828                flush(unsigned char)
 *fill*         0x0008382a        0x2 
 .text._Z10bufferDatahtPKht
                0x0008382c       0x64 C:\Users\Lee\AppData\Local\Temp\VMicroBuilds\WebServer\arduino_due_x_dbg\Ethernet\utility\socket.cpp.o
                0x0008382c                bufferData(unsigned char, unsigned short, unsigned char const*, unsigned short)
 .text._Z8startUDPhPht
                0x00083890       0x5c C:\Users\Lee\AppData\Local\Temp\VMicroBuilds\WebServer\arduino_due_x_dbg\Ethernet\utility\socket.cpp.o
                0x00083890                startUDP(unsigned char, unsigned char*, unsigned short)
 .text._Z7sendUDPh
                0x000838ec       0x94 C:\Users\Lee\AppData\Local\Temp\VMicroBuilds\WebServer\arduino_due_x_dbg\Ethernet\utility\socket.cpp.o
                0x000838ec                sendUDP(unsigned char)
 .text._ZN10W5100Class5writeEth
                0x00083980       0x40 C:\Users\Lee\AppData\Local\Temp\VMicroBuilds\WebServer\arduino_due_x_dbg\Ethernet\utility\w5100.cpp.o
                0x00083980                W5100Class::write(unsigned short, unsigned char)
 .text._ZN10W5100Class4initEv
                0x000839c0       0x9c C:\Users\Lee\AppData\Local\Temp\VMicroBuilds\WebServer\arduino_due_x_dbg\Ethernet\utility\w5100.cpp.o
                0x000839c0                W5100Class::init()
 .text._ZN10W5100Class5writeEtPKht
                0x00083a5c       0x50 C:\Users\Lee\AppData\Local\Temp\VMicroBuilds\WebServer\arduino_due_x_dbg\Ethernet\utility\w5100.cpp.o
                0x00083a5c                W5100Class::write(unsigned short, unsigned char const*, unsigned short)
 .text._ZN10W5100Class4readEt
                0x00083aac       0x40 C:\Users\Lee\AppData\Local\Temp\VMicroBuilds\WebServer\arduino_due_x_dbg\Ethernet\utility\w5100.cpp.o
                0x00083aac                W5100Class::read(unsigned short)
 .text._ZN10W5100Class12readSnTX_FSREh
                0x00083aec       0x1e C:\Users\Lee\AppData\Local\Temp\VMicroBuilds\WebServer\arduino_due_x_dbg\Ethernet\utility\w5100.cpp.o
                0x00083aec                W5100Class::readSnTX_FSR(unsigned char)
 .text._ZN10W5100Class13getTXFreeSizeEh
                0x00083b0a       0x20 C:\Users\Lee\AppData\Local\Temp\VMicroBuilds\WebServer\arduino_due_x_dbg\Ethernet\utility\w5100.cpp.o
                0x00083b0a                W5100Class::getTXFreeSize(unsigned char)
 .text._ZN10W5100Class12readSnRX_RSREh
                0x00083b2a       0x1e C:\Users\Lee\AppData\Local\Temp\VMicroBuilds\WebServer\arduino_due_x_dbg\Ethernet\utility\w5100.cpp.o
                0x00083b2a                W5100Class::readSnRX_RSR(unsigned char)
 .text._ZN10W5100Class17getRXReceivedSizeEh
                0x00083b48       0x20 C:\Users\Lee\AppData\Local\Temp\VMicroBuilds\WebServer\arduino_due_x_dbg\Ethernet\utility\w5100.cpp.o
                0x00083b48                W5100Class::getRXReceivedSize(unsigned char)
 .text._ZN10W5100Class27send_data_processing_offsetEhtPKht
                0x00083b68       0x80 C:\Users\Lee\AppData\Local\Temp\VMicroBuilds\WebServer\arduino_due_x_dbg\Ethernet\utility\w5100.cpp.o
                0x00083b68                W5100Class::send_data_processing_offset(unsigned char, unsigned short, unsigned char const*, unsigned short)
 .text._ZN10W5100Class20send_data_processingEhPKht
                0x00083be8       0x12 C:\Users\Lee\AppData\Local\Temp\VMicroBuilds\WebServer\arduino_due_x_dbg\Ethernet\utility\w5100.cpp.o
                0x00083be8                W5100Class::send_data_processing(unsigned char, unsigned char const*, unsigned short)
 *fill*         0x00083bfa        0x2 
 .text._ZN10W5100Class4readEtPht
                0x00083bfc       0x54 C:\Users\Lee\AppData\Local\Temp\VMicroBuilds\WebServer\arduino_due_x_dbg\Ethernet\utility\w5100.cpp.o
                0x00083bfc                W5100Class::read(unsigned short, unsigned char*, unsigned short)
 .text._ZN10W5100Class9read_dataEhtPVht
                0x00083c50       0x4c C:\Users\Lee\AppData\Local\Temp\VMicroBuilds\WebServer\arduino_due_x_dbg\Ethernet\utility\w5100.cpp.o
                0x00083c50                W5100Class::read_data(unsigned char, unsigned short, unsigned char volatile*, unsigned short)
 .text._ZN10W5100Class20recv_data_processingEhPhth
                0x00083c9c       0x56 C:\Users\Lee\AppData\Local\Temp\VMicroBuilds\WebServer\arduino_due_x_dbg\Ethernet\utility\w5100.cpp.o
                0x00083c9c                W5100Class::recv_data_processing(unsigned char, unsigned char*, unsigned short, unsigned char)
 .text._ZN10W5100Class9execCmdSnEh7SockCMD
                0x00083cf2       0x1a C:\Users\Lee\AppData\Local\Temp\VMicroBuilds\WebServer\arduino_due_x_dbg\Ethernet\utility\w5100.cpp.o
                0x00083cf2                W5100Class::execCmdSn(unsigned char, SockCMD)
 .text.PIO_PullUp
                0x00083d0c        0xa C:\Users\Lee\AppData\Local\arduino15\packages\arduino\hardware\sam\1.6.9\variants\arduino_due_x/libsam_sam3x8e_gcc_rel.a(pio.o)
                0x00083d0c                PIO_PullUp
 .text.PIO_SetPeripheral
                0x00083d16       0x26 C:\Users\Lee\AppData\Local\arduino15\packages\arduino\hardware\sam\1.6.9\variants\arduino_due_x/libsam_sam3x8e_gcc_rel.a(pio.o)
                0x00083d16                PIO_SetPeripheral
 .text.PIO_SetInput
                0x00083d3c       0x26 C:\Users\Lee\AppData\Local\arduino15\packages\arduino\hardware\sam\1.6.9\variants\arduino_due_x/libsam_sam3x8e_gcc_rel.a(pio.o)
                0x00083d3c                PIO_SetInput
 .text.PIO_SetOutput
                0x00083d62       0x24 C:\Users\Lee\AppData\Local\arduino15\packages\arduino\hardware\sam\1.6.9\variants\arduino_due_x/libsam_sam3x8e_gcc_rel.a(pio.o)
                0x00083d62                PIO_SetOutput
 *fill*         0x00083d86        0x2 
 .text.PIO_Configure
                0x00083d88       0x64 C:\Users\Lee\AppData\Local\arduino15\packages\arduino\hardware\sam\1.6.9\variants\arduino_due_x/libsam_sam3x8e_gcc_rel.a(pio.o)
                0x00083d88                PIO_Configure
 .text.PIO_GetOutputDataStatus
                0x00083dec       0x14 C:\Users\Lee\AppData\Local\arduino15\packages\arduino\hardware\sam\1.6.9\variants\arduino_due_x/libsam_sam3x8e_gcc_rel.a(pio.o)
                0x00083dec                PIO_GetOutputDataStatus
 .text.SPI_Enable
                0x00083e00        0x6 C:\Users\Lee\AppData\Local\arduino15\packages\arduino\hardware\sam\1.6.9\variants\arduino_due_x/libsam_sam3x8e_gcc_rel.a(spi.o)
                0x00083e00                SPI_Enable
 *fill*         0x00083e06        0x2 
 .text.SPI_Configure
                0x00083e08       0x20 C:\Users\Lee\AppData\Local\arduino15\packages\arduino\hardware\sam\1.6.9\variants\arduino_due_x/libsam_sam3x8e_gcc_rel.a(spi.o)
                0x00083e08                SPI_Configure
 .text.SPI_ConfigureNPCS
                0x00083e28        0x8 C:\Users\Lee\AppData\Local\arduino15\packages\arduino\hardware\sam\1.6.9\variants\arduino_due_x/libsam_sam3x8e_gcc_rel.a(spi.o)
                0x00083e28                SPI_ConfigureNPCS
 .text.Reset_Handler
                0x00083e30       0x78 C:\Users\Lee\AppData\Local\arduino15\packages\arduino\hardware\sam\1.6.9\variants\arduino_due_x/libsam_sam3x8e_gcc_rel.a(startup_sam3xa.o)
                0x00083e30                Reset_Handler
 .text.UOTGHS_Handler
                0x00083ea8       0x10 C:\Users\Lee\AppData\Local\arduino15\packages\arduino\hardware\sam\1.6.9\variants\arduino_due_x/libsam_sam3x8e_gcc_rel.a(uotghs.o)
                0x00083ea8                UOTGHS_Handler
 .text.pmc_enable_upll_clock
                0x00083eb8       0x14 C:\Users\Lee\AppData\Local\arduino15\packages\arduino\hardware\sam\1.6.9\variants\arduino_due_x/libsam_sam3x8e_gcc_rel.a(pmc.o)
                0x00083eb8                pmc_enable_upll_clock
 .text.pmc_enable_periph_clk
                0x00083ecc       0x44 C:\Users\Lee\AppData\Local\arduino15\packages\arduino\hardware\sam\1.6.9\variants\arduino_due_x/libsam_sam3x8e_gcc_rel.a(pmc.o)
                0x00083ecc                pmc_enable_periph_clk
 .text.pmc_disable_periph_clk
                0x00083f10       0x40 C:\Users\Lee\AppData\Local\arduino15\packages\arduino\hardware\sam\1.6.9\variants\arduino_due_x/libsam_sam3x8e_gcc_rel.a(pmc.o)
                0x00083f10                pmc_disable_periph_clk
 .text.pmc_switch_udpck_to_upllck
                0x00083f50       0x14 C:\Users\Lee\AppData\Local\arduino15\packages\arduino\hardware\sam\1.6.9\variants\arduino_due_x/libsam_sam3x8e_gcc_rel.a(pmc.o)
                0x00083f50                pmc_switch_udpck_to_upllck
 .text.pmc_enable_udpck
                0x00083f64        0xc C:\Users\Lee\AppData\Local\arduino15\packages\arduino\hardware\sam\1.6.9\variants\arduino_due_x/libsam_sam3x8e_gcc_rel.a(pmc.o)
                0x00083f64                pmc_enable_udpck
 .text.__halt   0x00083f70        0x2 C:\Users\Lee\AppData\Local\Temp\VMicroBuilds\WebServer\arduino_due_x_dbg/core.a(cortex_handlers.c.o)
                0x00083f70                DACC_Handler
                0x00083f70                DebugMon_Handler
                0x00083f70                DMAC_Handler
                0x00083f70                TRNG_Handler
                0x00083f70                HardFault_Handler
                0x00083f70                TC2_Handler
                0x00083f70                TWI1_Handler
                0x00083f70                NMI_Handler
                0x00083f70                TC7_Handler
                0x00083f70                ADC_Handler
                0x00083f70                SMC_Handler
                0x00083f70                RTT_Handler
                0x00083f70                EFC1_Handler
                0x00083f70                PIOB_Handler
                0x00083f70                RTC_Handler
                0x00083f70                UsageFault_Handler
                0x00083f70                TC6_Handler
                0x00083f70                WDT_Handler
                0x00083f70                CAN0_Handler
                0x00083f70                TC4_Handler
                0x00083f70                TC1_Handler
                0x00083f70                HSMCI_Handler
                0x00083f70                TC3_Handler
                0x00083f70                TWI0_Handler
                0x00083f70                PIOA_Handler
                0x00083f70                SSC_Handler
                0x00083f70                EFC0_Handler
                0x00083f70                PMC_Handler
                0x00083f70                PWM_Handler
                0x00083f70                CAN1_Handler
                0x00083f70                MemManage_Handler
                0x00083f70                SUPC_Handler
                0x00083f70                TC8_Handler
                0x00083f70                USART2_Handler
                0x00083f70                PIOD_Handler
                0x00083f70                EMAC_Handler
                0x00083f70                PIOC_Handler
                0x00083f70                BusFault_Handler
                0x00083f70                RSTC_Handler
                0x00083f70                TC0_Handler
                0x00083f70                TC5_Handler
                0x00083f70                SPI0_Handler
 .text.SVC_Handler
                0x00083f72        0x4 C:\Users\Lee\AppData\Local\Temp\VMicroBuilds\WebServer\arduino_due_x_dbg/core.a(cortex_handlers.c.o)
                0x00083f72                SVC_Handler
 .text.PendSV_Handler
                0x00083f76        0x4 C:\Users\Lee\AppData\Local\Temp\VMicroBuilds\WebServer\arduino_due_x_dbg/core.a(cortex_handlers.c.o)
                0x00083f76                PendSV_Handler
 .text.SysTick_Handler
                0x00083f7a       0x16 C:\Users\Lee\AppData\Local\Temp\VMicroBuilds\WebServer\arduino_due_x_dbg/core.a(cortex_handlers.c.o)
                0x00083f7a                SysTick_Handler
 .text.__empty  0x00083f90        0x2 C:\Users\Lee\AppData\Local\Temp\VMicroBuilds\WebServer\arduino_due_x_dbg/core.a(hooks.c.o)
                0x00083f90                yield
 .text.__false  0x00083f92        0x4 C:\Users\Lee\AppData\Local\Temp\VMicroBuilds\WebServer\arduino_due_x_dbg/core.a(hooks.c.o)
                0x00083f92                sysTickHook
 .text.__halt   0x00083f96        0x2 C:\Users\Lee\AppData\Local\Temp\VMicroBuilds\WebServer\arduino_due_x_dbg/core.a(hooks.c.o)
                0x00083f96                svcHook
                0x00083f96                pendSVHook
 .text._sbrk    0x00083f98       0x1c C:\Users\Lee\AppData\Local\Temp\VMicroBuilds\WebServer\arduino_due_x_dbg/core.a(syscalls_sam3.c.o)
                0x00083f98                _sbrk
 .text.link     0x00083fb4        0x6 C:\Users\Lee\AppData\Local\Temp\VMicroBuilds\WebServer\arduino_due_x_dbg/core.a(syscalls_sam3.c.o)
                0x00083fb4                link
 .text._close   0x00083fba        0x6 C:\Users\Lee\AppData\Local\Temp\VMicroBuilds\WebServer\arduino_due_x_dbg/core.a(syscalls_sam3.c.o)
                0x00083fba                _close
 .text._fstat   0x00083fc0        0xa C:\Users\Lee\AppData\Local\Temp\VMicroBuilds\WebServer\arduino_due_x_dbg/core.a(syscalls_sam3.c.o)
                0x00083fc0                _fstat
 .text._isatty  0x00083fca        0x4 C:\Users\Lee\AppData\Local\Temp\VMicroBuilds\WebServer\arduino_due_x_dbg/core.a(syscalls_sam3.c.o)
                0x00083fca                _isatty
 .text._lseek   0x00083fce        0x4 C:\Users\Lee\AppData\Local\Temp\VMicroBuilds\WebServer\arduino_due_x_dbg/core.a(syscalls_sam3.c.o)
                0x00083fce                _lseek
 .text._read    0x00083fd2        0x4 C:\Users\Lee\AppData\Local\Temp\VMicroBuilds\WebServer\arduino_due_x_dbg/core.a(syscalls_sam3.c.o)
                0x00083fd2                _read
 *fill*         0x00083fd6        0x2 
 .text._write   0x00083fd8       0x24 C:\Users\Lee\AppData\Local\Temp\VMicroBuilds\WebServer\arduino_due_x_dbg/core.a(syscalls_sam3.c.o)
                0x00083fd8                _write
 .text._exit    0x00083ffc       0x10 C:\Users\Lee\AppData\Local\Temp\VMicroBuilds\WebServer\arduino_due_x_dbg/core.a(syscalls_sam3.c.o)
                0x00083ffc                _exit
 .text._kill    0x0008400c        0x2 C:\Users\Lee\AppData\Local\Temp\VMicroBuilds\WebServer\arduino_due_x_dbg/core.a(syscalls_sam3.c.o)
                0x0008400c                _kill
 .text._getpid  0x0008400e        0x6 C:\Users\Lee\AppData\Local\Temp\VMicroBuilds\WebServer\arduino_due_x_dbg/core.a(syscalls_sam3.c.o)
                0x0008400e                _getpid
 .text.millis   0x00084014        0x4 C:\Users\Lee\AppData\Local\Temp\VMicroBuilds\WebServer\arduino_due_x_dbg/core.a(wiring.c.o)
                0x00084014                millis
 .text.delay    0x00084018       0x1c C:\Users\Lee\AppData\Local\Temp\VMicroBuilds\WebServer\arduino_due_x_dbg/core.a(wiring.c.o)
                0x00084018                delay
 .text.pinMode  0x00084034      0x108 C:\Users\Lee\AppData\Local\Temp\VMicroBuilds\WebServer\arduino_due_x_dbg/core.a(wiring_digital.c.o)
                0x00084034                pinMode
 .text.digitalWrite
                0x0008413c       0x70 C:\Users\Lee\AppData\Local\Temp\VMicroBuilds\WebServer\arduino_due_x_dbg/core.a(wiring_digital.c.o)
                0x0008413c                digitalWrite
 .text._ZNK9IPAddress7printToER5Print
                0x000841ac       0x3c C:\Users\Lee\AppData\Local\Temp\VMicroBuilds\WebServer\arduino_due_x_dbg/core.a(IPAddress.cpp.o)
                0x000841ac                IPAddress::printTo(Print&) const
 .text._ZN9IPAddressC2Ev
                0x000841e8       0x10 C:\Users\Lee\AppData\Local\Temp\VMicroBuilds\WebServer\arduino_due_x_dbg/core.a(IPAddress.cpp.o)
                0x000841e8                IPAddress::IPAddress()
                0x000841e8                IPAddress::IPAddress()
 .text._ZN9IPAddressC2Ehhhh
                0x000841f8       0x18 C:\Users\Lee\AppData\Local\Temp\VMicroBuilds\WebServer\arduino_due_x_dbg/core.a(IPAddress.cpp.o)
                0x000841f8                IPAddress::IPAddress(unsigned char, unsigned char, unsigned char, unsigned char)
                0x000841f8                IPAddress::IPAddress(unsigned char, unsigned char, unsigned char, unsigned char)
 .text._ZN9IPAddressC2EPKh
                0x00084210       0x10 C:\Users\Lee\AppData\Local\Temp\VMicroBuilds\WebServer\arduino_due_x_dbg/core.a(IPAddress.cpp.o)
                0x00084210                IPAddress::IPAddress(unsigned char const*)
                0x00084210                IPAddress::IPAddress(unsigned char const*)
 .text._ZN9IPAddressaSEPKh
                0x00084220        0x6 C:\Users\Lee\AppData\Local\Temp\VMicroBuilds\WebServer\arduino_due_x_dbg/core.a(IPAddress.cpp.o)
                0x00084220                IPAddress::operator=(unsigned char const*)
 *fill*         0x00084226        0x2 
 .text.startup._GLOBAL__sub_I__ZN9IPAddressC2Ev
                0x00084228       0x1c C:\Users\Lee\AppData\Local\Temp\VMicroBuilds\WebServer\arduino_due_x_dbg/core.a(IPAddress.cpp.o)
 .text.initVariant
                0x00084244        0x2 C:\Users\Lee\AppData\Local\Temp\VMicroBuilds\WebServer\arduino_due_x_dbg/core.a(main.cpp.o)
                0x00084244                initVariant
 *fill*         0x00084246        0x2 
 .text.startup.main
                0x00084248       0x38 C:\Users\Lee\AppData\Local\Temp\VMicroBuilds\WebServer\arduino_due_x_dbg/core.a(main.cpp.o)
                0x00084248                main
 .text._ZN5Print5writeEPKhj
                0x00084280       0x22 C:\Users\Lee\AppData\Local\Temp\VMicroBuilds\WebServer\arduino_due_x_dbg/core.a(Print.cpp.o)
                0x00084280                Print::write(unsigned char const*, unsigned int)
 .text._ZN5Print5printEmi.part.3
                0x000842a2        0xc C:\Users\Lee\AppData\Local\Temp\VMicroBuilds\WebServer\arduino_due_x_dbg/core.a(Print.cpp.o)
 .text._ZN5Print5writeEPKc
                0x000842ae       0x1e C:\Users\Lee\AppData\Local\Temp\VMicroBuilds\WebServer\arduino_due_x_dbg/core.a(Print.cpp.o)
                0x000842ae                Print::write(char const*)
 .text._ZN5Print5printERK6String
                0x000842cc       0x10 C:\Users\Lee\AppData\Local\Temp\VMicroBuilds\WebServer\arduino_due_x_dbg/core.a(Print.cpp.o)
                0x000842cc                Print::print(String const&)
 .text._ZN5Print5printEPKc
                0x000842dc        0x8 C:\Users\Lee\AppData\Local\Temp\VMicroBuilds\WebServer\arduino_due_x_dbg/core.a(Print.cpp.o)
                0x000842dc                Print::print(char const*)
 .text._ZN5Print5printEc
                0x000842e4        0xa C:\Users\Lee\AppData\Local\Temp\VMicroBuilds\WebServer\arduino_due_x_dbg/core.a(Print.cpp.o)
                0x000842e4                Print::print(char)
 .text._ZN5Print5printERK9Printable
                0x000842ee       0x10 C:\Users\Lee\AppData\Local\Temp\VMicroBuilds\WebServer\arduino_due_x_dbg/core.a(Print.cpp.o)
                0x000842ee                Print::print(Printable const&)
 *fill*         0x000842fe        0x2 
 .text._ZN5Print7printlnEv
                0x00084300       0x10 C:\Users\Lee\AppData\Local\Temp\VMicroBuilds\WebServer\arduino_due_x_dbg/core.a(Print.cpp.o)
                0x00084300                Print::println()
 .text._ZN5Print7printlnERK6String
                0x00084310       0x14 C:\Users\Lee\AppData\Local\Temp\VMicroBuilds\WebServer\arduino_due_x_dbg/core.a(Print.cpp.o)
                0x00084310                Print::println(String const&)
 .text._ZN5Print7printlnEPKc
                0x00084324       0x14 C:\Users\Lee\AppData\Local\Temp\VMicroBuilds\WebServer\arduino_due_x_dbg/core.a(Print.cpp.o)
                0x00084324                Print::println(char const*)
 .text._ZN5Print7printlnERK9Printable
                0x00084338       0x14 C:\Users\Lee\AppData\Local\Temp\VMicroBuilds\WebServer\arduino_due_x_dbg/core.a(Print.cpp.o)
                0x00084338                Print::println(Printable const&)
 .text._ZN5Print11printNumberEmh
                0x0008434c       0x3e C:\Users\Lee\AppData\Local\Temp\VMicroBuilds\WebServer\arduino_due_x_dbg/core.a(Print.cpp.o)
                0x0008434c                Print::printNumber(unsigned long, unsigned char)
 .text._ZN5Print5printEmi
                0x0008438a        0xc C:\Users\Lee\AppData\Local\Temp\VMicroBuilds\WebServer\arduino_due_x_dbg/core.a(Print.cpp.o)
                0x0008438a                Print::print(unsigned long, int)
 .text._ZN5Print5printEhi
                0x00084396        0x4 C:\Users\Lee\AppData\Local\Temp\VMicroBuilds\WebServer\arduino_due_x_dbg/core.a(Print.cpp.o)
                0x00084396                Print::print(unsigned char, int)
 *fill*         0x0008439a        0x2 
 .text.initiateReset
                0x0008439c        0xc C:\Users\Lee\AppData\Local\Temp\VMicroBuilds\WebServer\arduino_due_x_dbg/core.a(Reset.cpp.o)
                0x0008439c                initiateReset
 .text.cancelReset
                0x000843a8       0x10 C:\Users\Lee\AppData\Local\Temp\VMicroBuilds\WebServer\arduino_due_x_dbg/core.a(Reset.cpp.o)
                0x000843a8                cancelReset
 .text.tickReset
                0x000843b8       0x20 C:\Users\Lee\AppData\Local\Temp\VMicroBuilds\WebServer\arduino_due_x_dbg/core.a(Reset.cpp.o)
                0x000843b8                tickReset
 .text._ZN9UARTClasscvbEv
                0x000843d8        0x4 C:\Users\Lee\AppData\Local\Temp\VMicroBuilds\WebServer\arduino_due_x_dbg/core.a(UARTClass.cpp.o)
                0x000843d8                UARTClass::operator bool()
 .text._ZN9UARTClass9availableEv
                0x000843dc       0x12 C:\Users\Lee\AppData\Local\Temp\VMicroBuilds\WebServer\arduino_due_x_dbg/core.a(UARTClass.cpp.o)
                0x000843dc                UARTClass::available()
 .text._ZN9UARTClass4peekEv
                0x000843ee       0x1c C:\Users\Lee\AppData\Local\Temp\VMicroBuilds\WebServer\arduino_due_x_dbg/core.a(UARTClass.cpp.o)
                0x000843ee                UARTClass::peek()
 .text._ZN9UARTClass4readEv
                0x0008440a       0x2a C:\Users\Lee\AppData\Local\Temp\VMicroBuilds\WebServer\arduino_due_x_dbg/core.a(UARTClass.cpp.o)
                0x0008440a                UARTClass::read()
 .text._ZN9UARTClass5flushEv
                0x00084434       0x18 C:\Users\Lee\AppData\Local\Temp\VMicroBuilds\WebServer\arduino_due_x_dbg/core.a(UARTClass.cpp.o)
                0x00084434                UARTClass::flush()
 .text._ZN9UARTClass5writeEh
                0x0008444c       0x54 C:\Users\Lee\AppData\Local\Temp\VMicroBuilds\WebServer\arduino_due_x_dbg/core.a(UARTClass.cpp.o)
                0x0008444c                UARTClass::write(unsigned char)
 .text._ZN9UARTClass3endEv
                0x000844a0       0x3c C:\Users\Lee\AppData\Local\Temp\VMicroBuilds\WebServer\arduino_due_x_dbg/core.a(UARTClass.cpp.o)
                0x000844a0                UARTClass::end()
 .text._ZN9UARTClassC2EP4Uart4IRQnmP10RingBufferS4_
                0x000844dc       0x24 C:\Users\Lee\AppData\Local\Temp\VMicroBuilds\WebServer\arduino_due_x_dbg/core.a(UARTClass.cpp.o)
                0x000844dc                UARTClass::UARTClass(Uart*, IRQn, unsigned long, RingBuffer*, RingBuffer*)
                0x000844dc                UARTClass::UARTClass(Uart*, IRQn, unsigned long, RingBuffer*, RingBuffer*)
 .text._ZN9UARTClass4initEmm
                0x00084500       0x70 C:\Users\Lee\AppData\Local\Temp\VMicroBuilds\WebServer\arduino_due_x_dbg/core.a(UARTClass.cpp.o)
                0x00084500                UARTClass::init(unsigned long, unsigned long)
 .text._ZN9UARTClass5beginEm
                0x00084570        0x8 C:\Users\Lee\AppData\Local\Temp\VMicroBuilds\WebServer\arduino_due_x_dbg/core.a(UARTClass.cpp.o)
                0x00084570                UARTClass::begin(unsigned long)
 .text._ZN9UARTClass10IrqHandlerEv
                0x00084578       0x5a C:\Users\Lee\AppData\Local\Temp\VMicroBuilds\WebServer\arduino_due_x_dbg/core.a(UARTClass.cpp.o)
                0x00084578                UARTClass::IrqHandler()
 *fill*         0x000845d2        0x2 
 .text._watchdogDefaultSetup
                0x000845d4        0xc C:\Users\Lee\AppData\Local\Temp\VMicroBuilds\WebServer\arduino_due_x_dbg/core.a(watchdog.cpp.o)
                0x000845d4                _watchdogDefaultSetup
                0x000845d4                watchdogSetup()
 .text._Z6randoml
                0x000845e0       0x16 C:\Users\Lee\AppData\Local\Temp\VMicroBuilds\WebServer\arduino_due_x_dbg/core.a(WMath.cpp.o)
                0x000845e0                random(long)
 .text._Z6randomll
                0x000845f6       0x14 C:\Users\Lee\AppData\Local\Temp\VMicroBuilds\WebServer\arduino_due_x_dbg/core.a(WMath.cpp.o)
                0x000845f6                random(long, long)
 .text._Z8makeWordhh
                0x0008460a        0x6 C:\Users\Lee\AppData\Local\Temp\VMicroBuilds\WebServer\arduino_due_x_dbg/core.a(WMath.cpp.o)
                0x0008460a                makeWord(unsigned char, unsigned char)
 .text._ZNK6String14StringIfHelperEv
                0x00084610        0x2 C:\Users\Lee\AppData\Local\Temp\VMicroBuilds\WebServer\arduino_due_x_dbg/core.a(WString.cpp.o)
                0x00084610                String::StringIfHelper() const
 .text._ZN6StringD2Ev
                0x00084612        0xe C:\Users\Lee\AppData\Local\Temp\VMicroBuilds\WebServer\arduino_due_x_dbg/core.a(WString.cpp.o)
                0x00084612                String::~String()
                0x00084612                String::~String()
 .text._ZN6String10invalidateEv
                0x00084620       0x16 C:\Users\Lee\AppData\Local\Temp\VMicroBuilds\WebServer\arduino_due_x_dbg/core.a(WString.cpp.o)
                0x00084620                String::invalidate()
 .text._ZN6String12changeBufferEj
                0x00084636       0x18 C:\Users\Lee\AppData\Local\Temp\VMicroBuilds\WebServer\arduino_due_x_dbg/core.a(WString.cpp.o)
                0x00084636                String::changeBuffer(unsigned int)
 .text._ZN6String7reserveEj
                0x0008464e       0x22 C:\Users\Lee\AppData\Local\Temp\VMicroBuilds\WebServer\arduino_due_x_dbg/core.a(WString.cpp.o)
                0x0008464e                String::reserve(unsigned int)
 .text._ZN6String4copyEPKcj
                0x00084670       0x26 C:\Users\Lee\AppData\Local\Temp\VMicroBuilds\WebServer\arduino_due_x_dbg/core.a(WString.cpp.o)
                0x00084670                String::copy(char const*, unsigned int)
 .text._ZN6StringC2EPKc
                0x00084696       0x24 C:\Users\Lee\AppData\Local\Temp\VMicroBuilds\WebServer\arduino_due_x_dbg/core.a(WString.cpp.o)
                0x00084696                String::String(char const*)
                0x00084696                String::String(char const*)
 *fill*         0x000846ba        0x2 
 .text._ZN6String4moveERS_
                0x000846bc       0x44 C:\Users\Lee\AppData\Local\Temp\VMicroBuilds\WebServer\arduino_due_x_dbg/core.a(WString.cpp.o)
                0x000846bc                String::move(String&)
 .text._ZN6StringaSERKS_
                0x00084700       0x1e C:\Users\Lee\AppData\Local\Temp\VMicroBuilds\WebServer\arduino_due_x_dbg/core.a(WString.cpp.o)
                0x00084700                String::operator=(String const&)
 .text._ZN6StringC2ERKS_
                0x0008471e       0x14 C:\Users\Lee\AppData\Local\Temp\VMicroBuilds\WebServer\arduino_due_x_dbg/core.a(WString.cpp.o)
                0x0008471e                String::String(String const&)
                0x0008471e                String::String(String const&)
 .text._ZN6StringaSEOS_
                0x00084732       0x10 C:\Users\Lee\AppData\Local\Temp\VMicroBuilds\WebServer\arduino_due_x_dbg/core.a(WString.cpp.o)
                0x00084732                String::operator=(String&&)
 .text._ZN6StringaSEPKc
                0x00084742       0x22 C:\Users\Lee\AppData\Local\Temp\VMicroBuilds\WebServer\arduino_due_x_dbg/core.a(WString.cpp.o)
                0x00084742                String::operator=(char const*)
 .text._ZN6StringC2Ehh
                0x00084764       0x22 C:\Users\Lee\AppData\Local\Temp\VMicroBuilds\WebServer\arduino_due_x_dbg/core.a(WString.cpp.o)
                0x00084764                String::String(unsigned char, unsigned char)
                0x00084764                String::String(unsigned char, unsigned char)
 .text._ZN6StringC2Eih
                0x00084786       0x24 C:\Users\Lee\AppData\Local\Temp\VMicroBuilds\WebServer\arduino_due_x_dbg/core.a(WString.cpp.o)
                0x00084786                String::String(int, unsigned char)
                0x00084786                String::String(int, unsigned char)
 .text._ZN6StringC2Ejh
                0x000847aa       0x24 C:\Users\Lee\AppData\Local\Temp\VMicroBuilds\WebServer\arduino_due_x_dbg/core.a(WString.cpp.o)
                0x000847aa                String::String(unsigned int, unsigned char)
                0x000847aa                String::String(unsigned int, unsigned char)
 .text._ZN6StringC2Emh
                0x000847ce       0x24 C:\Users\Lee\AppData\Local\Temp\VMicroBuilds\WebServer\arduino_due_x_dbg/core.a(WString.cpp.o)
                0x000847ce                String::String(unsigned long, unsigned char)
                0x000847ce                String::String(unsigned long, unsigned char)
 .text._ZN6String6concatEPKcj
                0x000847f2       0x2e C:\Users\Lee\AppData\Local\Temp\VMicroBuilds\WebServer\arduino_due_x_dbg/core.a(WString.cpp.o)
                0x000847f2                String::concat(char const*, unsigned int)
 .text._ZN6String6concatEc
                0x00084820       0x1a C:\Users\Lee\AppData\Local\Temp\VMicroBuilds\WebServer\arduino_due_x_dbg/core.a(WString.cpp.o)
                0x00084820                String::concat(char)
 .text._ZNK6String7indexOfEcj
                0x0008483a       0x1c C:\Users\Lee\AppData\Local\Temp\VMicroBuilds\WebServer\arduino_due_x_dbg/core.a(WString.cpp.o)
                0x0008483a                String::indexOf(char, unsigned int) const
 .text._ZNK6String7indexOfEc
                0x00084856        0x6 C:\Users\Lee\AppData\Local\Temp\VMicroBuilds\WebServer\arduino_due_x_dbg/core.a(WString.cpp.o)
                0x00084856                String::indexOf(char) const
 .text._ZNK6String7indexOfERKS_j
                0x0008485c       0x1e C:\Users\Lee\AppData\Local\Temp\VMicroBuilds\WebServer\arduino_due_x_dbg/core.a(WString.cpp.o)
                0x0008485c                String::indexOf(String const&, unsigned int) const
 .text._ZNK6String7indexOfERKS_
                0x0008487a        0x6 C:\Users\Lee\AppData\Local\Temp\VMicroBuilds\WebServer\arduino_due_x_dbg/core.a(WString.cpp.o)
                0x0008487a                String::indexOf(String const&) const
 .text._ZNK6String11lastIndexOfEcj
                0x00084880       0x2e C:\Users\Lee\AppData\Local\Temp\VMicroBuilds\WebServer\arduino_due_x_dbg/core.a(WString.cpp.o)
                0x00084880                String::lastIndexOf(char, unsigned int) const
 .text._ZNK6String11lastIndexOfEc
                0x000848ae        0x8 C:\Users\Lee\AppData\Local\Temp\VMicroBuilds\WebServer\arduino_due_x_dbg/core.a(WString.cpp.o)
                0x000848ae                String::lastIndexOf(char) const
 *fill*         0x000848b6        0x2 
 .text._ZNK6String9substringEjj
                0x000848b8       0x4c C:\Users\Lee\AppData\Local\Temp\VMicroBuilds\WebServer\arduino_due_x_dbg/core.a(WString.cpp.o)
                0x000848b8                String::substring(unsigned int, unsigned int) const
 .text.unlikely._ZL11USB_SendZlpv
                0x00084904       0x20 C:\Users\Lee\AppData\Local\Temp\VMicroBuilds\WebServer\arduino_due_x_dbg/core.a(USBCore.cpp.o)
 .text._Z14USBD_Availablem
                0x00084924       0x2c C:\Users\Lee\AppData\Local\Temp\VMicroBuilds\WebServer\arduino_due_x_dbg/core.a(USBCore.cpp.o)
                0x00084924                USBD_Available(unsigned long)
 .text._Z9USBD_RecvmPvm
                0x00084950       0x7c C:\Users\Lee\AppData\Local\Temp\VMicroBuilds\WebServer\arduino_due_x_dbg/core.a(USBCore.cpp.o)
                0x00084950                USBD_Recv(unsigned long, void*, unsigned long)
 .text._Z9USBD_Recvm
                0x000849cc       0x22 C:\Users\Lee\AppData\Local\Temp\VMicroBuilds\WebServer\arduino_due_x_dbg/core.a(USBCore.cpp.o)
                0x000849cc                USBD_Recv(unsigned long)
 *fill*         0x000849ee        0x2 
 .text._Z9USBD_SendmPKvm
                0x000849f0       0x4c C:\Users\Lee\AppData\Local\Temp\VMicroBuilds\WebServer\arduino_due_x_dbg/core.a(USBCore.cpp.o)
                0x000849f0                USBD_Send(unsigned long, void const*, unsigned long)
 .text._Z16USBD_SendControlhPKvm
                0x00084a3c       0x40 C:\Users\Lee\AppData\Local\Temp\VMicroBuilds\WebServer\arduino_due_x_dbg/core.a(USBCore.cpp.o)
                0x00084a3c                USBD_SendControl(unsigned char, void const*, unsigned long)
 .text.unlikely._ZL24USB_SendStringDescriptorPKhi
                0x00084a7c       0x64 C:\Users\Lee\AppData\Local\Temp\VMicroBuilds\WebServer\arduino_due_x_dbg/core.a(USBCore.cpp.o)
 .text._Z16USBD_RecvControlPvm
                0x00084ae0       0x1c C:\Users\Lee\AppData\Local\Temp\VMicroBuilds\WebServer\arduino_due_x_dbg/core.a(USBCore.cpp.o)
                0x00084ae0                USBD_RecvControl(void*, unsigned long)
 .text._Z26USBD_ClassInterfaceRequestR8USBSetup
                0x00084afc       0x1e C:\Users\Lee\AppData\Local\Temp\VMicroBuilds\WebServer\arduino_due_x_dbg/core.a(USBCore.cpp.o)
                0x00084afc                USBD_ClassInterfaceRequest(USBSetup&)
 .text._Z19USBD_SendInterfacesv
                0x00084b1a       0x22 C:\Users\Lee\AppData\Local\Temp\VMicroBuilds\WebServer\arduino_due_x_dbg/core.a(USBCore.cpp.o)
                0x00084b1a                USBD_SendInterfaces()
 .text._Z24USBD_SendOtherInterfacesv
                0x00084b3c       0x22 C:\Users\Lee\AppData\Local\Temp\VMicroBuilds\WebServer\arduino_due_x_dbg/core.a(USBCore.cpp.o)
                0x00084b3c                USBD_SendOtherInterfaces()
 .text._Z10USBD_Flushm
                0x00084b5e       0x16 C:\Users\Lee\AppData\Local\Temp\VMicroBuilds\WebServer\arduino_due_x_dbg/core.a(USBCore.cpp.o)
                0x00084b5e                USBD_Flush(unsigned long)
 .text._ZN10USBDevice_C2Ev
                0x00084b74       0x24 C:\Users\Lee\AppData\Local\Temp\VMicroBuilds\WebServer\arduino_due_x_dbg/core.a(USBCore.cpp.o)
                0x00084b74                USBDevice_::USBDevice_()
                0x00084b74                USBDevice_::USBDevice_()
 .text._ZN10USBDevice_6attachEv
                0x00084b98       0x20 C:\Users\Lee\AppData\Local\Temp\VMicroBuilds\WebServer\arduino_due_x_dbg/core.a(USBCore.cpp.o)
                0x00084b98                USBDevice_::attach()
 .text.startup._GLOBAL__sub_I_EndPoints
                0x00084bb8        0xc C:\Users\Lee\AppData\Local\Temp\VMicroBuilds\WebServer\arduino_due_x_dbg/core.a(USBCore.cpp.o)
 .text._ZL7USB_ISRv
                0x00084bc4      0x454 C:\Users\Lee\AppData\Local\Temp\VMicroBuilds\WebServer\arduino_due_x_dbg/core.a(USBCore.cpp.o)
 .text._Z11serialEventv
                0x00085018        0x2 C:\Users\Lee\AppData\Local\Temp\VMicroBuilds\WebServer\arduino_due_x_dbg/core.a(variant.cpp.o)
                0x00085018                serialEvent()
 *fill*         0x0008501a        0x2 
 .text.UART_Handler
                0x0008501c        0xc C:\Users\Lee\AppData\Local\Temp\VMicroBuilds\WebServer\arduino_due_x_dbg/core.a(variant.cpp.o)
                0x0008501c                UART_Handler
 .text._Z12serialEvent1v
                0x00085028        0x2 C:\Users\Lee\AppData\Local\Temp\VMicroBuilds\WebServer\arduino_due_x_dbg/core.a(variant.cpp.o)
                0x00085028                serialEvent1()
 .text._Z12serialEvent2v
                0x0008502a        0x2 C:\Users\Lee\AppData\Local\Temp\VMicroBuilds\WebServer\arduino_due_x_dbg/core.a(variant.cpp.o)
                0x0008502a                serialEvent2()
 .text._Z12serialEvent3v
                0x0008502c        0x2 C:\Users\Lee\AppData\Local\Temp\VMicroBuilds\WebServer\arduino_due_x_dbg/core.a(variant.cpp.o)
                0x0008502c                serialEvent3()
 *fill*         0x0008502e        0x2 
 .text.USART0_Handler
                0x00085030        0xc C:\Users\Lee\AppData\Local\Temp\VMicroBuilds\WebServer\arduino_due_x_dbg/core.a(variant.cpp.o)
                0x00085030                USART0_Handler
 .text.USART1_Handler
                0x0008503c        0xc C:\Users\Lee\AppData\Local\Temp\VMicroBuilds\WebServer\arduino_due_x_dbg/core.a(variant.cpp.o)
                0x0008503c                USART1_Handler
 .text.USART3_Handler
                0x00085048        0xc C:\Users\Lee\AppData\Local\Temp\VMicroBuilds\WebServer\arduino_due_x_dbg/core.a(variant.cpp.o)
                0x00085048                USART3_Handler
 .text.init     0x00085054      0x128 C:\Users\Lee\AppData\Local\Temp\VMicroBuilds\WebServer\arduino_due_x_dbg/core.a(variant.cpp.o)
                0x00085054                init
 .text.startup._GLOBAL__sub_I_g_APinDescription
                0x0008517c       0xd4 C:\Users\Lee\AppData\Local\Temp\VMicroBuilds\WebServer\arduino_due_x_dbg/core.a(variant.cpp.o)
 .text._Z14serialEventRunv
                0x00085250       0x44 C:\Users\Lee\AppData\Local\Temp\VMicroBuilds\WebServer\arduino_due_x_dbg/core.a(variant.cpp.o)
                0x00085250                serialEventRun()
 .text.ltoa     0x00085294       0x6e C:\Users\Lee\AppData\Local\Temp\VMicroBuilds\WebServer\arduino_due_x_dbg/core.a(itoa.c.o)
                0x00085294                ltoa
 .text.itoa     0x00085302        0x4 C:\Users\Lee\AppData\Local\Temp\VMicroBuilds\WebServer\arduino_due_x_dbg/core.a(itoa.c.o)
                0x00085302                itoa
 .text.ultoa    0x00085306       0x52 C:\Users\Lee\AppData\Local\Temp\VMicroBuilds\WebServer\arduino_due_x_dbg/core.a(itoa.c.o)
                0x00085306                ultoa
 .text.utoa     0x00085358        0x4 C:\Users\Lee\AppData\Local\Temp\VMicroBuilds\WebServer\arduino_due_x_dbg/core.a(itoa.c.o)
                0x00085358                utoa
 .text.analogOutputInit
                0x0008535c        0x2 C:\Users\Lee\AppData\Local\Temp\VMicroBuilds\WebServer\arduino_due_x_dbg/core.a(wiring_analog.c.o)
                0x0008535c                analogOutputInit
 .text._ZN10RingBufferC2Ev
                0x0008535e       0x1a C:\Users\Lee\AppData\Local\Temp\VMicroBuilds\WebServer\arduino_due_x_dbg/core.a(RingBuffer.cpp.o)
                0x0008535e                RingBuffer::RingBuffer()
                0x0008535e                RingBuffer::RingBuffer()
 .text._ZN10RingBuffer10store_charEh
                0x00085378       0x1e C:\Users\Lee\AppData\Local\Temp\VMicroBuilds\WebServer\arduino_due_x_dbg/core.a(RingBuffer.cpp.o)
                0x00085378                RingBuffer::store_char(unsigned char)
 .text._ZN10USARTClass5beginEm
                0x00085396        0x8 C:\Users\Lee\AppData\Local\Temp\VMicroBuilds\WebServer\arduino_due_x_dbg/core.a(USARTClass.cpp.o)
                0x00085396                USARTClass::begin(unsigned long)
 *fill*         0x0008539e        0x2 
 .text._ZN10USARTClassC2EP5Usart4IRQnmP10RingBufferS4_
                0x000853a0       0x24 C:\Users\Lee\AppData\Local\Temp\VMicroBuilds\WebServer\arduino_due_x_dbg/core.a(USARTClass.cpp.o)
                0x000853a0                USARTClass::USARTClass(Usart*, IRQn, unsigned long, RingBuffer*, RingBuffer*)
                0x000853a0                USARTClass::USARTClass(Usart*, IRQn, unsigned long, RingBuffer*, RingBuffer*)
 .text._ZN7Serial_9availableEv
                0x000853c4       0x18 C:\Users\Lee\AppData\Local\Temp\VMicroBuilds\WebServer\arduino_due_x_dbg/core.a(CDC.cpp.o)
                0x000853c4                Serial_::available()
 .text._ZN7Serial_17availableForWriteEv
                0x000853dc        0x6 C:\Users\Lee\AppData\Local\Temp\VMicroBuilds\WebServer\arduino_due_x_dbg/core.a(CDC.cpp.o)
                0x000853dc                Serial_::availableForWrite()
 *fill*         0x000853e2        0x2 
 .text._ZN7Serial_4peekEv
                0x000853e4       0x20 C:\Users\Lee\AppData\Local\Temp\VMicroBuilds\WebServer\arduino_due_x_dbg/core.a(CDC.cpp.o)
                0x000853e4                Serial_::peek()
 .text._ZN7Serial_5writeEh
                0x00085404       0x16 C:\Users\Lee\AppData\Local\Temp\VMicroBuilds\WebServer\arduino_due_x_dbg/core.a(CDC.cpp.o)
                0x00085404                Serial_::write(unsigned char)
 *fill*         0x0008541a        0x2 
 .text._ZN7Serial_4readEv
                0x0008541c       0x44 C:\Users\Lee\AppData\Local\Temp\VMicroBuilds\WebServer\arduino_due_x_dbg/core.a(CDC.cpp.o)
                0x0008541c                Serial_::read()
 .text._ZN7Serial_5flushEv
                0x00085460        0x6 C:\Users\Lee\AppData\Local\Temp\VMicroBuilds\WebServer\arduino_due_x_dbg/core.a(CDC.cpp.o)
                0x00085460                Serial_::flush()
 *fill*         0x00085466        0x2 
 .text._ZN7Serial_6acceptEv
                0x00085468       0x70 C:\Users\Lee\AppData\Local\Temp\VMicroBuilds\WebServer\arduino_due_x_dbg/core.a(CDC.cpp.o)
                0x00085468                Serial_::accept()
 .text._ZN7Serial_5writeEPKhj
                0x000854d8       0x2c C:\Users\Lee\AppData\Local\Temp\VMicroBuilds\WebServer\arduino_due_x_dbg/core.a(CDC.cpp.o)
                0x000854d8                Serial_::write(unsigned char const*, unsigned int)
 .text._Z16CDC_GetInterfacePh
                0x00085504       0x14 C:\Users\Lee\AppData\Local\Temp\VMicroBuilds\WebServer\arduino_due_x_dbg/core.a(CDC.cpp.o)
                0x00085504                CDC_GetInterface(unsigned char*)
 .text._Z21CDC_GetOtherInterfacePh
                0x00085518       0x14 C:\Users\Lee\AppData\Local\Temp\VMicroBuilds\WebServer\arduino_due_x_dbg/core.a(CDC.cpp.o)
                0x00085518                CDC_GetOtherInterface(unsigned char*)
 .text._Z9CDC_SetupR8USBSetup
                0x0008552c       0x78 C:\Users\Lee\AppData\Local\Temp\VMicroBuilds\WebServer\arduino_due_x_dbg/core.a(CDC.cpp.o)
                0x0008552c                CDC_Setup(USBSetup&)
 .text.startup._GLOBAL__sub_I_cdc_rx_buffer
                0x000855a4       0x1c C:\Users\Lee\AppData\Local\Temp\VMicroBuilds\WebServer\arduino_due_x_dbg/core.a(CDC.cpp.o)
 .text._ZN13PluggableUSB_12getInterfaceEPh
                0x000855c0       0x28 C:\Users\Lee\AppData\Local\Temp\VMicroBuilds\WebServer\arduino_due_x_dbg/core.a(PluggableUSB.cpp.o)
                0x000855c0                PluggableUSB_::getInterface(unsigned char*)
 .text._ZN13PluggableUSB_13getDescriptorER8USBSetup
                0x000855e8       0x1c C:\Users\Lee\AppData\Local\Temp\VMicroBuilds\WebServer\arduino_due_x_dbg/core.a(PluggableUSB.cpp.o)
                0x000855e8                PluggableUSB_::getDescriptor(USBSetup&)
 .text._ZN13PluggableUSB_12getShortNameEPc
                0x00085604       0x1c C:\Users\Lee\AppData\Local\Temp\VMicroBuilds\WebServer\arduino_due_x_dbg/core.a(PluggableUSB.cpp.o)
                0x00085604                PluggableUSB_::getShortName(char*)
 .text._ZN13PluggableUSB_5setupER8USBSetup
                0x00085620       0x20 C:\Users\Lee\AppData\Local\Temp\VMicroBuilds\WebServer\arduino_due_x_dbg/core.a(PluggableUSB.cpp.o)
                0x00085620                PluggableUSB_::setup(USBSetup&)
 .text._Z12PluggableUSBv
                0x00085640       0x28 C:\Users\Lee\AppData\Local\Temp\VMicroBuilds\WebServer\arduino_due_x_dbg/core.a(PluggableUSB.cpp.o)
                0x00085640                PluggableUSB()
 .text.TimeTick_Increment
                0x00085668       0x10 C:\Users\Lee\AppData\Local\arduino15\packages\arduino\hardware\sam\1.6.9\variants\arduino_due_x/libsam_sam3x8e_gcc_rel.a(timetick.o)
                0x00085668                TimeTick_Increment
 .text.GetTickCount
                0x00085678        0xc C:\Users\Lee\AppData\Local\arduino15\packages\arduino\hardware\sam\1.6.9\variants\arduino_due_x/libsam_sam3x8e_gcc_rel.a(timetick.o)
                0x00085678                GetTickCount
 .text.WDT_Disable
                0x00085684        0x8 C:\Users\Lee\AppData\Local\arduino15\packages\arduino\hardware\sam\1.6.9\variants\arduino_due_x/libsam_sam3x8e_gcc_rel.a(wdt.o)
                0x00085684                WDT_Disable
 .text.SystemInit
                0x0008568c       0x88 C:\Users\Lee\AppData\Local\arduino15\packages\arduino\hardware\sam\1.6.9\variants\arduino_due_x/libsam_sam3x8e_gcc_rel.a(system_sam3xa.o)
                0x0008568c                SystemInit
 .text.adc_init
                0x00085714       0x98 C:\Users\Lee\AppData\Local\arduino15\packages\arduino\hardware\sam\1.6.9\variants\arduino_due_x/libsam_sam3x8e_gcc_rel.a(adc.o)
                0x00085714                adc_init
 .text.adc_configure_trigger
                0x000857ac        0xe C:\Users\Lee\AppData\Local\arduino15\packages\arduino\hardware\sam\1.6.9\variants\arduino_due_x/libsam_sam3x8e_gcc_rel.a(adc.o)
                0x000857ac                adc_configure_trigger
 .text.adc_configure_timing
                0x000857ba       0x1a C:\Users\Lee\AppData\Local\arduino15\packages\arduino\hardware\sam\1.6.9\variants\arduino_due_x/libsam_sam3x8e_gcc_rel.a(adc.o)
                0x000857ba                adc_configure_timing
 .text.adc_disable_channel
                0x000857d4        0xa C:\Users\Lee\AppData\Local\arduino15\packages\arduino\hardware\sam\1.6.9\variants\arduino_due_x/libsam_sam3x8e_gcc_rel.a(adc.o)
                0x000857d4                adc_disable_channel
 .text.adc_disable_all_channel
                0x000857de        0x8 C:\Users\Lee\AppData\Local\arduino15\packages\arduino\hardware\sam\1.6.9\variants\arduino_due_x/libsam_sam3x8e_gcc_rel.a(adc.o)
                0x000857de                adc_disable_all_channel
 .text.adc_disable_interrupt