Archive member included because of file (symbol)

C:\Users\Lee\AppData\Local\arduino15\packages\arduino\hardware\sam\1.6.9\variants\arduino_due_x/libsam_sam3x8e_gcc_rel.a(pio.o)
                              C:\Users\Lee\AppData\Local\Temp\VMicroBuilds\WebServer\arduino_due_x_dbg\SPI\SPI.cpp.o (PIO_Configure)
C:\Users\Lee\AppData\Local\arduino15\packages\arduino\hardware\sam\1.6.9\variants\arduino_due_x/libsam_sam3x8e_gcc_rel.a(spi.o)
                              C:\Users\Lee\AppData\Local\Temp\VMicroBuilds\WebServer\arduino_due_x_dbg\SPI\SPI.cpp.o (SPI_Enable)
C:\Users\Lee\AppData\Local\arduino15\packages\arduino\hardware\sam\1.6.9\variants\arduino_due_x/libsam_sam3x8e_gcc_rel.a(startup_sam3xa.o)
                              (Reset_Handler)
C:\Users\Lee\AppData\Local\arduino15\packages\arduino\hardware\sam\1.6.9\variants\arduino_due_x/libsam_sam3x8e_gcc_rel.a(uotghs.o)
                              C:\Users\Lee\AppData\Local\arduino15\packages\arduino\hardware\sam\1.6.9\variants\arduino_due_x/libsam_sam3x8e_gcc_rel.a(startup_sam3xa.o) (UOTGHS_Handler)
C:\Users\Lee\AppData\Local\arduino15\packages\arduino\hardware\sam\1.6.9\variants\arduino_due_x/libsam_sam3x8e_gcc_rel.a(pmc.o)
                              C:\Users\Lee\AppData\Local\arduino15\packages\arduino\hardware\sam\1.6.9\variants\arduino_due_x/libsam_sam3x8e_gcc_rel.a(spi.o) (pmc_enable_periph_clk)
C:\Users\Lee\AppData\Local\Temp\VMicroBuilds\WebServer\arduino_due_x_dbg/core.a(cortex_handlers.c.o)
                              C:\Users\Lee\AppData\Local\arduino15\packages\arduino\hardware\sam\1.6.9\variants\arduino_due_x/libsam_sam3x8e_gcc_rel.a(startup_sam3xa.o) (NMI_Handler)
C:\Users\Lee\AppData\Local\Temp\VMicroBuilds\WebServer\arduino_due_x_dbg/core.a(hooks.c.o)
                              C:\Users\Lee\AppData\Local\Temp\VMicroBuilds\WebServer\arduino_due_x_dbg\Ethernet\utility\socket.cpp.o (yield)
C:\Users\Lee\AppData\Local\Temp\VMicroBuilds\WebServer\arduino_due_x_dbg/core.a(syscalls_sam3.c.o)
                              (_sbrk)
C:\Users\Lee\AppData\Local\Temp\VMicroBuilds\WebServer\arduino_due_x_dbg/core.a(wiring.c.o)
                              C:\Users\Lee\AppData\Local\Temp\VMicroBuilds\WebServer\arduino_due_x_dbg\SD\utility\Sd2Card.cpp.o (millis)
C:\Users\Lee\AppData\Local\Temp\VMicroBuilds\WebServer\arduino_due_x_dbg/core.a(wiring_digital.c.o)
                              C:\Users\Lee\AppData\Local\Temp\VMicroBuilds\WebServer\arduino_due_x_dbg\SPI\SPI.cpp.o (pinMode)
C:\Users\Lee\AppData\Local\Temp\VMicroBuilds\WebServer\arduino_due_x_dbg/core.a(abi.cpp.o)
                              C:\Users\Lee\AppData\Local\Temp\VMicroBuilds\WebServer\arduino_due_x_dbg\WebServer.cpp.o (__cxa_pure_virtual)
C:\Users\Lee\AppData\Local\Temp\VMicroBuilds\WebServer\arduino_due_x_dbg/core.a(IPAddress.cpp.o)
                              C:\Users\Lee\AppData\Local\Temp\VMicroBuilds\WebServer\arduino_due_x_dbg\Ethernet\Ethernet.cpp.o (IPAddress::IPAddress())
C:\Users\Lee\AppData\Local\Temp\VMicroBuilds\WebServer\arduino_due_x_dbg/core.a(main.cpp.o)
                              c:/users/lee/appdata/local/arduino15/packages/arduino/tools/arm-none-eabi-gcc/4.8.3-2014q1/bin/../lib/gcc/arm-none-eabi/4.8.3/../../../../arm-none-eabi/lib/armv7-m/crt0.o (main)
C:\Users\Lee\AppData\Local\Temp\VMicroBuilds\WebServer\arduino_due_x_dbg/core.a(new.cpp.o)
                              C:\Users\Lee\AppData\Local\Temp\VMicroBuilds\WebServer\arduino_due_x_dbg\WebServer.cpp.o (operator delete[](void*))
C:\Users\Lee\AppData\Local\Temp\VMicroBuilds\WebServer\arduino_due_x_dbg/core.a(Print.cpp.o)
                              C:\Users\Lee\AppData\Local\Temp\VMicroBuilds\WebServer\arduino_due_x_dbg\WebServer.cpp.o (Print::write(unsigned char const*, unsigned int))
C:\Users\Lee\AppData\Local\Temp\VMicroBuilds\WebServer\arduino_due_x_dbg/core.a(Reset.cpp.o)
                              C:\Users\Lee\AppData\Local\Temp\VMicroBuilds\WebServer\arduino_due_x_dbg/core.a(cortex_handlers.c.o) (tickReset)
C:\Users\Lee\AppData\Local\Temp\VMicroBuilds\WebServer\arduino_due_x_dbg/core.a(Stream.cpp.o)
                              C:\Users\Lee\AppData\Local\Temp\VMicroBuilds\WebServer\arduino_due_x_dbg\WebServer.cpp.o (Stream::readBytes(char*, unsigned int))
C:\Users\Lee\AppData\Local\Temp\VMicroBuilds\WebServer\arduino_due_x_dbg/core.a(UARTClass.cpp.o)
                              C:\Users\Lee\AppData\Local\Temp\VMicroBuilds\WebServer\arduino_due_x_dbg\SD\utility\SdFile.cpp.o (UARTClass::write(unsigned char))
C:\Users\Lee\AppData\Local\Temp\VMicroBuilds\WebServer\arduino_due_x_dbg/core.a(watchdog.cpp.o)
                              C:\Users\Lee\AppData\Local\Temp\VMicroBuilds\WebServer\arduino_due_x_dbg/core.a(main.cpp.o) (watchdogSetup())
C:\Users\Lee\AppData\Local\Temp\VMicroBuilds\WebServer\arduino_due_x_dbg/core.a(WMath.cpp.o)
                              C:\Users\Lee\AppData\Local\Temp\VMicroBuilds\WebServer\arduino_due_x_dbg\Ethernet\Dhcp.cpp.o (random(long, long))
[...]
Memory Configuration

Name             Origin             Length             Attributes
rom              0x00080000         0x00080000         xr
sram0            0x20000000         0x00010000         xrw
sram1            0x20080000         0x00008000         xrw
ram              0x20070000         0x00018000         xrw
*default*        0x00000000         0xffffffff

Linker script and memory map

LOAD c:/users/lee/appdata/local/arduino15/packages/arduino/tools/arm-none-eabi-gcc/4.8.3-2014q1/bin/../lib/gcc/arm-none-eabi/4.8.3/armv7-m/crti.o
LOAD c:/users/lee/appdata/local/arduino15/packages/arduino/tools/arm-none-eabi-gcc/4.8.3-2014q1/bin/../lib/gcc/arm-none-eabi/4.8.3/armv7-m/crtbegin.o
LOAD c:/users/lee/appdata/local/arduino15/packages/arduino/tools/arm-none-eabi-gcc/4.8.3-2014q1/bin/../lib/gcc/arm-none-eabi/4.8.3/../../../../arm-none-eabi/lib/armv7-m/crt0.o
START GROUP
LOAD C:\Users\Lee\AppData\Local\Temp\VMicroBuilds\WebServer\arduino_due_x_dbg\WebServer.cpp.o
LOAD C:\Users\Lee\AppData\Local\Temp\VMicroBuilds\WebServer\arduino_due_x_dbg\SPI\SPI.cpp.o
LOAD C:\Users\Lee\AppData\Local\Temp\VMicroBuilds\WebServer\arduino_due_x_dbg\SD\File.cpp.o
LOAD C:\Users\Lee\AppData\Local\Temp\VMicroBuilds\WebServer\arduino_due_x_dbg\SD\SD.cpp.o
LOAD C:\Users\Lee\AppData\Local\Temp\VMicroBuilds\WebServer\arduino_due_x_dbg\SD\utility\Sd2Card.cpp.o
LOAD C:\Users\Lee\AppData\Local\Temp\VMicroBuilds\WebServer\arduino_due_x_dbg\SD\utility\SdFile.cpp.o
LOAD C:\Users\Lee\AppData\Local\Temp\VMicroBuilds\WebServer\arduino_due_x_dbg\SD\utility\SdVolume.cpp.o
LOAD C:\Users\Lee\AppData\Local\Temp\VMicroBuilds\WebServer\arduino_due_x_dbg\Ethernet\Dhcp.cpp.o
LOAD C:\Users\Lee\AppData\Local\Temp\VMicroBuilds\WebServer\arduino_due_x_dbg\Ethernet\Dns.cpp.o
LOAD C:\Users\Lee\AppData\Local\Temp\VMicroBuilds\WebServer\arduino_due_x_dbg\Ethernet\Ethernet.cpp.o
LOAD C:\Users\Lee\AppData\Local\Temp\VMicroBuilds\WebServer\arduino_due_x_dbg\Ethernet\EthernetClient.cpp.o
LOAD C:\Users\Lee\AppData\Local\Temp\VMicroBuilds\WebServer\arduino_due_x_dbg\Ethernet\EthernetServer.cpp.o
LOAD C:\Users\Lee\AppData\Local\Temp\VMicroBuilds\WebServer\arduino_due_x_dbg\Ethernet\EthernetUdp.cpp.o
LOAD C:\Users\Lee\AppData\Local\Temp\VMicroBuilds\WebServer\arduino_due_x_dbg\Ethernet\utility\socket.cpp.o
LOAD C:\Users\Lee\AppData\Local\Temp\VMicroBuilds\WebServer\arduino_due_x_dbg\Ethernet\utility\w5100.cpp.o
LOAD C:\Users\Lee\AppData\Local\arduino15\packages\arduino\hardware\sam\1.6.9\variants\arduino_due_x/libsam_sam3x8e_gcc_rel.a
LOAD C:\Users\Lee\AppData\Local\Temp\VMicroBuilds\WebServer\arduino_due_x_dbg/core.a
END GROUP
LOAD c:/users/lee/appdata/local/arduino15/packages/arduino/tools/arm-none-eabi-gcc/4.8.3-2014q1/bin/../lib/gcc/arm-none-eabi/4.8.3/../../../../arm-none-eabi/lib/armv7-m\libm.a
START GROUP
LOAD c:/users/lee/appdata/local/arduino15/packages/arduino/tools/arm-none-eabi-gcc/4.8.3-2014q1/bin/../lib/gcc/arm-none-eabi/4.8.3/armv7-m\libgcc.a
LOAD c:/users/lee/appdata/local/arduino15/packages/arduino/tools/arm-none-eabi-gcc/4.8.3-2014q1/bin/../lib/gcc/arm-none-eabi/4.8.3/../../../../arm-none-eabi/lib/armv7-m\libg.a
LOAD c:/users/lee/appdata/local/arduino15/packages/arduino/tools/arm-none-eabi-gcc/4.8.3-2014q1/bin/../lib/gcc/arm-none-eabi/4.8.3/../../../../arm-none-eabi/lib/armv7-m\libc.a
END GROUP
LOAD c:/users/lee/appdata/local/arduino15/packages/arduino/tools/arm-none-eabi-gcc/4.8.3-2014q1/bin/../lib/gcc/arm-none-eabi/4.8.3/armv7-m/crtend.o
LOAD c:/users/lee/appdata/local/arduino15/packages/arduino/tools/arm-none-eabi-gcc/4.8.3-2014q1/bin/../lib/gcc/arm-none-eabi/4.8.3/armv7-m/crtn.o

.text           0x00080000     0xa100
                0x00080000                . = ALIGN (0x4)
                0x00080000                _sfixed = .
 *(.vectors .vectors.*)
 .vectors       0x00080000       0xf4 C:\Users\Lee\AppData\Local\arduino15\packages\arduino\hardware\sam\1.6.9\variants\arduino_due_x/libsam_sam3x8e_gcc_rel.a(startup_sam3xa.o)
                0x00080000                exception_table
 *(.text .text.* .gnu.linkonce.t.*)
 .text          0x000800f4       0x54 c:/users/lee/appdata/local/arduino15/packages/arduino/tools/arm-none-eabi-gcc/4.8.3-2014q1/bin/../lib/gcc/arm-none-eabi/4.8.3/armv7-m/crtbegin.o
 .text._ZN12HTTPResponseD2Ev
                0x00080148        0xe C:\Users\Lee\AppData\Local\Temp\VMicroBuilds\WebServer\arduino_due_x_dbg\WebServer.cpp.o
                0x00080148                HTTPResponse::~HTTPResponse()
                0x00080148                HTTPResponse::~HTTPResponse()
 .text._ZN11HTTPRequestD2Ev
                0x00080156        0xe C:\Users\Lee\AppData\Local\Temp\VMicroBuilds\WebServer\arduino_due_x_dbg\WebServer.cpp.o
                0x00080156                HTTPRequest::~HTTPRequest()
                0x00080156                HTTPRequest::~HTTPRequest()
 .text._Z14enableEthernetv
                0x00080164       0x16 C:\Users\Lee\AppData\Local\Temp\VMicroBuilds\WebServer\arduino_due_x_dbg\WebServer.cpp.o
                0x00080164                enableEthernet()
 .text._Z8enableSDv
                0x0008017a       0x16 C:\Users\Lee\AppData\Local\Temp\VMicroBuilds\WebServer\arduino_due_x_dbg\WebServer.cpp.o
                0x0008017a                enableSD()
 .text._Z8readLine14EthernetClient
                0x00080190       0x30 C:\Users\Lee\AppData\Local\Temp\VMicroBuilds\WebServer\arduino_due_x_dbg\WebServer.cpp.o
                0x00080190                readLine(EthernetClient)
 .text._Z12clearRequestv
                0x000801c0       0x1c C:\Users\Lee\AppData\Local\Temp\VMicroBuilds\WebServer\arduino_due_x_dbg\WebServer.cpp.o
                0x000801c0                clearRequest()
 .text._Z13clearResponsev
                0x000801dc       0x24 C:\Users\Lee\AppData\Local\Temp\VMicroBuilds\WebServer\arduino_due_x_dbg\WebServer.cpp.o
                0x000801dc                clearResponse()
 .text._ZN14EthernetClientC2ERKS_
                0x00080200       0x1c C:\Users\Lee\AppData\Local\Temp\VMicroBuilds\WebServer\arduino_due_x_dbg\WebServer.cpp.o
                0x00080200                EthernetClient::EthernetClient(EthernetClient const&)
                0x00080200                EthernetClient::EthernetClient(EthernetClient const&)
 .text._Z15readHTTPRequest14EthernetClient
                0x0008021c      0x1f4 C:\Users\Lee\AppData\Local\Temp\VMicroBuilds\WebServer\arduino_due_x_dbg\WebServer.cpp.o
                0x0008021c                readHTTPRequest(EthernetClient)
 .text._Z17writeHTTPResponse14EthernetClient
                0x00080410      0x114 C:\Users\Lee\AppData\Local\Temp\VMicroBuilds\WebServer\arduino_due_x_dbg\WebServer.cpp.o
                0x00080410                writeHTTPResponse(EthernetClient)
 .text.startup._GLOBAL__sub_I_mac
                0x00080524       0x84 C:\Users\Lee\AppData\Local\Temp\VMicroBuilds\WebServer\arduino_due_x_dbg\WebServer.cpp.o
 .text.setup    0x000805a8       0x84 C:\Users\Lee\AppData\Local\Temp\VMicroBuilds\WebServer\arduino_due_x_dbg\WebServer.cpp.o
                0x000805a8                setup
 .text._Z8dumpFile6String14EthernetClient
                0x0008062c       0x64 C:\Users\Lee\AppData\Local\Temp\VMicroBuilds\WebServer\arduino_due_x_dbg\WebServer.cpp.o
                0x0008062c                dumpFile(String, EthernetClient)
 .text.loop     0x00080690      0x1c0 C:\Users\Lee\AppData\Local\Temp\VMicroBuilds\WebServer\arduino_due_x_dbg\WebServer.cpp.o
                0x00080690                loop
 .text._ZL10SPI_0_Initv
                0x00080850       0x48 C:\Users\Lee\AppData\Local\Temp\VMicroBuilds\WebServer\arduino_due_x_dbg\SPI\SPI.cpp.o
 .text._ZN8SPIClass4initEv
                0x00080898       0x36 C:\Users\Lee\AppData\Local\Temp\VMicroBuilds\WebServer\arduino_due_x_dbg\SPI\SPI.cpp.o
                0x00080898                SPIClass::init()
 *fill*         0x000808ce        0x2 
 .text._ZN8SPIClass16beginTransactionEh11SPISettings
                0x000808d0       0x98 C:\Users\Lee\AppData\Local\Temp\VMicroBuilds\WebServer\arduino_due_x_dbg\SPI\SPI.cpp.o
                0x000808d0                SPIClass::beginTransaction(unsigned char, SPISettings)
 .text._ZN8SPIClass14endTransactionEv
                0x00080968       0x50 C:\Users\Lee\AppData\Local\Temp\VMicroBuilds\WebServer\arduino_due_x_dbg\SPI\SPI.cpp.o
                0x00080968                SPIClass::endTransaction()
 .text._ZN8SPIClass11setBitOrderEh8BitOrder
                0x000809b8       0x1e C:\Users\Lee\AppData\Local\Temp\VMicroBuilds\WebServer\arduino_due_x_dbg\SPI\SPI.cpp.o
                0x000809b8                SPIClass::setBitOrder(unsigned char, BitOrder)
 .text._ZN8SPIClass11setDataModeEhh
                0x000809d6       0x34 C:\Users\Lee\AppData\Local\Temp\VMicroBuilds\WebServer\arduino_due_x_dbg\SPI\SPI.cpp.o
                0x000809d6                SPIClass::setDataMode(unsigned char, unsigned char)
 .text._ZN8SPIClass15setClockDividerEhh
                0x00080a0a       0x2e C:\Users\Lee\AppData\Local\Temp\VMicroBuilds\WebServer\arduino_due_x_dbg\SPI\SPI.cpp.o
                0x00080a0a                SPIClass::setClockDivider(unsigned char, unsigned char)
 .text._ZN8SPIClass5beginEv
                0x00080a38       0x22 C:\Users\Lee\AppData\Local\Temp\VMicroBuilds\WebServer\arduino_due_x_dbg\SPI\SPI.cpp.o
                0x00080a38                SPIClass::begin()
 *fill*         0x00080a5a        0x2 
 .text._ZN8SPIClass5beginEh
                0x00080a5c       0x5c C:\Users\Lee\AppData\Local\Temp\VMicroBuilds\WebServer\arduino_due_x_dbg\SPI\SPI.cpp.o
                0x00080a5c                SPIClass::begin(unsigned char)
 .text._ZN8SPIClass8transferEhh15SPITransferMode
                0x00080ab8       0x5e C:\Users\Lee\AppData\Local\Temp\VMicroBuilds\WebServer\arduino_due_x_dbg\SPI\SPI.cpp.o
                0x00080ab8                SPIClass::transfer(unsigned char, unsigned char, SPITransferMode)
 *fill*         0x00080b16        0x2 
 .text.startup._GLOBAL__sub_I__ZN8SPIClassC2EP3SpimPFvvE
                0x00080b18       0x24 C:\Users\Lee\AppData\Local\Temp\VMicroBuilds\WebServer\arduino_due_x_dbg\SPI\SPI.cpp.o
 .text._ZN5SDLib4File5writeEh
                0x00080b3c       0x16 C:\Users\Lee\AppData\Local\Temp\VMicroBuilds\WebServer\arduino_due_x_dbg\SD\File.cpp.o
                0x00080b3c                SDLib::File::write(unsigned char)
 .text._ZN5SDLib4File5writeEPKhj
                0x00080b52       0x26 C:\Users\Lee\AppData\Local\Temp\VMicroBuilds\WebServer\arduino_due_x_dbg\SD\File.cpp.o
                0x00080b52                SDLib::File::write(unsigned char const*, unsigned int)
 .text._ZN5SDLib4File5flushEv
                0x00080b78        0xa C:\Users\Lee\AppData\Local\Temp\VMicroBuilds\WebServer\arduino_due_x_dbg\SD\File.cpp.o
                0x00080b78                SDLib::File::flush()
 .text._ZN6SdFile4readEv
                0x00080b82       0x20 C:\Users\Lee\AppData\Local\Temp\VMicroBuilds\WebServer\arduino_due_x_dbg\SD\File.cpp.o
                0x00080b82                SdFile::read()
 .text._ZN5SDLib4File4readEv
                0x00080ba2       0x12 C:\Users\Lee\AppData\Local\Temp\VMicroBuilds\WebServer\arduino_due_x_dbg\SD\File.cpp.o
                0x00080ba2                SDLib::File::read()
 .text._ZN5SDLib4File4peekEv
                0x00080bb4       0x20 C:\Users\Lee\AppData\Local\Temp\VMicroBuilds\WebServer\arduino_due_x_dbg\SD\File.cpp.o
                0x00080bb4                SDLib::File::peek()
 .text._ZN5SDLib4FileC2E6SdFilePKc
                0x00080bd4       0x50 C:\Users\Lee\AppData\Local\Temp\VMicroBuilds\WebServer\arduino_due_x_dbg\SD\File.cpp.o
                0x00080bd4                SDLib::File::File(SdFile, char const*)
                0x00080bd4                SDLib::File::File(SdFile, char const*)
 .text._ZN5SDLib4FileC2Ev
                0x00080c24       0x18 C:\Users\Lee\AppData\Local\Temp\VMicroBuilds\WebServer\arduino_due_x_dbg\SD\File.cpp.o
                0x00080c24                SDLib::File::File()
                0x00080c24                SDLib::File::File()
 .text._ZN5SDLib4File8positionEv
                0x00080c3c        0xe C:\Users\Lee\AppData\Local\Temp\VMicroBuilds\WebServer\arduino_due_x_dbg\SD\File.cpp.o
                0x00080c3c                SDLib::File::position()
 .text._ZN5SDLib4File4sizeEv
                0x00080c4a        0x8 C:\Users\Lee\AppData\Local\Temp\VMicroBuilds\WebServer\arduino_due_x_dbg\SD\File.cpp.o
                0x00080c4a                SDLib::File::size()
 .text._ZN5SDLib4File9availableEv
                0x00080c52       0x26 C:\Users\Lee\AppData\Local\Temp\VMicroBuilds\WebServer\arduino_due_x_dbg\SD\File.cpp.o
                0x00080c52                SDLib::File::available()
 .text._ZN5SDLib4File5closeEv
                0x00080c78       0x18 C:\Users\Lee\AppData\Local\Temp\VMicroBuilds\WebServer\arduino_due_x_dbg\SD\File.cpp.o
                0x00080c78                SDLib::File::close()
 .text._ZN5SDLib4FilecvbEv
                0x00080c90        0xe C:\Users\Lee\AppData\Local\Temp\VMicroBuilds\WebServer\arduino_due_x_dbg\SD\File.cpp.o
                0x00080c90                SDLib::File::operator bool()
 *fill*         0x00080c9e        0x2 
 .text._ZN5SDLib19callback_pathExistsER6SdFilePKcbPv
                0x00080ca0       0x38 C:\Users\Lee\AppData\Local\Temp\VMicroBuilds\WebServer\arduino_due_x_dbg\SD\SD.cpp.o
                0x00080ca0                SDLib::callback_pathExists(SdFile&, char const*, bool, void*)
 .text._ZN5SDLib20getNextPathComponentEPKcPjPc
                0x00080cd8       0x40 C:\Users\Lee\AppData\Local\Temp\VMicroBuilds\WebServer\arduino_due_x_dbg\SD\SD.cpp.o
                0x00080cd8                SDLib::getNextPathComponent(char const*, unsigned int*, char*)
 .text._ZN5SDLib8walkPathEPKcR6SdFilePFbS3_S1_bPvES4_
                0x00080d18       0x9c C:\Users\Lee\AppData\Local\Temp\VMicroBuilds\WebServer\arduino_due_x_dbg\SD\SD.cpp.o
                0x00080d18                SDLib::walkPath(char const*, SdFile&, bool (*)(SdFile&, char const*, bool, void*), void*)
 .text._ZN5SDLib7SDClass5beginEh
                0x00080db4       0x44 C:\Users\Lee\AppData\Local\Temp\VMicroBuilds\WebServer\arduino_due_x_dbg\SD\SD.cpp.o
                0x00080db4                SDLib::SDClass::begin(unsigned char)
 .text._ZN6SdFileC2ERKS_
                0x00080df8       0x34 C:\Users\Lee\AppData\Local\Temp\VMicroBuilds\WebServer\arduino_due_x_dbg\SD\SD.cpp.o
                0x00080df8                SdFile::SdFile(SdFile const&)
                0x00080df8                SdFile::SdFile(SdFile const&)
 .text._ZN5SDLib7SDClass12getParentDirEPKcPi
                0x00080e2c       0xac C:\Users\Lee\AppData\Local\Temp\VMicroBuilds\WebServer\arduino_due_x_dbg\SD\SD.cpp.o
                0x00080e2c                SDLib::SDClass::getParentDir(char const*, int*)
 .text._ZN5SDLib7SDClass4openEPKch
                0x00080ed8       0xa4 C:\Users\Lee\AppData\Local\Temp\VMicroBuilds\WebServer\arduino_due_x_dbg\SD\SD.cpp.o
                0x00080ed8                SDLib::SDClass::open(char const*, unsigned char)
 .text._ZN5SDLib7SDClass6existsEPKc
                0x00080f7c       0x14 C:\Users\Lee\AppData\Local\Temp\VMicroBuilds\WebServer\arduino_due_x_dbg\SD\SD.cpp.o
                0x00080f7c                SDLib::SDClass::exists(char const*)
 .text.startup._GLOBAL__sub_I__ZN5SDLib20getNextPathComponentEPKcPjPc
                0x00080f90       0x28 C:\Users\Lee\AppData\Local\Temp\VMicroBuilds\WebServer\arduino_due_x_dbg\SD\SD.cpp.o
 .text._ZL7spiSendh
                0x00080fb8       0x10 C:\Users\Lee\AppData\Local\Temp\VMicroBuilds\WebServer\arduino_due_x_dbg\SD\utility\Sd2Card.cpp.o
 .text._ZL6spiRecv
                0x00080fc8       0x10 C:\Users\Lee\AppData\Local\Temp\VMicroBuilds\WebServer\arduino_due_x_dbg\SD\utility\Sd2Card.cpp.o
 .text._ZN7Sd2Card14chipSelectHighEv
                0x00080fd8       0x28 C:\Users\Lee\AppData\Local\Temp\VMicroBuilds\WebServer\arduino_due_x_dbg\SD\utility\Sd2Card.cpp.o
                0x00080fd8                Sd2Card::chipSelectHigh()
 .text._ZN7Sd2Card13chipSelectLowEv
                0x00081000       0x40 C:\Users\Lee\AppData\Local\Temp\VMicroBuilds\WebServer\arduino_due_x_dbg\SD\utility\Sd2Card.cpp.o
                0x00081000                Sd2Card::chipSelectLow()
 .text._ZN7Sd2Card7readEndEv
                0x00081040       0x2a C:\Users\Lee\AppData\Local\Temp\VMicroBuilds\WebServer\arduino_due_x_dbg\SD\utility\Sd2Card.cpp.o
                0x00081040                Sd2Card::readEnd()
 *fill*         0x0008106a        0x2 
 .text._ZN7Sd2Card10setSckRateEh
                0x0008106c       0x58 C:\Users\Lee\AppData\Local\Temp\VMicroBuilds\WebServer\arduino_due_x_dbg\SD\utility\Sd2Card.cpp.o
                0x0008106c                Sd2Card::setSckRate(unsigned char)
 .text._ZN7Sd2Card11waitNotBusyEt
                0x000810c4       0x28 C:\Users\Lee\AppData\Local\Temp\VMicroBuilds\WebServer\arduino_due_x_dbg\SD\utility\Sd2Card.cpp.o
                0x000810c4                Sd2Card::waitNotBusy(unsigned short)
 .text._ZN7Sd2Card11cardCommandEhm
                0x000810ec       0x60 C:\Users\Lee\AppData\Local\Temp\VMicroBuilds\WebServer\arduino_due_x_dbg\SD\utility\Sd2Card.cpp.o
                0x000810ec                Sd2Card::cardCommand(unsigned char, unsigned long)
 .text._ZN7Sd2Card4initEhh
                0x0008114c      0x150 C:\Users\Lee\AppData\Local\Temp\VMicroBuilds\WebServer\arduino_due_x_dbg\SD\utility\Sd2Card.cpp.o
                0x0008114c                Sd2Card::init(unsigned char, unsigned char)
 .text._ZN7Sd2Card14waitStartBlockEv
                0x0008129c       0x3e C:\Users\Lee\AppData\Local\Temp\VMicroBuilds\WebServer\arduino_due_x_dbg\SD\utility\Sd2Card.cpp.o
                0x0008129c                Sd2Card::waitStartBlock()
 .text._ZN7Sd2Card8readDataEmttPh
                0x000812da       0xa4 C:\Users\Lee\AppData\Local\Temp\VMicroBuilds\WebServer\arduino_due_x_dbg\SD\utility\Sd2Card.cpp.o
                0x000812da                Sd2Card::readData(unsigned long, unsigned short, unsigned short, unsigned char*)
 .text._ZN7Sd2Card9readBlockEmPh
                0x0008137e       0x14 C:\Users\Lee\AppData\Local\Temp\VMicroBuilds\WebServer\arduino_due_x_dbg\SD\utility\Sd2Card.cpp.o
                0x0008137e                Sd2Card::readBlock(unsigned long, unsigned char*)
 .text._ZN7Sd2Card9writeDataEhPKh
                0x00081392       0x48 C:\Users\Lee\AppData\Local\Temp\VMicroBuilds\WebServer\arduino_due_x_dbg\SD\utility\Sd2Card.cpp.o
                0x00081392                Sd2Card::writeData(unsigned char, unsigned char const*)
 .text._ZN7Sd2Card10writeBlockEmPKh
                0x000813da       0x6c C:\Users\Lee\AppData\Local\Temp\VMicroBuilds\WebServer\arduino_due_x_dbg\SD\utility\Sd2Card.cpp.o
                0x000813da                Sd2Card::writeBlock(unsigned long, unsigned char const*)
 *fill*         0x00081446        0x2 
 .text.startup._GLOBAL__sub_I__ZN7Sd2Card11cardCommandEhm
                0x00081448       0x14 C:\Users\Lee\AppData\Local\Temp\VMicroBuilds\WebServer\arduino_due_x_dbg\SD\utility\Sd2Card.cpp.o
 .text._ZN6SdFile10addClusterEv
                0x0008145c       0x26 C:\Users\Lee\AppData\Local\Temp\VMicroBuilds\WebServer\arduino_due_x_dbg\SD\utility\SdFile.cpp.o
                0x0008145c                SdFile::addCluster()
 .text._ZN6SdFile13addDirClusterEv
                0x00081482       0x46 C:\Users\Lee\AppData\Local\Temp\VMicroBuilds\WebServer\arduino_due_x_dbg\SD\utility\SdFile.cpp.o
                0x00081482                SdFile::addDirCluster()
 .text._ZN6SdFile13cacheDirEntryEh
                0x000814c8       0x1c C:\Users\Lee\AppData\Local\Temp\VMicroBuilds\WebServer\arduino_due_x_dbg\SD\utility\SdFile.cpp.o
                0x000814c8                SdFile::cacheDirEntry(unsigned char)
 .text._ZN6SdFile10make83NameEPKcPh
                0x000814e4       0x98 C:\Users\Lee\AppData\Local\Temp\VMicroBuilds\WebServer\arduino_due_x_dbg\SD\utility\SdFile.cpp.o
                0x000814e4                SdFile::make83Name(char const*, unsigned char*)
 .text._ZN6SdFile8openRootEP8SdVolume
                0x0008157c       0x50 C:\Users\Lee\AppData\Local\Temp\VMicroBuilds\WebServer\arduino_due_x_dbg\SD\utility\SdFile.cpp.o
                0x0008157c                SdFile::openRoot(SdVolume*)
 .text._ZN6SdFile4readEPvt
                0x000815cc      0x104 C:\Users\Lee\AppData\Local\Temp\VMicroBuilds\WebServer\arduino_due_x_dbg\SD\utility\SdFile.cpp.o
                0x000815cc                SdFile::read(void*, unsigned short)
 .text._ZN6SdFile12readDirCacheEv
                0x000816d0       0x44 C:\Users\Lee\AppData\Local\Temp\VMicroBuilds\WebServer\arduino_due_x_dbg\SD\utility\SdFile.cpp.o
                0x000816d0                SdFile::readDirCache()
 .text._ZN6SdFile7seekSetEm
                0x00081714       0x5e C:\Users\Lee\AppData\Local\Temp\VMicroBuilds\WebServer\arduino_due_x_dbg\SD\utility\SdFile.cpp.o
                0x00081714                SdFile::seekSet(unsigned long)
 *fill*         0x00081772        0x2 
 .text._ZN6SdFile4syncEv
                0x00081774       0x58 C:\Users\Lee\AppData\Local\Temp\VMicroBuilds\WebServer\arduino_due_x_dbg\SD\utility\SdFile.cpp.o
                0x00081774                SdFile::sync()
 .text._ZN6SdFile5closeEv
                0x000817cc       0x12 C:\Users\Lee\AppData\Local\Temp\VMicroBuilds\WebServer\arduino_due_x_dbg\SD\utility\SdFile.cpp.o
                0x000817cc                SdFile::close()
 *fill*         0x000817de        0x2 
 .text._ZN6SdFile8truncateEm
                0x000817e0       0xb0 C:\Users\Lee\AppData\Local\Temp\VMicroBuilds\WebServer\arduino_due_x_dbg\SD\utility\SdFile.cpp.o
                0x000817e0                SdFile::truncate(unsigned long)
 .text._ZN6SdFile15openCachedEntryEhh
                0x00081890       0x7c C:\Users\Lee\AppData\Local\Temp\VMicroBuilds\WebServer\arduino_due_x_dbg\SD\utility\SdFile.cpp.o
                0x00081890                SdFile::openCachedEntry(unsigned char, unsigned char)
 .text._ZN6SdFile4openEPS_PKch
                0x0008190c      0x110 C:\Users\Lee\AppData\Local\Temp\VMicroBuilds\WebServer\arduino_due_x_dbg\SD\utility\SdFile.cpp.o
                0x0008190c                SdFile::open(SdFile*, char const*, unsigned char)
 .text._ZN6SdFile5writeEPKvt
                0x00081a1c      0x194 C:\Users\Lee\AppData\Local\Temp\VMicroBuilds\WebServer\arduino_due_x_dbg\SD\utility\SdFile.cpp.o
                0x00081a1c                SdFile::write(void const*, unsigned short)
 .text._ZN6SdFile5writeEh
                0x00081bb0       0x16 C:\Users\Lee\AppData\Local\Temp\VMicroBuilds\WebServer\arduino_due_x_dbg\SD\utility\SdFile.cpp.o
                0x00081bb0                SdFile::write(unsigned char)
 *fill*         0x00081bc6        0x2 
 .text._ZN8SdVolume10cacheFlushEv
                0x00081bc8       0x4c C:\Users\Lee\AppData\Local\Temp\VMicroBuilds\WebServer\arduino_due_x_dbg\SD\utility\SdVolume.cpp.o
                0x00081bc8                SdVolume::cacheFlush()
 .text._ZN8SdVolume13cacheRawBlockEmh
                0x00081c14       0x48 C:\Users\Lee\AppData\Local\Temp\VMicroBuilds\WebServer\arduino_due_x_dbg\SD\utility\SdVolume.cpp.o
                0x00081c14                SdVolume::cacheRawBlock(unsigned long, unsigned char)
 .text._ZN8SdVolume14cacheZeroBlockEm
                0x00081c5c       0x38 C:\Users\Lee\AppData\Local\Temp\VMicroBuilds\WebServer\arduino_due_x_dbg\SD\utility\SdVolume.cpp.o
                0x00081c5c                SdVolume::cacheZeroBlock(unsigned long)
 .text._ZNK8SdVolume6fatGetEmPm
                0x00081c94       0x64 C:\Users\Lee\AppData\Local\Temp\VMicroBuilds\WebServer\arduino_due_x_dbg\SD\utility\SdVolume.cpp.o
                0x00081c94                SdVolume::fatGet(unsigned long, unsigned long*) const
 .text._ZNK8SdVolume9chainSizeEmPm
                0x00081cf8       0x44 C:\Users\Lee\AppData\Local\Temp\VMicroBuilds\WebServer\arduino_due_x_dbg\SD\utility\SdVolume.cpp.o
                0x00081cf8                SdVolume::chainSize(unsigned long, unsigned long*) const
 .text._ZN8SdVolume6fatPutEmm
                0x00081d3c       0x84 C:\Users\Lee\AppData\Local\Temp\VMicroBuilds\WebServer\arduino_due_x_dbg\SD\utility\SdVolume.cpp.o
                0x00081d3c                SdVolume::fatPut(unsigned long, unsigned long)
 .text._ZN8SdVolume15allocContiguousEmPm
                0x00081dc0       0xb4 C:\Users\Lee\AppData\Local\Temp\VMicroBuilds\WebServer\arduino_due_x_dbg\SD\utility\SdVolume.cpp.o
                0x00081dc0                SdVolume::allocContiguous(unsigned long, unsigned long*)
 .text._ZN8SdVolume9freeChainEm
                0x00081e74       0x48 C:\Users\Lee\AppData\Local\Temp\VMicroBuilds\WebServer\arduino_due_x_dbg\SD\utility\SdVolume.cpp.o
                0x00081e74                SdVolume::freeChain(unsigned long)
 .text._ZN8SdVolume4initEP7Sd2Cardh
                0x00081ebc       0xf4 C:\Users\Lee\AppData\Local\Temp\VMicroBuilds\WebServer\arduino_due_x_dbg\SD\utility\SdVolume.cpp.o
                0x00081ebc                SdVolume::init(Sd2Card*, unsigned char)
 .text._ZN9DhcpClass16reset_DHCP_leaseEv
                0x00081fb0        0xa C:\Users\Lee\AppData\Local\Temp\VMicroBuilds\WebServer\arduino_due_x_dbg\Ethernet\Dhcp.cpp.o
                0x00081fb0                DhcpClass::reset_DHCP_lease()
 .text._ZN9DhcpClass10getLocalIpEv
                0x00081fba        0xe C:\Users\Lee\AppData\Local\Temp\VMicroBuilds\WebServer\arduino_due_x_dbg\Ethernet\Dhcp.cpp.o
                0x00081fba                DhcpClass::getLocalIp()
 .text._ZN9DhcpClass13getSubnetMaskEv
                0x00081fc8        0xe C:\Users\Lee\AppData\Local\Temp\VMicroBuilds\WebServer\arduino_due_x_dbg\Ethernet\Dhcp.cpp.o
                0x00081fc8                DhcpClass::getSubnetMask()
 .text._ZN9DhcpClass12getGatewayIpEv
                0x00081fd6        0xe C:\Users\Lee\AppData\Local\Temp\VMicroBuilds\WebServer\arduino_due_x_dbg\Ethernet\Dhcp.cpp.o
                0x00081fd6                DhcpClass::getGatewayIp()
 .text._ZN9DhcpClass14getDnsServerIpEv
                0x00081fe4        0xe C:\Users\Lee\AppData\Local\Temp\VMicroBuilds\WebServer\arduino_due_x_dbg\Ethernet\Dhcp.cpp.o
                0x00081fe4                DhcpClass::getDnsServerIp()
 .text._ZN9DhcpClass9printByteEPch
                0x00081ff2       0x20 C:\Users\Lee\AppData\Local\Temp\VMicroBuilds\WebServer\arduino_due_x_dbg\Ethernet\Dhcp.cpp.o
                0x00081ff2                DhcpClass::printByte(char*, unsigned char)
 *fill*         0x00082012        0x2 
 .text.startup._GLOBAL__sub_I__ZN9DhcpClass13beginWithDHCPEPhmm
                0x00082014       0x1c C:\Users\Lee\AppData\Local\Temp\VMicroBuilds\WebServer\arduino_due_x_dbg\Ethernet\Dhcp.cpp.o
 .text._ZN9DhcpClass17send_DHCP_MESSAGEEht
                0x00082030      0x1dc C:\Users\Lee\AppData\Local\Temp\VMicroBuilds\WebServer\arduino_due_x_dbg\Ethernet\Dhcp.cpp.o
                0x00082030                DhcpClass::send_DHCP_MESSAGE(unsigned char, unsigned short)
 .text._ZN9DhcpClass17parseDHCPResponseEmRm
                0x0008220c      0x20e C:\Users\Lee\AppData\Local\Temp\VMicroBuilds\WebServer\arduino_due_x_dbg\Ethernet\Dhcp.cpp.o
                0x0008220c                DhcpClass::parseDHCPResponse(unsigned long, unsigned long&)
 .text._ZN9DhcpClass18request_DHCP_leaseEv
                0x0008241a      0x14c C:\Users\Lee\AppData\Local\Temp\VMicroBuilds\WebServer\arduino_due_x_dbg\Ethernet\Dhcp.cpp.o
                0x0008241a                DhcpClass::request_DHCP_lease()
 .text._ZN9DhcpClass10checkLeaseEv
                0x00082566       0x82 C:\Users\Lee\AppData\Local\Temp\VMicroBuilds\WebServer\arduino_due_x_dbg\Ethernet\Dhcp.cpp.o
                0x00082566                DhcpClass::checkLease()
 .text._ZN9DNSClient5beginERK9IPAddress
                0x000825e8        0xa C:\Users\Lee\AppData\Local\Temp\VMicroBuilds\WebServer\arduino_due_x_dbg\Ethernet\Dns.cpp.o
                0x000825e8                DNSClient::begin(IPAddress const&)
 .text._ZN9DNSClient9inet_atonEPKcR9IPAddress
                0x000825f2       0x4a C:\Users\Lee\AppData\Local\Temp\VMicroBuilds\WebServer\arduino_due_x_dbg\Ethernet\Dns.cpp.o
                0x000825f2                DNSClient::inet_aton(char const*, IPAddress&)
 .text.startup._GLOBAL__sub_I__ZN9DNSClient5beginERK9IPAddress
                0x0008263c       0x1c C:\Users\Lee\AppData\Local\Temp\VMicroBuilds\WebServer\arduino_due_x_dbg\Ethernet\Dns.cpp.o
 .text._ZN9DNSClient12BuildRequestEPKc
                0x00082658       0xe2 C:\Users\Lee\AppData\Local\Temp\VMicroBuilds\WebServer\arduino_due_x_dbg\Ethernet\Dns.cpp.o
                0x00082658                DNSClient::BuildRequest(char const*)
 .text._ZN9DNSClient15ProcessResponseEtR9IPAddress
                0x0008273a      0x22e C:\Users\Lee\AppData\Local\Temp\VMicroBuilds\WebServer\arduino_due_x_dbg\Ethernet\Dns.cpp.o
                0x0008273a                DNSClient::ProcessResponse(unsigned short, IPAddress&)
 .text._ZN9DNSClient13getHostByNameEPKcR9IPAddress
                0x00082968       0x94 C:\Users\Lee\AppData\Local\Temp\VMicroBuilds\WebServer\arduino_due_x_dbg\Ethernet\Dns.cpp.o
                0x00082968                DNSClient::getHostByName(char const*, IPAddress&)
 .text._ZN10W5100Class8writeGAREPh
                0x000829fc        0xa C:\Users\Lee\AppData\Local\Temp\VMicroBuilds\WebServer\arduino_due_x_dbg\Ethernet\Ethernet.cpp.o
                0x000829fc                W5100Class::writeGAR(unsigned char*)
 .text._ZN10W5100Class9writeSUBREPh
                0x00082a06        0xa C:\Users\Lee\AppData\Local\Temp\VMicroBuilds\WebServer\arduino_due_x_dbg\Ethernet\Ethernet.cpp.o
                0x00082a06                W5100Class::writeSUBR(unsigned char*)
 .text._ZN10W5100Class9writeSIPREPh
                0x00082a10        0xa C:\Users\Lee\AppData\Local\Temp\VMicroBuilds\WebServer\arduino_due_x_dbg\Ethernet\Ethernet.cpp.o
                0x00082a10                W5100Class::writeSIPR(unsigned char*)
 *fill*         0x00082a1a        0x2 
 .text._ZN13EthernetClass5beginEPh9IPAddressS1_S1_S1_
                0x00082a1c       0x6c C:\Users\Lee\AppData\Local\Temp\VMicroBuilds\WebServer\arduino_due_x_dbg\Ethernet\Ethernet.cpp.o
                0x00082a1c                EthernetClass::begin(unsigned char*, IPAddress, IPAddress, IPAddress, IPAddress)
 .text._ZN13EthernetClass5beginEPh9IPAddressS1_S1_
                0x00082a88       0x5c C:\Users\Lee\AppData\Local\Temp\VMicroBuilds\WebServer\arduino_due_x_dbg\Ethernet\Ethernet.cpp.o
                0x00082a88                EthernetClass::begin(unsigned char*, IPAddress, IPAddress, IPAddress)
 .text._ZN13EthernetClass5beginEPh9IPAddressS1_
                0x00082ae4       0x34 C:\Users\Lee\AppData\Local\Temp\VMicroBuilds\WebServer\arduino_due_x_dbg\Ethernet\Ethernet.cpp.o
                0x00082ae4                EthernetClass::begin(unsigned char*, IPAddress, IPAddress)
 .text._ZN13EthernetClass5beginEPh9IPAddress
                0x00082b18       0x2c C:\Users\Lee\AppData\Local\Temp\VMicroBuilds\WebServer\arduino_due_x_dbg\Ethernet\Ethernet.cpp.o
                0x00082b18                EthernetClass::begin(unsigned char*, IPAddress)
 .text._ZN13EthernetClass8maintainEv
                0x00082b44       0x80 C:\Users\Lee\AppData\Local\Temp\VMicroBuilds\WebServer\arduino_due_x_dbg\Ethernet\Ethernet.cpp.o
                0x00082b44                EthernetClass::maintain()
 .text._ZN13EthernetClass7localIPEv
                0x00082bc4       0x40 C:\Users\Lee\AppData\Local\Temp\VMicroBuilds\WebServer\arduino_due_x_dbg\Ethernet\Ethernet.cpp.o
                0x00082bc4                EthernetClass::localIP()
 .text._ZN13EthernetClass11dnsServerIPEv
                0x00082c04       0x10 C:\Users\Lee\AppData\Local\Temp\VMicroBuilds\WebServer\arduino_due_x_dbg\Ethernet\Ethernet.cpp.o
                0x00082c04                EthernetClass::dnsServerIP()
 .text.startup._GLOBAL__sub_I__ZN13EthernetClass6_stateE
                0x00082c14       0x24 C:\Users\Lee\AppData\Local\Temp\VMicroBuilds\WebServer\arduino_due_x_dbg\Ethernet\Ethernet.cpp.o
 .text._ZN14EthernetClienteqEb
                0x00082c38        0x6 C:\Users\Lee\AppData\Local\Temp\VMicroBuilds\WebServer\arduino_due_x_dbg\Ethernet\EthernetClient.cpp.o
                0x00082c38                EthernetClient::operator==(bool)
 .text._ZN14EthernetClientneEb
                0x00082c3e        0x4 C:\Users\Lee\AppData\Local\Temp\VMicroBuilds\WebServer\arduino_due_x_dbg\Ethernet\EthernetClient.cpp.o
                0x00082c3e                EthernetClient::operator!=(bool)
 .text._ZN14EthernetClientneERKS_
                0x00082c42       0x10 C:\Users\Lee\AppData\Local\Temp\VMicroBuilds\WebServer\arduino_due_x_dbg\Ethernet\EthernetClient.cpp.o
                0x00082c42                EthernetClient::operator!=(EthernetClient const&)
 .text._ZN14EthernetClient5writeEh
                0x00082c52       0x16 C:\Users\Lee\AppData\Local\Temp\VMicroBuilds\WebServer\arduino_due_x_dbg\Ethernet\EthernetClient.cpp.o
                0x00082c52                EthernetClient::write(unsigned char)
 .text._ZN14EthernetClientcvbEv
                0x00082c68        0xa C:\Users\Lee\AppData\Local\Temp\VMicroBuilds\WebServer\arduino_due_x_dbg\Ethernet\EthernetClient.cpp.o
                0x00082c68                EthernetClient::operator bool()
 .text._ZN14EthernetClienteqERKS_
                0x00082c72       0x14 C:\Users\Lee\AppData\Local\Temp\VMicroBuilds\WebServer\arduino_due_x_dbg\Ethernet\EthernetClient.cpp.o
                0x00082c72                EthernetClient::operator==(EthernetClient const&)
 .text._ZN14EthernetClient5writeEPKhj
                0x00082c86       0x26 C:\Users\Lee\AppData\Local\Temp\VMicroBuilds\WebServer\arduino_due_x_dbg\Ethernet\EthernetClient.cpp.o
                0x00082c86                EthernetClient::write(unsigned char const*, unsigned int)
 .text._ZN14EthernetClient9availableEv
                0x00082cac       0x12 C:\Users\Lee\AppData\Local\Temp\VMicroBuilds\WebServer\arduino_due_x_dbg\Ethernet\EthernetClient.cpp.o
                0x00082cac                EthernetClient::available()
 .text._ZN14EthernetClient4readEv
                0x00082cbe       0x20 C:\Users\Lee\AppData\Local\Temp\VMicroBuilds\WebServer\arduino_due_x_dbg\Ethernet\EthernetClient.cpp.o
                0x00082cbe                EthernetClient::read()
 .text._ZN14EthernetClient4readEPhj
                0x00082cde        0xc C:\Users\Lee\AppData\Local\Temp\VMicroBuilds\WebServer\arduino_due_x_dbg\Ethernet\EthernetClient.cpp.o
                0x00082cde                EthernetClient::read(unsigned char*, unsigned int)
 .text._ZN14EthernetClient4peekEv
                0x00082cea       0x24 C:\Users\Lee\AppData\Local\Temp\VMicroBuilds\WebServer\arduino_due_x_dbg\Ethernet\EthernetClient.cpp.o
                0x00082cea                EthernetClient::peek()
 .text._ZN14EthernetClient5flushEv
                0x00082d0e        0x6 C:\Users\Lee\AppData\Local\Temp\VMicroBuilds\WebServer\arduino_due_x_dbg\Ethernet\EthernetClient.cpp.o
                0x00082d0e                EthernetClient::flush()
 .text._ZN14EthernetClient7connectEPKct
                0x00082d14       0x5c C:\Users\Lee\AppData\Local\Temp\VMicroBuilds\WebServer\arduino_due_x_dbg\Ethernet\EthernetClient.cpp.o
                0x00082d14                EthernetClient::connect(char const*, unsigned short)
 .text._ZN14EthernetClientC2Eh
                0x00082d70       0x18 C:\Users\Lee\AppData\Local\Temp\VMicroBuilds\WebServer\arduino_due_x_dbg\Ethernet\EthernetClient.cpp.o
                0x00082d70                EthernetClient::EthernetClient(unsigned char)
                0x00082d70                EthernetClient::EthernetClient(unsigned char)
 .text._ZN14EthernetClient6statusEv
                0x00082d88        0xe C:\Users\Lee\AppData\Local\Temp\VMicroBuilds\WebServer\arduino_due_x_dbg\Ethernet\EthernetClient.cpp.o
                0x00082d88                EthernetClient::status()
 *fill*         0x00082d96        0x2 
 .text._ZN14EthernetClient7connectE9IPAddresst
                0x00082d98       0x8c C:\Users\Lee\AppData\Local\Temp\VMicroBuilds\WebServer\arduino_due_x_dbg\Ethernet\EthernetClient.cpp.o
                0x00082d98                EthernetClient::connect(IPAddress, unsigned short)
 .text._ZN14EthernetClient4stopEv
                0x00082e24       0x4c C:\Users\Lee\AppData\Local\Temp\VMicroBuilds\WebServer\arduino_due_x_dbg\Ethernet\EthernetClient.cpp.o
                0x00082e24                EthernetClient::stop()
 .text._ZN14EthernetClient9connectedEv
                0x00082e70       0x34 C:\Users\Lee\AppData\Local\Temp\VMicroBuilds\WebServer\arduino_due_x_dbg\Ethernet\EthernetClient.cpp.o
                0x00082e70                EthernetClient::connected()
 .text.startup._GLOBAL__sub_I__ZN14EthernetClient8_srcportE
                0x00082ea4       0x1c C:\Users\Lee\AppData\Local\Temp\VMicroBuilds\WebServer\arduino_due_x_dbg\Ethernet\EthernetClient.cpp.o
 .text._ZN14EthernetServer5writeEh
                0x00082ec0       0x16 C:\Users\Lee\AppData\Local\Temp\VMicroBuilds\WebServer\arduino_due_x_dbg\Ethernet\EthernetServer.cpp.o
                0x00082ec0                EthernetServer::write(unsigned char)
 *fill*         0x00082ed6        0x2 
 .text._ZN14EthernetServer5beginEv
                0x00082ed8       0x44 C:\Users\Lee\AppData\Local\Temp\VMicroBuilds\WebServer\arduino_due_x_dbg\Ethernet\EthernetServer.cpp.o
                0x00082ed8                EthernetServer::begin()
 .text._ZN14EthernetServerC2Et
                0x00082f1c       0x10 C:\Users\Lee\AppData\Local\Temp\VMicroBuilds\WebServer\arduino_due_x_dbg\Ethernet\EthernetServer.cpp.o
                0x00082f1c                EthernetServer::EthernetServer(unsigned short)
                0x00082f1c                EthernetServer::EthernetServer(unsigned short)
 .text._ZN14EthernetServer6acceptEv
                0x00082f2c       0x60 C:\Users\Lee\AppData\Local\Temp\VMicroBuilds\WebServer\arduino_due_x_dbg\Ethernet\EthernetServer.cpp.o
                0x00082f2c                EthernetServer::accept()
 .text._ZN14EthernetServer5writeEPKhj
                0x00082f8c       0x54 C:\Users\Lee\AppData\Local\Temp\VMicroBuilds\WebServer\arduino_due_x_dbg\Ethernet\EthernetServer.cpp.o
                0x00082f8c                EthernetServer::write(unsigned char const*, unsigned int)
 .text._ZN14EthernetServer9availableEv
                0x00082fe0       0x70 C:\Users\Lee\AppData\Local\Temp\VMicroBuilds\WebServer\arduino_due_x_dbg\Ethernet\EthernetServer.cpp.o
                0x00082fe0                EthernetServer::available()
 .text.startup._GLOBAL__sub_I__ZN14EthernetServerC2Et
                0x00083050       0x1c C:\Users\Lee\AppData\Local\Temp\VMicroBuilds\WebServer\arduino_due_x_dbg\Ethernet\EthernetServer.cpp.o
 .text._ZN11EthernetUDP4readEPcj
                0x0008306c        0xa C:\Users\Lee\AppData\Local\Temp\VMicroBuilds\WebServer\arduino_due_x_dbg\Ethernet\EthernetUdp.cpp.o
                0x0008306c                EthernetUDP::read(char*, unsigned int)
 *fill*         0x00083076        0x2 
 .text._ZN11EthernetUDP8remoteIPEv
                0x00083078       0x10 C:\Users\Lee\AppData\Local\Temp\VMicroBuilds\WebServer\arduino_due_x_dbg\Ethernet\EthernetUdp.cpp.o
                0x00083078                EthernetUDP::remoteIP()
 .text._ZN11EthernetUDP10remotePortEv
                0x00083088        0x4 C:\Users\Lee\AppData\Local\Temp\VMicroBuilds\WebServer\arduino_due_x_dbg\Ethernet\EthernetUdp.cpp.o
                0x00083088                EthernetUDP::remotePort()
 .text._ZN11EthernetUDP9availableEv
                0x0008308c        0x4 C:\Users\Lee\AppData\Local\Temp\VMicroBuilds\WebServer\arduino_due_x_dbg\Ethernet\EthernetUdp.cpp.o
                0x0008308c                EthernetUDP::available()
 .text._ZN11EthernetUDP5writeEh
                0x00083090       0x16 C:\Users\Lee\AppData\Local\Temp\VMicroBuilds\WebServer\arduino_due_x_dbg\Ethernet\EthernetUdp.cpp.o
                0x00083090                EthernetUDP::write(unsigned char)
 .text._ZN11EthernetUDP5flushEv
                0x000830a6        0x2 C:\Users\Lee\AppData\Local\Temp\VMicroBuilds\WebServer\arduino_due_x_dbg\Ethernet\EthernetUdp.cpp.o
                0x000830a6                EthernetUDP::flush()
 .text._ZN11EthernetUDP4stopEv
                0x000830a8       0x28 C:\Users\Lee\AppData\Local\Temp\VMicroBuilds\WebServer\arduino_due_x_dbg\Ethernet\EthernetUdp.cpp.o
                0x000830a8                EthernetUDP::stop()
 .text._ZN11EthernetUDP11beginPacketE9IPAddresst
                0x000830d0        0xe C:\Users\Lee\AppData\Local\Temp\VMicroBuilds\WebServer\arduino_due_x_dbg\Ethernet\EthernetUdp.cpp.o
                0x000830d0                EthernetUDP::beginPacket(IPAddress, unsigned short)
 .text._ZN11EthernetUDP9endPacketEv
                0x000830de        0x8 C:\Users\Lee\AppData\Local\Temp\VMicroBuilds\WebServer\arduino_due_x_dbg\Ethernet\EthernetUdp.cpp.o
                0x000830de                EthernetUDP::endPacket()
 .text._ZN11EthernetUDP5writeEPKhj
                0x000830e6       0x1c C:\Users\Lee\AppData\Local\Temp\VMicroBuilds\WebServer\arduino_due_x_dbg\Ethernet\EthernetUdp.cpp.o
                0x000830e6                EthernetUDP::write(unsigned char const*, unsigned int)
 .text._ZN11EthernetUDP4readEv
                0x00083102       0x2e C:\Users\Lee\AppData\Local\Temp\VMicroBuilds\WebServer\arduino_due_x_dbg\Ethernet\EthernetUdp.cpp.o
                0x00083102                EthernetUDP::read()
 .text._ZN11EthernetUDP4readEPhj
                0x00083130       0x2a C:\Users\Lee\AppData\Local\Temp\VMicroBuilds\WebServer\arduino_due_x_dbg\Ethernet\EthernetUdp.cpp.o
                0x00083130                EthernetUDP::read(unsigned char*, unsigned int)
 .text._ZN11EthernetUDP4peekEv
                0x0008315a       0x22 C:\Users\Lee\AppData\Local\Temp\VMicroBuilds\WebServer\arduino_due_x_dbg\Ethernet\EthernetUdp.cpp.o
                0x0008315a                EthernetUDP::peek()
 .text._ZN11EthernetUDP5beginEt
                0x0008317c       0x48 C:\Users\Lee\AppData\Local\Temp\VMicroBuilds\WebServer\arduino_due_x_dbg\Ethernet\EthernetUdp.cpp.o
                0x0008317c                EthernetUDP::begin(unsigned short)
 .text._ZN11EthernetUDP11parsePacketEv
                0x000831c4       0x5e C:\Users\Lee\AppData\Local\Temp\VMicroBuilds\WebServer\arduino_due_x_dbg\Ethernet\EthernetUdp.cpp.o
                0x000831c4                EthernetUDP::parsePacket()
 *fill*         0x00083222        0x2 
 .text._ZN11EthernetUDP14beginMulticastE9IPAddresst
                0x00083224       0xbc C:\Users\Lee\AppData\Local\Temp\VMicroBuilds\WebServer\arduino_due_x_dbg\Ethernet\EthernetUdp.cpp.o
                0x00083224                EthernetUDP::beginMulticast(IPAddress, unsigned short)
 .text._ZN11EthernetUDPC2Ev
                0x000832e0       0x28 C:\Users\Lee\AppData\Local\Temp\VMicroBuilds\WebServer\arduino_due_x_dbg\Ethernet\EthernetUdp.cpp.o
                0x000832e0                EthernetUDP::EthernetUDP()
                0x000832e0                EthernetUDP::EthernetUDP()
 .text._ZN11EthernetUDP11beginPacketEPKct
                0x00083308       0x5c C:\Users\Lee\AppData\Local\Temp\VMicroBuilds\WebServer\arduino_due_x_dbg\Ethernet\EthernetUdp.cpp.o
                0x00083308                EthernetUDP::beginPacket(char const*, unsigned short)
 .text.startup._GLOBAL__sub_I__ZN11EthernetUDPC2Ev
                0x00083364       0x1c C:\Users\Lee\AppData\Local\Temp\VMicroBuilds\WebServer\arduino_due_x_dbg\Ethernet\EthernetUdp.cpp.o
 .text._ZN10W5100Class11writeSnDIPREhPh
                0x00083380        0xe C:\Users\Lee\AppData\Local\Temp\VMicroBuilds\WebServer\arduino_due_x_dbg\Ethernet\utility\socket.cpp.o
                0x00083380                W5100Class::writeSnDIPR(unsigned char, unsigned char*)
 .text._ZN10W5100Class6readSnEht
                0x0008338e        0xc C:\Users\Lee\AppData\Local\Temp\VMicroBuilds\WebServer\arduino_due_x_dbg\Ethernet\utility\socket.cpp.o
                0x0008338e                W5100Class::readSn(unsigned char, unsigned short)
 .text._ZN10W5100Class8readSnIREh
                0x0008339a        0xa C:\Users\Lee\AppData\Local\Temp\VMicroBuilds\WebServer\arduino_due_x_dbg\Ethernet\utility\socket.cpp.o
                0x0008339a                W5100Class::readSnIR(unsigned char)
 .text._ZN10W5100Class7writeSnEhth
                0x000833a4        0xe C:\Users\Lee\AppData\Local\Temp\VMicroBuilds\WebServer\arduino_due_x_dbg\Ethernet\utility\socket.cpp.o
                0x000833a4                W5100Class::writeSn(unsigned char, unsigned short, unsigned char)
 .text._ZN10W5100Class11writeSnPORTEht
                0x000833b2       0x1a C:\Users\Lee\AppData\Local\Temp\VMicroBuilds\WebServer\arduino_due_x_dbg\Ethernet\utility\socket.cpp.o
                0x000833b2                W5100Class::writeSnPORT(unsigned char, unsigned short)
 .text._ZN10W5100Class9writeSnIREhh
                0x000833cc        0xc C:\Users\Lee\AppData\Local\Temp\VMicroBuilds\WebServer\arduino_due_x_dbg\Ethernet\utility\socket.cpp.o
                0x000833cc                W5100Class::writeSnIR(unsigned char, unsigned char)
 .text._ZN10W5100Class12writeSnDPORTEht
                0x000833d8       0x1a C:\Users\Lee\AppData\Local\Temp\VMicroBuilds\WebServer\arduino_due_x_dbg\Ethernet\utility\socket.cpp.o
                0x000833d8                W5100Class::writeSnDPORT(unsigned char, unsigned short)
 *fill*         0x000833f2        0x2 
 .text._Z12socketStatush
                0x000833f4       0x3c C:\Users\Lee\AppData\Local\Temp\VMicroBuilds\WebServer\arduino_due_x_dbg\Ethernet\utility\socket.cpp.o
                0x000833f4                socketStatus(unsigned char)
 .text._Z5closeh
                0x00083430       0x48 C:\Users\Lee\AppData\Local\Temp\VMicroBuilds\WebServer\arduino_due_x_dbg\Ethernet\utility\socket.cpp.o
                0x00083430                close(unsigned char)
 .text._Z6sockethhth
                0x00083478       0x80 C:\Users\Lee\AppData\Local\Temp\VMicroBuilds\WebServer\arduino_due_x_dbg\Ethernet\utility\socket.cpp.o
                0x00083478                socket(unsigned char, unsigned char, unsigned short, unsigned char)
 .text._Z6listenh
                0x000834f8       0x54 C:\Users\Lee\AppData\Local\Temp\VMicroBuilds\WebServer\arduino_due_x_dbg\Ethernet\utility\socket.cpp.o
                0x000834f8                listen(unsigned char)
 .text._Z7connecthPht
                0x0008354c       0x8c C:\Users\Lee\AppData\Local\Temp\VMicroBuilds\WebServer\arduino_due_x_dbg\Ethernet\utility\socket.cpp.o
                0x0008354c                connect(unsigned char, unsigned char*, unsigned short)
 .text._Z10disconnecth
                0x000835d8       0x40 C:\Users\Lee\AppData\Local\Temp\VMicroBuilds\WebServer\arduino_due_x_dbg\Ethernet\utility\socket.cpp.o
                0x000835d8                disconnect(unsigned char)
 .text._Z4sendhPKht
                0x00083618       0xf4 C:\Users\Lee\AppData\Local\Temp\VMicroBuilds\WebServer\arduino_due_x_dbg\Ethernet\utility\socket.cpp.o
                0x00083618                send(unsigned char, unsigned char const*, unsigned short)
 .text._Z4recvhPhs
                0x0008370c       0x84 C:\Users\Lee\AppData\Local\Temp\VMicroBuilds\WebServer\arduino_due_x_dbg\Ethernet\utility\socket.cpp.o
                0x0008370c                recv(unsigned char, unsigned char*, short)
 .text._Z13recvAvailableh
                0x00083790       0x40 C:\Users\Lee\AppData\Local\Temp\VMicroBuilds\WebServer\arduino_due_x_dbg\Ethernet\utility\socket.cpp.o
                0x00083790                recvAvailable(unsigned char)
 .text._Z4peekhPh
                0x000837d0       0x48 C:\Users\Lee\AppData\Local\Temp\VMicroBuilds\WebServer\arduino_due_x_dbg\Ethernet\utility\socket.cpp.o
                0x000837d0                peek(unsigned char, unsigned char*)
 .text._Z5flushh
                0x00083818        0x2 C:\Users\Lee\AppData\Local\Temp\VMicroBuilds\WebServer\arduino_due_x_dbg\Ethernet\utility\socket.cpp.o
                0x00083818                flush(unsigned char)
 *fill*         0x0008381a        0x2 
 .text._Z10bufferDatahtPKht
                0x0008381c       0x64 C:\Users\Lee\AppData\Local\Temp\VMicroBuilds\WebServer\arduino_due_x_dbg\Ethernet\utility\socket.cpp.o
                0x0008381c                bufferData(unsigned char, unsigned short, unsigned char const*, unsigned short)
 .text._Z8startUDPhPht
                0x00083880       0x5c C:\Users\Lee\AppData\Local\Temp\VMicroBuilds\WebServer\arduino_due_x_dbg\Ethernet\utility\socket.cpp.o
                0x00083880                startUDP(unsigned char, unsigned char*, unsigned short)
 .text._Z7sendUDPh
                0x000838dc       0x94 C:\Users\Lee\AppData\Local\Temp\VMicroBuilds\WebServer\arduino_due_x_dbg\Ethernet\utility\socket.cpp.o
                0x000838dc                sendUDP(unsigned char)
 .text._ZN10W5100Class5writeEth
                0x00083970       0x40 C:\Users\Lee\AppData\Local\Temp\VMicroBuilds\WebServer\arduino_due_x_dbg\Ethernet\utility\w5100.cpp.o
                0x00083970                W5100Class::write(unsigned short, unsigned char)
 .text._ZN10W5100Class4initEv
                0x000839b0       0x9c C:\Users\Lee\AppData\Local\Temp\VMicroBuilds\WebServer\arduino_due_x_dbg\Ethernet\utility\w5100.cpp.o
                0x000839b0                W5100Class::init()
 .text._ZN10W5100Class5writeEtPKht
                0x00083a4c       0x50 C:\Users\Lee\AppData\Local\Temp\VMicroBuilds\WebServer\arduino_due_x_dbg\Ethernet\utility\w5100.cpp.o
                0x00083a4c                W5100Class::write(unsigned short, unsigned char const*, unsigned short)
 .text._ZN10W5100Class4readEt
                0x00083a9c       0x40 C:\Users\Lee\AppData\Local\Temp\VMicroBuilds\WebServer\arduino_due_x_dbg\Ethernet\utility\w5100.cpp.o
                0x00083a9c                W5100Class::read(unsigned short)
 .text._ZN10W5100Class12readSnTX_FSREh
                0x00083adc       0x1e C:\Users\Lee\AppData\Local\Temp\VMicroBuilds\WebServer\arduino_due_x_dbg\Ethernet\utility\w5100.cpp.o
                0x00083adc                W5100Class::readSnTX_FSR(unsigned char)
 .text._ZN10W5100Class13getTXFreeSizeEh
                0x00083afa       0x20 C:\Users\Lee\AppData\Local\Temp\VMicroBuilds\WebServer\arduino_due_x_dbg\Ethernet\utility\w5100.cpp.o
                0x00083afa                W5100Class::getTXFreeSize(unsigned char)
 .text._ZN10W5100Class12readSnRX_RSREh
                0x00083b1a       0x1e C:\Users\Lee\AppData\Local\Temp\VMicroBuilds\WebServer\arduino_due_x_dbg\Ethernet\utility\w5100.cpp.o
                0x00083b1a                W5100Class::readSnRX_RSR(unsigned char)
 .text._ZN10W5100Class17getRXReceivedSizeEh
                0x00083b38       0x20 C:\Users\Lee\AppData\Local\Temp\VMicroBuilds\WebServer\arduino_due_x_dbg\Ethernet\utility\w5100.cpp.o
                0x00083b38                W5100Class::getRXReceivedSize(unsigned char)
 .text._ZN10W5100Class27send_data_processing_offsetEhtPKht
                0x00083b58       0x80 C:\Users\Lee\AppData\Local\Temp\VMicroBuilds\WebServer\arduino_due_x_dbg\Ethernet\utility\w5100.cpp.o
                0x00083b58                W5100Class::send_data_processing_offset(unsigned char, unsigned short, unsigned char const*, unsigned short)
 .text._ZN10W5100Class20send_data_processingEhPKht
                0x00083bd8       0x12 C:\Users\Lee\AppData\Local\Temp\VMicroBuilds\WebServer\arduino_due_x_dbg\Ethernet\utility\w5100.cpp.o
                0x00083bd8                W5100Class::send_data_processing(unsigned char, unsigned char const*, unsigned short)
 *fill*         0x00083bea        0x2 
 .text._ZN10W5100Class4readEtPht
                0x00083bec       0x54 C:\Users\Lee\AppData\Local\Temp\VMicroBuilds\WebServer\arduino_due_x_dbg\Ethernet\utility\w5100.cpp.o
                0x00083bec                W5100Class::read(unsigned short, unsigned char*, unsigned short)
 .text._ZN10W5100Class9read_dataEhtPVht
                0x00083c40       0x4c C:\Users\Lee\AppData\Local\Temp\VMicroBuilds\WebServer\arduino_due_x_dbg\Ethernet\utility\w5100.cpp.o
                0x00083c40                W5100Class::read_data(unsigned char, unsigned short, unsigned char volatile*, unsigned short)
 .text._ZN10W5100Class20recv_data_processingEhPhth
                0x00083c8c       0x56 C:\Users\Lee\AppData\Local\Temp\VMicroBuilds\WebServer\arduino_due_x_dbg\Ethernet\utility\w5100.cpp.o
                0x00083c8c                W5100Class::recv_data_processing(unsigned char, unsigned char*, unsigned short, unsigned char)
 .text._ZN10W5100Class9execCmdSnEh7SockCMD
                0x00083ce2       0x1a C:\Users\Lee\AppData\Local\Temp\VMicroBuilds\WebServer\arduino_due_x_dbg\Ethernet\utility\w5100.cpp.o
                0x00083ce2                W5100Class::execCmdSn(unsigned char, SockCMD)
 .text.PIO_PullUp
                0x00083cfc        0xa C:\Users\Lee\AppData\Local\arduino15\packages\arduino\hardware\sam\1.6.9\variants\arduino_due_x/libsam_sam3x8e_gcc_rel.a(pio.o)
                0x00083cfc                PIO_PullUp
 .text.PIO_SetPeripheral
                0x00083d06       0x26 C:\Users\Lee\AppData\Local\arduino15\packages\arduino\hardware\sam\1.6.9\variants\arduino_due_x/libsam_sam3x8e_gcc_rel.a(pio.o)
                0x00083d06                PIO_SetPeripheral
 .text.PIO_SetInput
                0x00083d2c       0x26 C:\Users\Lee\AppData\Local\arduino15\packages\arduino\hardware\sam\1.6.9\variants\arduino_due_x/libsam_sam3x8e_gcc_rel.a(pio.o)
                0x00083d2c                PIO_SetInput
 .text.PIO_SetOutput
                0x00083d52       0x24 C:\Users\Lee\AppData\Local\arduino15\packages\arduino\hardware\sam\1.6.9\variants\arduino_due_x/libsam_sam3x8e_gcc_rel.a(pio.o)
                0x00083d52                PIO_SetOutput
 *fill*         0x00083d76        0x2 
 .text.PIO_Configure
                0x00083d78       0x64 C:\Users\Lee\AppData\Local\arduino15\packages\arduino\hardware\sam\1.6.9\variants\arduino_due_x/libsam_sam3x8e_gcc_rel.a(pio.o)
                0x00083d78                PIO_Configure
 .text.PIO_GetOutputDataStatus
                0x00083ddc       0x14 C:\Users\Lee\AppData\Local\arduino15\packages\arduino\hardware\sam\1.6.9\variants\arduino_due_x/libsam_sam3x8e_gcc_rel.a(pio.o)
                0x00083ddc                PIO_GetOutputDataStatus
 .text.SPI_Enable
                0x00083df0        0x6 C:\Users\Lee\AppData\Local\arduino15\packages\arduino\hardware\sam\1.6.9\variants\arduino_due_x/libsam_sam3x8e_gcc_rel.a(spi.o)
                0x00083df0                SPI_Enable
 *fill*         0x00083df6        0x2 
 .text.SPI_Configure
                0x00083df8       0x20 C:\Users\Lee\AppData\Local\arduino15\packages\arduino\hardware\sam\1.6.9\variants\arduino_due_x/libsam_sam3x8e_gcc_rel.a(spi.o)
                0x00083df8                SPI_Configure
 .text.SPI_ConfigureNPCS
                0x00083e18        0x8 C:\Users\Lee\AppData\Local\arduino15\packages\arduino\hardware\sam\1.6.9\variants\arduino_due_x/libsam_sam3x8e_gcc_rel.a(spi.o)
                0x00083e18                SPI_ConfigureNPCS
 .text.Reset_Handler
                0x00083e20       0x78 C:\Users\Lee\AppData\Local\arduino15\packages\arduino\hardware\sam\1.6.9\variants\arduino_due_x/libsam_sam3x8e_gcc_rel.a(startup_sam3xa.o)
                0x00083e20                Reset_Handler
 .text.UOTGHS_Handler
                0x00083e98       0x10 C:\Users\Lee\AppData\Local\arduino15\packages\arduino\hardware\sam\1.6.9\variants\arduino_due_x/libsam_sam3x8e_gcc_rel.a(uotghs.o)
                0x00083e98                UOTGHS_Handler
 .text.pmc_enable_upll_clock
                0x00083ea8       0x14 C:\Users\Lee\AppData\Local\arduino15\packages\arduino\hardware\sam\1.6.9\variants\arduino_due_x/libsam_sam3x8e_gcc_rel.a(pmc.o)
                0x00083ea8                pmc_enable_upll_clock
 .text.pmc_enable_periph_clk
                0x00083ebc       0x44 C:\Users\Lee\AppData\Local\arduino15\packages\arduino\hardware\sam\1.6.9\variants\arduino_due_x/libsam_sam3x8e_gcc_rel.a(pmc.o)
                0x00083ebc                pmc_enable_periph_clk
 .text.pmc_disable_periph_clk
                0x00083f00       0x40 C:\Users\Lee\AppData\Local\arduino15\packages\arduino\hardware\sam\1.6.9\variants\arduino_due_x/libsam_sam3x8e_gcc_rel.a(pmc.o)
                0x00083f00                pmc_disable_periph_clk
 .text.pmc_switch_udpck_to_upllck
                0x00083f40       0x14 C:\Users\Lee\AppData\Local\arduino15\packages\arduino\hardware\sam\1.6.9\variants\arduino_due_x/libsam_sam3x8e_gcc_rel.a(pmc.o)
                0x00083f40                pmc_switch_udpck_to_upllck
 .text.pmc_enable_udpck
                0x00083f54        0xc C:\Users\Lee\AppData\Local\arduino15\packages\arduino\hardware\sam\1.6.9\variants\arduino_due_x/libsam_sam3x8e_gcc_rel.a(pmc.o)
                0x00083f54                pmc_enable_udpck
 .text.__halt   0x00083f60        0x2 C:\Users\Lee\AppData\Local\Temp\VMicroBuilds\WebServer\arduino_due_x_dbg/core.a(cortex_handlers.c.o)
                0x00083f60                DACC_Handler
                0x00083f60                DebugMon_Handler
                0x00083f60                DMAC_Handler
                0x00083f60                TRNG_Handler
                0x00083f60                HardFault_Handler
                0x00083f60                TC2_Handler
                0x00083f60                TWI1_Handler
                0x00083f60                NMI_Handler
                0x00083f60                TC7_Handler
                0x00083f60                ADC_Handler
                0x00083f60                SMC_Handler
                0x00083f60                RTT_Handler
                0x00083f60                EFC1_Handler
                0x00083f60                PIOB_Handler
                0x00083f60                RTC_Handler
                0x00083f60                UsageFault_Handler
                0x00083f60                TC6_Handler
                0x00083f60                WDT_Handler
                0x00083f60                CAN0_Handler
                0x00083f60                TC4_Handler
                0x00083f60                TC1_Handler
                0x00083f60                HSMCI_Handler
                0x00083f60                TC3_Handler
                0x00083f60                TWI0_Handler
                0x00083f60                PIOA_Handler
                0x00083f60                SSC_Handler
                0x00083f60                EFC0_Handler
                0x00083f60                PMC_Handler
                0x00083f60                PWM_Handler
                0x00083f60                CAN1_Handler
                0x00083f60                MemManage_Handler
                0x00083f60                SUPC_Handler
                0x00083f60                TC8_Handler
                0x00083f60                USART2_Handler
                0x00083f60                PIOD_Handler
                0x00083f60                EMAC_Handler
                0x00083f60                PIOC_Handler
                0x00083f60                BusFault_Handler
                0x00083f60                RSTC_Handler
                0x00083f60                TC0_Handler
                0x00083f60                TC5_Handler
                0x00083f60                SPI0_Handler
 .text.SVC_Handler
                0x00083f62        0x4 C:\Users\Lee\AppData\Local\Temp\VMicroBuilds\WebServer\arduino_due_x_dbg/core.a(cortex_handlers.c.o)
                0x00083f62                SVC_Handler
 .text.PendSV_Handler
                0x00083f66        0x4 C:\Users\Lee\AppData\Local\Temp\VMicroBuilds\WebServer\arduino_due_x_dbg/core.a(cortex_handlers.c.o)
                0x00083f66                PendSV_Handler
 .text.SysTick_Handler
                0x00083f6a       0x16 C:\Users\Lee\AppData\Local\Temp\VMicroBuilds\WebServer\arduino_due_x_dbg/core.a(cortex_handlers.c.o)
                0x00083f6a                SysTick_Handler
 .text.__empty  0x00083f80        0x2 C:\Users\Lee\AppData\Local\Temp\VMicroBuilds\WebServer\arduino_due_x_dbg/core.a(hooks.c.o)
                0x00083f80                yield
 .text.__false  0x00083f82        0x4 C:\Users\Lee\AppData\Local\Temp\VMicroBuilds\WebServer\arduino_due_x_dbg/core.a(hooks.c.o)
                0x00083f82                sysTickHook
 .text.__halt   0x00083f86        0x2 C:\Users\Lee\AppData\Local\Temp\VMicroBuilds\WebServer\arduino_due_x_dbg/core.a(hooks.c.o)
                0x00083f86                svcHook
                0x00083f86                pendSVHook
 .text._sbrk    0x00083f88       0x1c C:\Users\Lee\AppData\Local\Temp\VMicroBuilds\WebServer\arduino_due_x_dbg/core.a(syscalls_sam3.c.o)
                0x00083f88                _sbrk
 .text.link     0x00083fa4        0x6 C:\Users\Lee\AppData\Local\Temp\VMicroBuilds\WebServer\arduino_due_x_dbg/core.a(syscalls_sam3.c.o)
                0x00083fa4                link
 .text._close   0x00083faa        0x6 C:\Users\Lee\AppData\Local\Temp\VMicroBuilds\WebServer\arduino_due_x_dbg/core.a(syscalls_sam3.c.o)
                0x00083faa                _close
 .text._fstat   0x00083fb0        0xa C:\Users\Lee\AppData\Local\Temp\VMicroBuilds\WebServer\arduino_due_x_dbg/core.a(syscalls_sam3.c.o)
                0x00083fb0                _fstat
 .text._isatty  0x00083fba        0x4 C:\Users\Lee\AppData\Local\Temp\VMicroBuilds\WebServer\arduino_due_x_dbg/core.a(syscalls_sam3.c.o)
                0x00083fba                _isatty
 .text._lseek   0x00083fbe        0x4 C:\Users\Lee\AppData\Local\Temp\VMicroBuilds\WebServer\arduino_due_x_dbg/core.a(syscalls_sam3.c.o)
                0x00083fbe                _lseek
 .text._read    0x00083fc2        0x4 C:\Users\Lee\AppData\Local\Temp\VMicroBuilds\WebServer\arduino_due_x_dbg/core.a(syscalls_sam3.c.o)
                0x00083fc2                _read
 *fill*         0x00083fc6        0x2 
 .text._write   0x00083fc8       0x24 C:\Users\Lee\AppData\Local\Temp\VMicroBuilds\WebServer\arduino_due_x_dbg/core.a(syscalls_sam3.c.o)
                0x00083fc8                _write
 .text._exit    0x00083fec       0x10 C:\Users\Lee\AppData\Local\Temp\VMicroBuilds\WebServer\arduino_due_x_dbg/core.a(syscalls_sam3.c.o)
                0x00083fec                _exit
 .text._kill    0x00083ffc        0x2 C:\Users\Lee\AppData\Local\Temp\VMicroBuilds\WebServer\arduino_due_x_dbg/core.a(syscalls_sam3.c.o)
                0x00083ffc                _kill
 .text._getpid  0x00083ffe        0x6 C:\Users\Lee\AppData\Local\Temp\VMicroBuilds\WebServer\arduino_due_x_dbg/core.a(syscalls_sam3.c.o)
                0x00083ffe                _getpid
 .text.millis   0x00084004        0x4 C:\Users\Lee\AppData\Local\Temp\VMicroBuilds\WebServer\arduino_due_x_dbg/core.a(wiring.c.o)
                0x00084004                millis
 .text.delay    0x00084008       0x1c C:\Users\Lee\AppData\Local\Temp\VMicroBuilds\WebServer\arduino_due_x_dbg/core.a(wiring.c.o)
                0x00084008                delay
 .text.pinMode  0x00084024      0x108 C:\Users\Lee\AppData\Local\Temp\VMicroBuilds\WebServer\arduino_due_x_dbg/core.a(wiring_digital.c.o)
                0x00084024                pinMode
 .text.digitalWrite
                0x0008412c       0x70 C:\Users\Lee\AppData\Local\Temp\VMicroBuilds\WebServer\arduino_due_x_dbg/core.a(wiring_digital.c.o)
                0x0008412c                digitalWrite
 .text._ZNK9IPAddress7printToER5Print
                0x0008419c       0x3c C:\Users\Lee\AppData\Local\Temp\VMicroBuilds\WebServer\arduino_due_x_dbg/core.a(IPAddress.cpp.o)
                0x0008419c                IPAddress::printTo(Print&) const
 .text._ZN9IPAddressC2Ev
                0x000841d8       0x10 C:\Users\Lee\AppData\Local\Temp\VMicroBuilds\WebServer\arduino_due_x_dbg/core.a(IPAddress.cpp.o)
                0x000841d8                IPAddress::IPAddress()
                0x000841d8                IPAddress::IPAddress()
 .text._ZN9IPAddressC2Ehhhh
                0x000841e8       0x18 C:\Users\Lee\AppData\Local\Temp\VMicroBuilds\WebServer\arduino_due_x_dbg/core.a(IPAddress.cpp.o)
                0x000841e8                IPAddress::IPAddress(unsigned char, unsigned char, unsigned char, unsigned char)
                0x000841e8                IPAddress::IPAddress(unsigned char, unsigned char, unsigned char, unsigned char)
 .text._ZN9IPAddressC2EPKh
                0x00084200       0x10 C:\Users\Lee\AppData\Local\Temp\VMicroBuilds\WebServer\arduino_due_x_dbg/core.a(IPAddress.cpp.o)
                0x00084200                IPAddress::IPAddress(unsigned char const*)
                0x00084200                IPAddress::IPAddress(unsigned char const*)
 .text._ZN9IPAddressaSEPKh
                0x00084210        0x6 C:\Users\Lee\AppData\Local\Temp\VMicroBuilds\WebServer\arduino_due_x_dbg/core.a(IPAddress.cpp.o)
                0x00084210                IPAddress::operator=(unsigned char const*)
 *fill*         0x00084216        0x2 
 .text.startup._GLOBAL__sub_I__ZN9IPAddressC2Ev
                0x00084218       0x1c C:\Users\Lee\AppData\Local\Temp\VMicroBuilds\WebServer\arduino_due_x_dbg/core.a(IPAddress.cpp.o)
 .text.initVariant
                0x00084234        0x2 C:\Users\Lee\AppData\Local\Temp\VMicroBuilds\WebServer\arduino_due_x_dbg/core.a(main.cpp.o)
                0x00084234                initVariant
 *fill*         0x00084236        0x2 
 .text.startup.main
                0x00084238       0x38 C:\Users\Lee\AppData\Local\Temp\VMicroBuilds\WebServer\arduino_due_x_dbg/core.a(main.cpp.o)
                0x00084238                main
 .text._ZdaPv   0x00084270        0x4 C:\Users\Lee\AppData\Local\Temp\VMicroBuilds\WebServer\arduino_due_x_dbg/core.a(new.cpp.o)
                0x00084270                operator delete[](void*)
 .text._ZN5Print5writeEPKhj
                0x00084274       0x22 C:\Users\Lee\AppData\Local\Temp\VMicroBuilds\WebServer\arduino_due_x_dbg/core.a(Print.cpp.o)
                0x00084274                Print::write(unsigned char const*, unsigned int)
 .text._ZN5Print5printEmi.part.3
                0x00084296        0xc C:\Users\Lee\AppData\Local\Temp\VMicroBuilds\WebServer\arduino_due_x_dbg/core.a(Print.cpp.o)
 .text._ZN5Print5writeEPKc
                0x000842a2       0x1e C:\Users\Lee\AppData\Local\Temp\VMicroBuilds\WebServer\arduino_due_x_dbg/core.a(Print.cpp.o)
                0x000842a2                Print::write(char const*)
 .text._ZN5Print5printERK6String
                0x000842c0       0x10 C:\Users\Lee\AppData\Local\Temp\VMicroBuilds\WebServer\arduino_due_x_dbg/core.a(Print.cpp.o)
                0x000842c0                Print::print(String const&)
 .text._ZN5Print5printEPKc
                0x000842d0        0x8 C:\Users\Lee\AppData\Local\Temp\VMicroBuilds\WebServer\arduino_due_x_dbg/core.a(Print.cpp.o)
                0x000842d0                Print::print(char const*)
 .text._ZN5Print5printEc
                0x000842d8        0xa C:\Users\Lee\AppData\Local\Temp\VMicroBuilds\WebServer\arduino_due_x_dbg/core.a(Print.cpp.o)
                0x000842d8                Print::print(char)
 .text._ZN5Print5printERK9Printable
                0x000842e2       0x10 C:\Users\Lee\AppData\Local\Temp\VMicroBuilds\WebServer\arduino_due_x_dbg/core.a(Print.cpp.o)
                0x000842e2                Print::print(Printable const&)
 *fill*         0x000842f2        0x2 
 .text._ZN5Print7printlnEv
                0x000842f4       0x10 C:\Users\Lee\AppData\Local\Temp\VMicroBuilds\WebServer\arduino_due_x_dbg/core.a(Print.cpp.o)
                0x000842f4                Print::println()
 .text._ZN5Print7printlnERK6String
                0x00084304       0x14 C:\Users\Lee\AppData\Local\Temp\VMicroBuilds\WebServer\arduino_due_x_dbg/core.a(Print.cpp.o)
                0x00084304                Print::println(String const&)
 .text._ZN5Print7printlnEPKc
                0x00084318       0x14 C:\Users\Lee\AppData\Local\Temp\VMicroBuilds\WebServer\arduino_due_x_dbg/core.a(Print.cpp.o)
                0x00084318                Print::println(char const*)
 .text._ZN5Print7printlnERK9Printable
                0x0008432c       0x14 C:\Users\Lee\AppData\Local\Temp\VMicroBuilds\WebServer\arduino_due_x_dbg/core.a(Print.cpp.o)
                0x0008432c                Print::println(Printable const&)
 .text._ZN5Print11printNumberEmh
                0x00084340       0x3e C:\Users\Lee\AppData\Local\Temp\VMicroBuilds\WebServer\arduino_due_x_dbg/core.a(Print.cpp.o)
                0x00084340                Print::printNumber(unsigned long, unsigned char)
 .text._ZN5Print5printEmi
                0x0008437e        0xc C:\Users\Lee\AppData\Local\Temp\VMicroBuilds\WebServer\arduino_due_x_dbg/core.a(Print.cpp.o)
                0x0008437e                Print::print(unsigned long, int)
 .text._ZN5Print5printEhi
                0x0008438a        0x4 C:\Users\Lee\AppData\Local\Temp\VMicroBuilds\WebServer\arduino_due_x_dbg/core.a(Print.cpp.o)
                0x0008438a                Print::print(unsigned char, int)
 *fill*         0x0008438e        0x2 
 .text.initiateReset
                0x00084390        0xc C:\Users\Lee\AppData\Local\Temp\VMicroBuilds\WebServer\arduino_due_x_dbg/core.a(Reset.cpp.o)
                0x00084390                initiateReset
 .text.cancelReset
                0x0008439c       0x10 C:\Users\Lee\AppData\Local\Temp\VMicroBuilds\WebServer\arduino_due_x_dbg/core.a(Reset.cpp.o)
                0x0008439c                cancelReset
 .text.tickReset
                0x000843ac       0x20 C:\Users\Lee\AppData\Local\Temp\VMicroBuilds\WebServer\arduino_due_x_dbg/core.a(Reset.cpp.o)
                0x000843ac                tickReset
 .text._ZN6Stream9timedReadEv
                0x000843cc       0x2a C:\Users\Lee\AppData\Local\Temp\VMicroBuilds\WebServer\arduino_due_x_dbg/core.a(Stream.cpp.o)
                0x000843cc                Stream::timedRead()
 .text._ZN6Stream9readBytesEPcj
                0x000843f6       0x22 C:\Users\Lee\AppData\Local\Temp\VMicroBuilds\WebServer\arduino_due_x_dbg/core.a(Stream.cpp.o)
                0x000843f6                Stream::readBytes(char*, unsigned int)
 .text._ZN9UARTClasscvbEv
                0x00084418        0x4 C:\Users\Lee\AppData\Local\Temp\VMicroBuilds\WebServer\arduino_due_x_dbg/core.a(UARTClass.cpp.o)
                0x00084418                UARTClass::operator bool()
 .text._ZN9UARTClass9availableEv
                0x0008441c       0x12 C:\Users\Lee\AppData\Local\Temp\VMicroBuilds\WebServer\arduino_due_x_dbg/core.a(UARTClass.cpp.o)
                0x0008441c                UARTClass::available()
 .text._ZN9UARTClass4peekEv
                0x0008442e       0x1c C:\Users\Lee\AppData\Local\Temp\VMicroBuilds\WebServer\arduino_due_x_dbg/core.a(UARTClass.cpp.o)
                0x0008442e                UARTClass::peek()
 .text._ZN9UARTClass4readEv
                0x0008444a       0x2a C:\Users\Lee\AppData\Local\Temp\VMicroBuilds\WebServer\arduino_due_x_dbg/core.a(UARTClass.cpp.o)
                0x0008444a                UARTClass::read()
 .text._ZN9UARTClass5flushEv
                0x00084474       0x18 C:\Users\Lee\AppData\Local\Temp\VMicroBuilds\WebServer\arduino_due_x_dbg/core.a(UARTClass.cpp.o)
                0x00084474                UARTClass::flush()
 .text._ZN9UARTClass5writeEh
                0x0008448c       0x54 C:\Users\Lee\AppData\Local\Temp\VMicroBuilds\WebServer\arduino_due_x_dbg/core.a(UARTClass.cpp.o)
                0x0008448c                UARTClass::write(unsigned char)
 .text._ZN9UARTClass3endEv
                0x000844e0       0x3c C:\Users\Lee\AppData\Local\Temp\VMicroBuilds\WebServer\arduino_due_x_dbg/core.a(UARTClass.cpp.o)
                0x000844e0                UARTClass::end()
 .text._ZN9UARTClassC2EP4Uart4IRQnmP10RingBufferS4_
                0x0008451c       0x24 C:\Users\Lee\AppData\Local\Temp\VMicroBuilds\WebServer\arduino_due_x_dbg/core.a(UARTClass.cpp.o)
                0x0008451c                UARTClass::UARTClass(Uart*, IRQn, unsigned long, RingBuffer*, RingBuffer*)
                0x0008451c                UARTClass::UARTClass(Uart*, IRQn, unsigned long, RingBuffer*, RingBuffer*)
 .text._ZN9UARTClass4initEmm
                0x00084540       0x70 C:\Users\Lee\AppData\Local\Temp\VMicroBuilds\WebServer\arduino_due_x_dbg/core.a(UARTClass.cpp.o)
                0x00084540                UARTClass::init(unsigned long, unsigned long)
 .text._ZN9UARTClass5beginEm
                0x000845b0        0x8 C:\Users\Lee\AppData\Local\Temp\VMicroBuilds\WebServer\arduino_due_x_dbg/core.a(UARTClass.cpp.o)
                0x000845b0                UARTClass::begin(unsigned long)
 .text._ZN9UARTClass10IrqHandlerEv
                0x000845b8       0x5a C:\Users\Lee\AppData\Local\Temp\VMicroBuilds\WebServer\arduino_due_x_dbg/core.a(UARTClass.cpp.o)
                0x000845b8                UARTClass::IrqHandler()
 *fill*         0x00084612        0x2 
 .text._watchdogDefaultSetup
                0x00084614        0xc C:\Users\Lee\AppData\Local\Temp\VMicroBuilds\WebServer\arduino_due_x_dbg/core.a(watchdog.cpp.o)
                0x00084614                _watchdogDefaultSetup
                0x00084614                watchdogSetup()
 .text._Z6randoml
                0x00084620       0x16 C:\Users\Lee\AppData\Local\Temp\VMicroBuilds\WebServer\arduino_due_x_dbg/core.a(WMath.cpp.o)
                0x00084620                random(long)
 .text._Z6randomll
                0x00084636       0x14 C:\Users\Lee\AppData\Local\Temp\VMicroBuilds\WebServer\arduino_due_x_dbg/core.a(WMath.cpp.o)
                0x00084636                random(long, long)
 .text._Z8makeWordhh
                0x0008464a        0x6 C:\Users\Lee\AppData\Local\Temp\VMicroBuilds\WebServer\arduino_due_x_dbg/core.a(WMath.cpp.o)
                0x0008464a                makeWord(unsigned char, unsigned char)
 .text._ZNK6String14StringIfHelperEv
                0x00084650        0x2 C:\Users\Lee\AppData\Local\Temp\VMicroBuilds\WebServer\arduino_due_x_dbg/core.a(WString.cpp.o)
                0x00084650                String::StringIfHelper() const
 .text._ZN6StringD2Ev
                0x00084652        0xe C:\Users\Lee\AppData\Local\Temp\VMicroBuilds\WebServer\arduino_due_x_dbg/core.a(WString.cpp.o)
                0x00084652                String::~String()
                0x00084652                String::~String()
 .text._ZN6String10invalidateEv
                0x00084660       0x16 C:\Users\Lee\AppData\Local\Temp\VMicroBuilds\WebServer\arduino_due_x_dbg/core.a(WString.cpp.o)
                0x00084660                String::invalidate()
 .text._ZN6String12changeBufferEj
                0x00084676       0x18 C:\Users\Lee\AppData\Local\Temp\VMicroBuilds\WebServer\arduino_due_x_dbg/core.a(WString.cpp.o)
                0x00084676                String::changeBuffer(unsigned int)
 .text._ZN6String7reserveEj
                0x0008468e       0x22 C:\Users\Lee\AppData\Local\Temp\VMicroBuilds\WebServer\arduino_due_x_dbg/core.a(WString.cpp.o)
                0x0008468e                String::reserve(unsigned int)
 .text._ZN6String4copyEPKcj
                0x000846b0       0x26 C:\Users\Lee\AppData\Local\Temp\VMicroBuilds\WebServer\arduino_due_x_dbg/core.a(WString.cpp.o)
                0x000846b0                String::copy(char const*, unsigned int)
 .text._ZN6StringC2EPKc
                0x000846d6       0x24 C:\Users\Lee\AppData\Local\Temp\VMicroBuilds\WebServer\arduino_due_x_dbg/core.a(WString.cpp.o)
                0x000846d6                String::String(char const*)
                0x000846d6                String::String(char const*)
 *fill*         0x000846fa        0x2 
 .text._ZN6String4moveERS_
                0x000846fc       0x44 C:\Users\Lee\AppData\Local\Temp\VMicroBuilds\WebServer\arduino_due_x_dbg/core.a(WString.cpp.o)
                0x000846fc                String::move(String&)
 .text._ZN6StringaSERKS_
                0x00084740       0x1e C:\Users\Lee\AppData\Local\Temp\VMicroBuilds\WebServer\arduino_due_x_dbg/core.a(WString.cpp.o)
                0x00084740                String::operator=(String const&)
 .text._ZN6StringC2ERKS_
                0x0008475e       0x14 C:\Users\Lee\AppData\Local\Temp\VMicroBuilds\WebServer\arduino_due_x_dbg/core.a(WString.cpp.o)
                0x0008475e                String::String(String const&)
                0x0008475e                String::String(String const&)
 .text._ZN6StringaSEOS_
                0x00084772       0x10 C:\Users\Lee\AppData\Local\Temp\VMicroBuilds\WebServer\arduino_due_x_dbg/core.a(WString.cpp.o)
                0x00084772                String::operator=(String&&)
 .text._ZN6StringaSEPKc
                0x00084782       0x22 C:\Users\Lee\AppData\Local\Temp\VMicroBuilds\WebServer\arduino_due_x_dbg/core.a(WString.cpp.o)
                0x00084782                String::operator=(char const*)
 .text._ZN6StringC2Ehh
                0x000847a4       0x22 C:\Users\Lee\AppData\Local\Temp\VMicroBuilds\WebServer\arduino_due_x_dbg/core.a(WString.cpp.o)
                0x000847a4                String::String(unsigned char, unsigned char)
                0x000847a4                String::String(unsigned char, unsigned char)
 .text._ZN6StringC2Eih
                0x000847c6       0x24 C:\Users\Lee\AppData\Local\Temp\VMicroBuilds\WebServer\arduino_due_x_dbg/core.a(WString.cpp.o)
                0x000847c6                String::String(int, unsigned char)
                0x000847c6                String::String(int, unsigned char)
 .text._ZN6StringC2Emh
                0x000847ea       0x24 C:\Users\Lee\AppData\Local\Temp\VMicroBuilds\WebServer\arduino_due_x_dbg/core.a(WString.cpp.o)
                0x000847ea                String::String(unsigned long, unsigned char)
                0x000847ea                String::String(unsigned long, unsigned char)
 .text._ZN6String6concatEPKcj
                0x0008480e       0x2e C:\Users\Lee\AppData\Local\Temp\VMicroBuilds\WebServer\arduino_due_x_dbg/core.a(WString.cpp.o)
                0x0008480e                String::concat(char const*, unsigned int)
 .text._ZN6String6concatEc
                0x0008483c       0x1a C:\Users\Lee\AppData\Local\Temp\VMicroBuilds\WebServer\arduino_due_x_dbg/core.a(WString.cpp.o)
                0x0008483c                String::concat(char)
 .text._ZNK6String7indexOfEcj
                0x00084856       0x1c C:\Users\Lee\AppData\Local\Temp\VMicroBuilds\WebServer\arduino_due_x_dbg/core.a(WString.cpp.o)
                0x00084856                String::indexOf(char, unsigned int) const
 .text._ZNK6String7indexOfEc
                0x00084872        0x6 C:\Users\Lee\AppData\Local\Temp\VMicroBuilds\WebServer\arduino_due_x_dbg/core.a(WString.cpp.o)
                0x00084872                String::indexOf(char) const
 .text._ZNK6String7indexOfERKS_j
                0x00084878       0x1e C:\Users\Lee\AppData\Local\Temp\VMicroBuilds\WebServer\arduino_due_x_dbg/core.a(WString.cpp.o)
                0x00084878                String::indexOf(String const&, unsigned int) const
 .text._ZNK6String7indexOfERKS_
                0x00084896        0x6 C:\Users\Lee\AppData\Local\Temp\VMicroBuilds\WebServer\arduino_due_x_dbg/core.a(WString.cpp.o)
                0x00084896                String::indexOf(String const&) const
 .text._ZNK6String11lastIndexOfEcj
                0x0008489c       0x2e C:\Users\Lee\AppData\Local\Temp\VMicroBuilds\WebServer\arduino_due_x_dbg/core.a(WString.cpp.o)
                0x0008489c                String::lastIndexOf(char, unsigned int) const
 .text._ZNK6String11lastIndexOfEc
                0x000848ca        0x8 C:\Users\Lee\AppData\Local\Temp\VMicroBuilds\WebServer\arduino_due_x_dbg/core.a(WString.cpp.o)
                0x000848ca                String::lastIndexOf(char) const
 *fill*         0x000848d2        0x2 
 .text._ZNK6String9substringEjj
                0x000848d4       0x4c C:\Users\Lee\AppData\Local\Temp\VMicroBuilds\WebServer\arduino_due_x_dbg/core.a(WString.cpp.o)
                0x000848d4                String::substring(unsigned int, unsigned int) const
 .text.unlikely._ZL11USB_SendZlpv
                0x00084920       0x20 C:\Users\Lee\AppData\Local\Temp\VMicroBuilds\WebServer\arduino_due_x_dbg/core.a(USBCore.cpp.o)
 .text._Z14USBD_Availablem
                0x00084940       0x2c C:\Users\Lee\AppData\Local\Temp\VMicroBuilds\WebServer\arduino_due_x_dbg/core.a(USBCore.cpp.o)
                0x00084940                USBD_Available(unsigned long)
 .text._Z9USBD_RecvmPvm
                0x0008496c       0x7c C:\Users\Lee\AppData\Local\Temp\VMicroBuilds\WebServer\arduino_due_x_dbg/core.a(USBCore.cpp.o)
                0x0008496c                USBD_Recv(unsigned long, void*, unsigned long)
 .text._Z9USBD_Recvm
                0x000849e8       0x22 C:\Users\Lee\AppData\Local\Temp\VMicroBuilds\WebServer\arduino_due_x_dbg/core.a(USBCore.cpp.o)
                0x000849e8                USBD_Recv(unsigned long)
 *fill*         0x00084a0a        0x2 
 .text._Z9USBD_SendmPKvm
                0x00084a0c       0x4c C:\Users\Lee\AppData\Local\Temp\VMicroBuilds\WebServer\arduino_due_x_dbg/core.a(USBCore.cpp.o)
                0x00084a0c                USBD_Send(unsigned long, void const*, unsigned long)
 .text._Z16USBD_SendControlhPKvm
                0x00084a58       0x40 C:\Users\Lee\AppData\Local\Temp\VMicroBuilds\WebServer\arduino_due_x_dbg/core.a(USBCore.cpp.o)
                0x00084a58                USBD_SendControl(unsigned char, void const*, unsigned long)
 .text.unlikely._ZL24USB_SendStringDescriptorPKhi
                0x00084a98       0x64 C:\Users\Lee\AppData\Local\Temp\VMicroBuilds\WebServer\arduino_due_x_dbg/core.a(USBCore.cpp.o)
 .text._Z16USBD_RecvControlPvm
                0x00084afc       0x1c C:\Users\Lee\AppData\Local\Temp\VMicroBuilds\WebServer\arduino_due_x_dbg/core.a(USBCore.cpp.o)
                0x00084afc                USBD_RecvControl(void*, unsigned long)
 .text._Z26USBD_ClassInterfaceRequestR8USBSetup
                0x00084b18       0x1e C:\Users\Lee\AppData\Local\Temp\VMicroBuilds\WebServer\arduino_due_x_dbg/core.a(USBCore.cpp.o)
                0x00084b18                USBD_ClassInterfaceRequest(USBSetup&)
 .text._Z19USBD_SendInterfacesv
                0x00084b36       0x22 C:\Users\Lee\AppData\Local\Temp\VMicroBuilds\WebServer\arduino_due_x_dbg/core.a(USBCore.cpp.o)
                0x00084b36                USBD_SendInterfaces()
 .text._Z24USBD_SendOtherInterfacesv
                0x00084b58       0x22 C:\Users\Lee\AppData\Local\Temp\VMicroBuilds\WebServer\arduino_due_x_dbg/core.a(USBCore.cpp.o)
                0x00084b58                USBD_SendOtherInterfaces()
 .text._Z10USBD_Flushm
                0x00084b7a       0x16 C:\Users\Lee\AppData\Local\Temp\VMicroBuilds\WebServer\arduino_due_x_dbg/core.a(USBCore.cpp.o)
                0x00084b7a                USBD_Flush(unsigned long)
 .text._ZN10USBDevice_C2Ev
                0x00084b90       0x24 C:\Users\Lee\AppData\Local\Temp\VMicroBuilds\WebServer\arduino_due_x_dbg/core.a(USBCore.cpp.o)
                0x00084b90                USBDevice_::USBDevice_()
                0x00084b90                USBDevice_::USBDevice_()
 .text._ZN10USBDevice_6attachEv
                0x00084bb4       0x20 C:\Users\Lee\AppData\Local\Temp\VMicroBuilds\WebServer\arduino_due_x_dbg/core.a(USBCore.cpp.o)
                0x00084bb4                USBDevice_::attach()
 .text.startup._GLOBAL__sub_I_EndPoints
                0x00084bd4        0xc C:\Users\Lee\AppData\Local\Temp\VMicroBuilds\WebServer\arduino_due_x_dbg/core.a(USBCore.cpp.o)
 .text._ZL7USB_ISRv
                0x00084be0      0x454 C:\Users\Lee\AppData\Local\Temp\VMicroBuilds\WebServer\arduino_due_x_dbg/core.a(USBCore.cpp.o)
 .text._Z11serialEventv
                0x00085034        0x2 C:\Users\Lee\AppData\Local\Temp\VMicroBuilds\WebServer\arduino_due_x_dbg/core.a(variant.cpp.o)
                0x00085034                serialEvent()
 *fill*         0x00085036        0x2 
 .text.UART_Handler
                0x00085038        0xc C:\Users\Lee\AppData\Local\Temp\VMicroBuilds\WebServer\arduino_due_x_dbg/core.a(variant.cpp.o)
                0x00085038                UART_Handler
 .text._Z12serialEvent1v
                0x00085044        0x2 C:\Users\Lee\AppData\Local\Temp\VMicroBuilds\WebServer\arduino_due_x_dbg/core.a(variant.cpp.o)
                0x00085044                serialEvent1()
 .text._Z12serialEvent2v
                0x00085046        0x2 C:\Users\Lee\AppData\Local\Temp\VMicroBuilds\WebServer\arduino_due_x_dbg/core.a(variant.cpp.o)
                0x00085046                serialEvent2()
 .text._Z12serialEvent3v
                0x00085048        0x2 C:\Users\Lee\AppData\Local\Temp\VMicroBuilds\WebServer\arduino_due_x_dbg/core.a(variant.cpp.o)
                0x00085048                serialEvent3()
 *fill*         0x0008504a        0x2 
 .text.USART0_Handler
                0x0008504c        0xc C:\Users\Lee\AppData\Local\Temp\VMicroBuilds\WebServer\arduino_due_x_dbg/core.a(variant.cpp.o)
                0x0008504c                USART0_Handler
 .text.USART1_Handler
                0x00085058        0xc C:\Users\Lee\AppData\Local\Temp\VMicroBuilds\WebServer\arduino_due_x_dbg/core.a(variant.cpp.o)
                0x00085058                USART1_Handler
 .text.USART3_Handler
                0x00085064        0xc C:\Users\Lee\AppData\Local\Temp\VMicroBuilds\WebServer\arduino_due_x_dbg/core.a(variant.cpp.o)
                0x00085064                USART3_Handler
 .text.init     0x00085070      0x128 C:\Users\Lee\AppData\Local\Temp\VMicroBuilds\WebServer\arduino_due_x_dbg/core.a(variant.cpp.o)
                0x00085070                init
 .text.startup._GLOBAL__sub_I_g_APinDescription
                0x00085198       0xd4 C:\Users\Lee\AppData\Local\Temp\VMicroBuilds\WebServer\arduino_due_x_dbg/core.a(variant.cpp.o)
 .text._Z14serialEventRunv
                0x0008526c       0x44 C:\Users\Lee\AppData\Local\Temp\VMicroBuilds\WebServer\arduino_due_x_dbg/core.a(variant.cpp.o)
                0x0008526c                serialEventRun()
 .text.ltoa     0x000852b0       0x6e C:\Users\Lee\AppData\Local\Temp\VMicroBuilds\WebServer\arduino_due_x_dbg/core.a(itoa.c.o)
                0x000852b0                ltoa
 .text.itoa     0x0008531e        0x4 C:\Users\Lee\AppData\Local\Temp\VMicroBuilds\WebServer\arduino_due_x_dbg/core.a(itoa.c.o)
                0x0008531e                itoa
 .text.ultoa    0x00085322       0x52 C:\Users\Lee\AppData\Local\Temp\VMicroBuilds\WebServer\arduino_due_x_dbg/core.a(itoa.c.o)
                0x00085322                ultoa
 .text.utoa     0x00085374        0x4 C:\Users\Lee\AppData\Local\Temp\VMicroBuilds\WebServer\arduino_due_x_dbg/core.a(itoa.c.o)
                0x00085374                utoa
 .text.analogOutputInit
                0x00085378        0x2 C:\Users\Lee\AppData\Local\Temp\VMicroBuilds\WebServer\arduino_due_x_dbg/core.a(wiring_analog.c.o)
                0x00085378                analogOutputInit
 .text._ZN10RingBufferC2Ev
                0x0008537a       0x1a C:\Users\Lee\AppData\Local\Temp\VMicroBuilds\WebServer\arduino_due_x_dbg/core.a(RingBuffer.cpp.o)
                0x0008537a                RingBuffer::RingBuffer()
                0x0008537a                RingBuffer::RingBuffer()
 .text._ZN10RingBuffer10store_charEh
                0x00085394       0x1e C:\Users\Lee\AppData\Local\Temp\VMicroBuilds\WebServer\arduino_due_x_dbg/core.a(RingBuffer.cpp.o)
                0x00085394                RingBuffer::store_char(unsigned char)
 .text._ZN10USARTClass5beginEm
                0x000853b2        0x8 C:\Users\Lee\AppData\Local\Temp\VMicroBuilds\WebServer\arduino_due_x_dbg/core.a(USARTClass.cpp.o)
                0x000853b2                USARTClass::begin(unsigned long)
 *fill*         0x000853ba        0x2 
 .text._ZN10USARTClassC2EP5Usart4IRQnmP10RingBufferS4_
                0x000853bc       0x24 C:\Users\Lee\AppData\Local\Temp\VMicroBuilds\WebServer\arduino_due_x_dbg/core.a(USARTClass.cpp.o)
                0x000853bc                USARTClass::USARTClass(Usart*, IRQn, unsigned long, RingBuffer*, RingBuffer*)
                0x000853bc                USARTClass::USARTClass(Usart*, IRQn, unsigned long, RingBuffer*, RingBuffer*)
 .text._ZN7Serial_9availableEv
                0x000853e0       0x18 C:\Users\Lee\AppData\Local\Temp\VMicroBuilds\WebServer\arduino_due_x_dbg/core.a(CDC.cpp.o)
                0x000853e0                Serial_::available()
 .text._ZN7Serial_17availableForWriteEv
                0x000853f8        0x6 C:\Users\Lee\AppData\Local\Temp\VMicroBuilds\WebServer\arduino_due_x_dbg/core.a(CDC.cpp.o)
                0x000853f8                Serial_::availableForWrite()
 *fill*         0x000853fe        0x2 
 .text._ZN7Serial_4peekEv
                0x00085400       0x20 C:\Users\Lee\AppData\Local\Temp\VMicroBuilds\WebServer\arduino_due_x_dbg/core.a(CDC.cpp.o)
                0x00085400                Serial_::peek()
 .text._ZN7Serial_5writeEh
                0x00085420       0x16 C:\Users\Lee\AppData\Local\Temp\VMicroBuilds\WebServer\arduino_due_x_dbg/core.a(CDC.cpp.o)
                0x00085420                Serial_::write(unsigned char)
 *fill*         0x00085436        0x2 
 .text._ZN7Serial_4readEv
                0x00085438       0x44 C:\Users\Lee\AppData\Local\Temp\VMicroBuilds\WebServer\arduino_due_x_dbg/core.a(CDC.cpp.o)
                0x00085438                Serial_::read()
 .text._ZN7Serial_5flushEv
                0x0008547c        0x6 C:\Users\Lee\AppData\Local\Temp\VMicroBuilds\WebServer\arduino_due_x_dbg/core.a(CDC.cpp.o)
                0x0008547c                Serial_::flush()
 *fill*         0x00085482        0x2 
 .text._ZN7Serial_6acceptEv
                0x00085484       0x70 C:\Users\Lee\AppData\Local\Temp\VMicroBuilds\WebServer\arduino_due_x_dbg/core.a(CDC.cpp.o)
                0x00085484                Serial_::accept()
 .text._ZN7Serial_5writeEPKhj
                0x000854f4       0x2c C:\Users\Lee\AppData\Local\Temp\VMicroBuilds\WebServer\arduino_due_x_dbg/core.a(CDC.cpp.o)
                0x000854f4                Serial_::write(unsigned char const*, unsigned int)
 .text._Z16CDC_GetInterfacePh
                0x00085520       0x14 C:\Users\Lee\AppData\Local\Temp\VMicroBuilds\WebServer\arduino_due_x_dbg/core.a(CDC.cpp.o)
                0x00085520                CDC_GetInterface(unsigned char*)
 .text._Z21CDC_GetOtherInterfacePh
                0x00085534       0x14 C:\Users\Lee\AppData\Local\Temp\VMicroBuilds\WebServer\arduino_due_x_dbg/core.a(CDC.cpp.o)
                0x00085534                CDC_GetOtherInterface(unsigned char*)
 .text._Z9CDC_SetupR8USBSetup
                0x00085548       0x78 C:\Users\Lee\AppData\Local\Temp\VMicroBuilds\WebServer\arduino_due_x_dbg/core.a(CDC.cpp.o)
                0x00085548                CDC_Setup(USBSetup&)
 .text.startup._GLOBAL__sub_I_cdc_rx_buffer
                0x000855c0       0x1c C:\Users\Lee\AppData\Local\Temp\VMicroBuilds\WebServer\arduino_due_x_dbg/core.a(CDC.cpp.o)
 .text._ZN13PluggableUSB_12getInterfaceEPh
                0x000855dc       0x28 C:\Users\Lee\AppData\Local\Temp\VMicroBuilds\WebServer\arduino_due_x_dbg/core.a(PluggableUSB.cpp.o)
                0x000855dc                PluggableUSB_::getInterface(unsigned char*)
 .text._ZN13PluggableUSB_13getDescriptorER8USBSetup
                0x00085604       0x1c C:\Users\Lee\AppData\Local\Temp\VMicroBuilds\WebServer\arduino_due_x_dbg/core.a(PluggableUSB.cpp.o)
                0x00085604                PluggableUSB_::getDescriptor(USBSetup&)
 .text._ZN13PluggableUSB_12getShortNameEPc
                0x00085620       0x1c C:\Users\Lee\AppData\Local\Temp\VMicroBuilds\WebServer\arduino_due_x_dbg/core.a(PluggableUSB.cpp.o)
                0x00085620                PluggableUSB_::getShortName(char*)
 .text._ZN13PluggableUSB_5setupER8USBSetup
                0x0008563c       0x20 C:\Users\Lee\AppData\Local\Temp\VMicroBuilds\WebServer\arduino_due_x_dbg/core.a(PluggableUSB.cpp.o)
                0x0008563c                PluggableUSB_::setup(USBSetup&)
 .text._Z12PluggableUSBv
                0x0008565c       0x28 C:\Users\Lee\AppData\Local\Temp\VMicroBuilds\WebServer\arduino_due_x_dbg/core.a(PluggableUSB.cpp.o)
                0x0008565c                PluggableUSB()
 .text.TimeTick_Increment
                0x00085684       0x10 C:\Users\Lee\AppData\Local\arduino15\packages\arduino\hardware\sam\1.6.9\variants\arduino_due_x/libsam_sam3x8e_gcc_rel.a(timetick.o)
                0x00085684                TimeTick_Increment
 .text.GetTickCount
                0x00085694        0xc C:\Users\Lee\AppData\Local\arduino15\packages\arduino\hardware\sam\1.6.9\variants\arduino_due_x/libsam_sam3x8e_gcc_rel.a(timetick.o)
                0x00085694                GetTickCount
 .text.WDT_Disable
                0x000856a0        0x8 C:\Users\Lee\AppData\Local\arduino15\packages\arduino\hardware\sam\1.6.9\variants\arduino_due_x/libsam_sam3x8e_gcc_rel.a(wdt.o)
                0x000856a0                WDT_Disable
 .text.SystemInit
                0x000856a8       0x88 C:\Users\Lee\AppData\Local\arduino15\packages\arduino\hardware\sam\1.6.9\variants\arduino_due_x/libsam_sam3x8e_gcc_rel.a(system_sam3xa.o)
                0x000856a8                SystemInit
 .text.adc_init
                0x00085730       0x98 C:\Users\Lee\AppData\Local\arduino15\packages\arduino\hardware\sam\1.6.9\variants\arduino_due_x/libsam_sam3x8e_gcc_rel.a(adc.o)
                0x00085730                adc_init
 .text.adc_configure_trigger
                0x000857c8        0xe C:\Users\Lee\AppData\Local\arduino15\packages\arduino\hardware\sam\1.6.9\variants\arduino_due_x/libsam_sam3x8e_gcc_rel.a(adc.o)
                0x000857c8                adc_configure_trigger
 .text.adc_configure_timing
                0x000857d6       0x1a C:\Users\Lee\AppData\Local\arduino15\packages\arduino\hardware\sam\1.6.9\variants\arduino_due_x/libsam_sam3x8e_gcc_rel.a(adc.o)
                0x000857d6                adc_configure_timing
 .text.adc_disable_channel
                0x000857f0        0xa C:\Users\Lee\AppData\Local\arduino15\packages\arduino\hardware\sam\1.6.9\variants\arduino_due_x/libsam_sam3x8e_gcc_rel.a(adc.o)
                0x000857f0                adc_disable_channel
 .text.adc_disable_all_channel